Archive member included to satisfy reference by file (symbol)

../Middlewares/ST/AI/Lib\NetworkRuntime400_CM4_GCC.a(ai_platform_interface.o)
                              Src/network.o (ai_platform_api_get_network_report)
../Middlewares/ST/AI/Lib\NetworkRuntime400_CM4_GCC.a(core_common.o)
                              ../Middlewares/ST/AI/Lib\NetworkRuntime400_CM4_GCC.a(ai_platform_interface.o) (core_get_error)
../Middlewares/ST/AI/Lib\NetworkRuntime400_CM4_GCC.a(layers.o)
                              ../Middlewares/ST/AI/Lib\NetworkRuntime400_CM4_GCC.a(ai_platform_interface.o) (ai_check_custom_types)
../Middlewares/ST/AI/Lib\NetworkRuntime400_CM4_GCC.a(layers_conv2d_generic_float.o)
                              Src/network.o (forward_dense)
../Middlewares/ST/AI/Lib\NetworkRuntime400_CM4_GCC.a(layers_nl_generic_float.o)
                              Src/network.o (forward_relu)
../Middlewares/ST/AI/Lib\NetworkRuntime400_CM4_GCC.a(ai_datatypes_format.o)
                              ../Middlewares/ST/AI/Lib\NetworkRuntime400_CM4_GCC.a(ai_platform_interface.o) (ai_array_get_byte_size)
../Middlewares/ST/AI/Lib\NetworkRuntime400_CM4_GCC.a(ai_math_helpers.o)
                              ../Middlewares/ST/AI/Lib\NetworkRuntime400_CM4_GCC.a(layers_nl_generic_float.o) (ai_math_sqrt)
c:/programfiles/stm32cubeide_1.0.1/stm32cubeide/plugins/com.st.stm32cube.ide.mcu.externaltools.gnu-tools-for-stm32.7-2018-q2-update.win32_1.0.0.201904181610/tools/bin/../lib/gcc/arm-none-eabi/7.3.1/../../../../arm-none-eabi/lib/thumb/v7e-m/fpv4-sp/hard\libc_nano.a(lib_a-aeabi_memclr.o)
                              ../Middlewares/ST/AI/Lib\NetworkRuntime400_CM4_GCC.a(layers_conv2d_generic_float.o) (__aeabi_memclr)
c:/programfiles/stm32cubeide_1.0.1/stm32cubeide/plugins/com.st.stm32cube.ide.mcu.externaltools.gnu-tools-for-stm32.7-2018-q2-update.win32_1.0.0.201904181610/tools/bin/../lib/gcc/arm-none-eabi/7.3.1/../../../../arm-none-eabi/lib/thumb/v7e-m/fpv4-sp/hard\libc_nano.a(lib_a-aeabi_memcpy.o)
                              ../Middlewares/ST/AI/Lib\NetworkRuntime400_CM4_GCC.a(ai_platform_interface.o) (__aeabi_memcpy)
c:/programfiles/stm32cubeide_1.0.1/stm32cubeide/plugins/com.st.stm32cube.ide.mcu.externaltools.gnu-tools-for-stm32.7-2018-q2-update.win32_1.0.0.201904181610/tools/bin/../lib/gcc/arm-none-eabi/7.3.1/../../../../arm-none-eabi/lib/thumb/v7e-m/fpv4-sp/hard\libc_nano.a(lib_a-aeabi_memset-soft.o)
                              c:/programfiles/stm32cubeide_1.0.1/stm32cubeide/plugins/com.st.stm32cube.ide.mcu.externaltools.gnu-tools-for-stm32.7-2018-q2-update.win32_1.0.0.201904181610/tools/bin/../lib/gcc/arm-none-eabi/7.3.1/../../../../arm-none-eabi/lib/thumb/v7e-m/fpv4-sp/hard\libc_nano.a(lib_a-aeabi_memclr.o) (__aeabi_memset)
c:/programfiles/stm32cubeide_1.0.1/stm32cubeide/plugins/com.st.stm32cube.ide.mcu.externaltools.gnu-tools-for-stm32.7-2018-q2-update.win32_1.0.0.201904181610/tools/bin/../lib/gcc/arm-none-eabi/7.3.1/../../../../arm-none-eabi/lib/thumb/v7e-m/fpv4-sp/hard\libc_nano.a(lib_a-errno.o)
                              Src/syscalls.o (__errno)
c:/programfiles/stm32cubeide_1.0.1/stm32cubeide/plugins/com.st.stm32cube.ide.mcu.externaltools.gnu-tools-for-stm32.7-2018-q2-update.win32_1.0.0.201904181610/tools/bin/../lib/gcc/arm-none-eabi/7.3.1/../../../../arm-none-eabi/lib/thumb/v7e-m/fpv4-sp/hard\libc_nano.a(lib_a-exit.o)
                              c:/programfiles/stm32cubeide_1.0.1/stm32cubeide/plugins/com.st.stm32cube.ide.mcu.externaltools.gnu-tools-for-stm32.7-2018-q2-update.win32_1.0.0.201904181610/tools/bin/../lib/gcc/arm-none-eabi/7.3.1/../../../../arm-none-eabi/lib/thumb/v7e-m/fpv4-sp/hard/crt0.o (exit)
c:/programfiles/stm32cubeide_1.0.1/stm32cubeide/plugins/com.st.stm32cube.ide.mcu.externaltools.gnu-tools-for-stm32.7-2018-q2-update.win32_1.0.0.201904181610/tools/bin/../lib/gcc/arm-none-eabi/7.3.1/../../../../arm-none-eabi/lib/thumb/v7e-m/fpv4-sp/hard\libc_nano.a(lib_a-impure.o)
                              c:/programfiles/stm32cubeide_1.0.1/stm32cubeide/plugins/com.st.stm32cube.ide.mcu.externaltools.gnu-tools-for-stm32.7-2018-q2-update.win32_1.0.0.201904181610/tools/bin/../lib/gcc/arm-none-eabi/7.3.1/../../../../arm-none-eabi/lib/thumb/v7e-m/fpv4-sp/hard\libc_nano.a(lib_a-exit.o) (_global_impure_ptr)
c:/programfiles/stm32cubeide_1.0.1/stm32cubeide/plugins/com.st.stm32cube.ide.mcu.externaltools.gnu-tools-for-stm32.7-2018-q2-update.win32_1.0.0.201904181610/tools/bin/../lib/gcc/arm-none-eabi/7.3.1/../../../../arm-none-eabi/lib/thumb/v7e-m/fpv4-sp/hard\libc_nano.a(lib_a-init.o)
                              c:/programfiles/stm32cubeide_1.0.1/stm32cubeide/plugins/com.st.stm32cube.ide.mcu.externaltools.gnu-tools-for-stm32.7-2018-q2-update.win32_1.0.0.201904181610/tools/bin/../lib/gcc/arm-none-eabi/7.3.1/../../../../arm-none-eabi/lib/thumb/v7e-m/fpv4-sp/hard/crt0.o (__libc_init_array)
[...]
Memory Configuration

Name             Origin             Length             Attributes
FLASH            0x0000000008000000 0x0000000000080000 xr
RAM              0x0000000020000000 0x0000000000020000 xrw
*default*        0x0000000000000000 0xffffffffffffffff

Linker script and memory map

LOAD c:/programfiles/stm32cubeide_1.0.1/stm32cubeide/plugins/com.st.stm32cube.ide.mcu.externaltools.gnu-tools-for-stm32.7-2018-q2-update.win32_1.0.0.201904181610/tools/bin/../lib/gcc/arm-none-eabi/7.3.1/thumb/v7e-m/fpv4-sp/hard/crti.o
LOAD c:/programfiles/stm32cubeide_1.0.1/stm32cubeide/plugins/com.st.stm32cube.ide.mcu.externaltools.gnu-tools-for-stm32.7-2018-q2-update.win32_1.0.0.201904181610/tools/bin/../lib/gcc/arm-none-eabi/7.3.1/thumb/v7e-m/fpv4-sp/hard/crtbegin.o
LOAD c:/programfiles/stm32cubeide_1.0.1/stm32cubeide/plugins/com.st.stm32cube.ide.mcu.externaltools.gnu-tools-for-stm32.7-2018-q2-update.win32_1.0.0.201904181610/tools/bin/../lib/gcc/arm-none-eabi/7.3.1/../../../../arm-none-eabi/lib/thumb/v7e-m/fpv4-sp/hard/crt0.o
LOAD Drivers/CMSIS/DSP/Source/BasicMathFunctions/arm_dot_prod_f32.o
LOAD Drivers/CMSIS/DSP/Source/BasicMathFunctions/arm_shift_q15.o
LOAD Drivers/CMSIS/DSP/Source/BasicMathFunctions/arm_shift_q7.o
LOAD Drivers/CMSIS/DSP/Source/MatrixFunctions/arm_mat_init_f32.o
LOAD Drivers/CMSIS/DSP/Source/SupportFunctions/arm_float_to_q15.o
LOAD Drivers/CMSIS/DSP/Source/SupportFunctions/arm_float_to_q7.o
LOAD Drivers/CMSIS/DSP/Source/SupportFunctions/arm_q15_to_float.o
LOAD Drivers/CMSIS/DSP/Source/SupportFunctions/arm_q15_to_q7.o
LOAD Drivers/CMSIS/DSP/Source/SupportFunctions/arm_q7_to_float.o
LOAD Drivers/CMSIS/DSP/Source/SupportFunctions/arm_q7_to_q15.o
LOAD Drivers/STM32F4xx_HAL_Driver/Src/stm32f4xx_hal.o
LOAD Drivers/STM32F4xx_HAL_Driver/Src/stm32f4xx_hal_cortex.o
LOAD Drivers/STM32F4xx_HAL_Driver/Src/stm32f4xx_hal_crc.o
LOAD Drivers/STM32F4xx_HAL_Driver/Src/stm32f4xx_hal_dma.o
LOAD Drivers/STM32F4xx_HAL_Driver/Src/stm32f4xx_hal_dma_ex.o
LOAD Drivers/STM32F4xx_HAL_Driver/Src/stm32f4xx_hal_exti.o
LOAD Drivers/STM32F4xx_HAL_Driver/Src/stm32f4xx_hal_flash.o
LOAD Drivers/STM32F4xx_HAL_Driver/Src/stm32f4xx_hal_flash_ex.o
LOAD Drivers/STM32F4xx_HAL_Driver/Src/stm32f4xx_hal_flash_ramfunc.o
LOAD Drivers/STM32F4xx_HAL_Driver/Src/stm32f4xx_hal_gpio.o
LOAD Drivers/STM32F4xx_HAL_Driver/Src/stm32f4xx_hal_pwr.o
LOAD Drivers/STM32F4xx_HAL_Driver/Src/stm32f4xx_hal_pwr_ex.o
LOAD Drivers/STM32F4xx_HAL_Driver/Src/stm32f4xx_hal_rcc.o
LOAD Drivers/STM32F4xx_HAL_Driver/Src/stm32f4xx_hal_rcc_ex.o
LOAD Drivers/STM32F4xx_HAL_Driver/Src/stm32f4xx_hal_tim.o
LOAD Drivers/STM32F4xx_HAL_Driver/Src/stm32f4xx_hal_tim_ex.o
LOAD Drivers/STM32F4xx_HAL_Driver/Src/stm32f4xx_hal_uart.o
LOAD Src/app_x-cube-ai.o
LOAD Src/main.o
LOAD Src/network.o
LOAD Src/network_data.o
LOAD Src/stm32f4xx_hal_msp.o
LOAD Src/stm32f4xx_it.o
LOAD Src/syscalls.o
LOAD Src/sysmem.o
LOAD Src/system_stm32f4xx.o
LOAD Startup/startup_stm32f446retx.o
LOAD ../Middlewares/ST/AI/Lib\NetworkRuntime400_CM4_GCC.a
START GROUP
LOAD c:/programfiles/stm32cubeide_1.0.1/stm32cubeide/plugins/com.st.stm32cube.ide.mcu.externaltools.gnu-tools-for-stm32.7-2018-q2-update.win32_1.0.0.201904181610/tools/bin/../lib/gcc/arm-none-eabi/7.3.1/../../../../arm-none-eabi/lib/thumb/v7e-m/fpv4-sp/hard\libc_nano.a
LOAD c:/programfiles/stm32cubeide_1.0.1/stm32cubeide/plugins/com.st.stm32cube.ide.mcu.externaltools.gnu-tools-for-stm32.7-2018-q2-update.win32_1.0.0.201904181610/tools/bin/../lib/gcc/arm-none-eabi/7.3.1/../../../../arm-none-eabi/lib/thumb/v7e-m/fpv4-sp/hard\libm.a
END GROUP
START GROUP
LOAD c:/programfiles/stm32cubeide_1.0.1/stm32cubeide/plugins/com.st.stm32cube.ide.mcu.externaltools.gnu-tools-for-stm32.7-2018-q2-update.win32_1.0.0.201904181610/tools/bin/../lib/gcc/arm-none-eabi/7.3.1/thumb/v7e-m/fpv4-sp/hard\libgcc.a
LOAD c:/programfiles/stm32cubeide_1.0.1/stm32cubeide/plugins/com.st.stm32cube.ide.mcu.externaltools.gnu-tools-for-stm32.7-2018-q2-update.win32_1.0.0.201904181610/tools/bin/../lib/gcc/arm-none-eabi/7.3.1/../../../../arm-none-eabi/lib/thumb/v7e-m/fpv4-sp/hard\libc_nano.a
END GROUP
START GROUP
LOAD c:/programfiles/stm32cubeide_1.0.1/stm32cubeide/plugins/com.st.stm32cube.ide.mcu.externaltools.gnu-tools-for-stm32.7-2018-q2-update.win32_1.0.0.201904181610/tools/bin/../lib/gcc/arm-none-eabi/7.3.1/thumb/v7e-m/fpv4-sp/hard\libgcc.a
LOAD c:/programfiles/stm32cubeide_1.0.1/stm32cubeide/plugins/com.st.stm32cube.ide.mcu.externaltools.gnu-tools-for-stm32.7-2018-q2-update.win32_1.0.0.201904181610/tools/bin/../lib/gcc/arm-none-eabi/7.3.1/../../../../arm-none-eabi/lib/thumb/v7e-m/fpv4-sp/hard\libc_nano.a
LOAD c:/programfiles/stm32cubeide_1.0.1/stm32cubeide/plugins/com.st.stm32cube.ide.mcu.externaltools.gnu-tools-for-stm32.7-2018-q2-update.win32_1.0.0.201904181610/tools/bin/../lib/gcc/arm-none-eabi/7.3.1/../../../../arm-none-eabi/lib/thumb/v7e-m/fpv4-sp/hard\libnosys.a
END GROUP
START GROUP
LOAD c:/programfiles/stm32cubeide_1.0.1/stm32cubeide/plugins/com.st.stm32cube.ide.mcu.externaltools.gnu-tools-for-stm32.7-2018-q2-update.win32_1.0.0.201904181610/tools/bin/../lib/gcc/arm-none-eabi/7.3.1/thumb/v7e-m/fpv4-sp/hard\libgcc.a
LOAD c:/programfiles/stm32cubeide_1.0.1/stm32cubeide/plugins/com.st.stm32cube.ide.mcu.externaltools.gnu-tools-for-stm32.7-2018-q2-update.win32_1.0.0.201904181610/tools/bin/../lib/gcc/arm-none-eabi/7.3.1/../../../../arm-none-eabi/lib/thumb/v7e-m/fpv4-sp/hard\libc_nano.a
LOAD c:/programfiles/stm32cubeide_1.0.1/stm32cubeide/plugins/com.st.stm32cube.ide.mcu.externaltools.gnu-tools-for-stm32.7-2018-q2-update.win32_1.0.0.201904181610/tools/bin/../lib/gcc/arm-none-eabi/7.3.1/../../../../arm-none-eabi/lib/thumb/v7e-m/fpv4-sp/hard\libnosys.a
END GROUP
LOAD c:/programfiles/stm32cubeide_1.0.1/stm32cubeide/plugins/com.st.stm32cube.ide.mcu.externaltools.gnu-tools-for-stm32.7-2018-q2-update.win32_1.0.0.201904181610/tools/bin/../lib/gcc/arm-none-eabi/7.3.1/thumb/v7e-m/fpv4-sp/hard/crtend.o
LOAD c:/programfiles/stm32cubeide_1.0.1/stm32cubeide/plugins/com.st.stm32cube.ide.mcu.externaltools.gnu-tools-for-stm32.7-2018-q2-update.win32_1.0.0.201904181610/tools/bin/../lib/gcc/arm-none-eabi/7.3.1/thumb/v7e-m/fpv4-sp/hard/crtn.o
                0x0000000020020000                _estack = 0x20020000
                0x0000000000000200                _Min_Heap_Size = 0x200
                0x0000000000000400                _Min_Stack_Size = 0x400

.isr_vector     0x0000000008000000      0x1c4
                0x0000000008000000                . = ALIGN (0x4)
 *(.isr_vector)
 .isr_vector    0x0000000008000000      0x1c4 Startup/startup_stm32f446retx.o
                0x0000000008000000                g_pfnVectors
                0x00000000080001c4                . = ALIGN (0x4)

.text           0x00000000080001d0     0xa0fc
                0x00000000080001d0                . = ALIGN (0x4)
 *(.text)
 .text          0x00000000080001d0       0x40 c:/programfiles/stm32cubeide_1.0.1/stm32cubeide/plugins/com.st.stm32cube.ide.mcu.externaltools.gnu-tools-for-stm32.7-2018-q2-update.win32_1.0.0.201904181610/tools/bin/../lib/gcc/arm-none-eabi/7.3.1/thumb/v7e-m/fpv4-sp/hard/crtbegin.o
 .text          0x0000000008000210      0x86c ../Middlewares/ST/AI/Lib\NetworkRuntime400_CM4_GCC.a(ai_platform_interface.o)
                0x0000000008000590                ai_platform_runtime_get_revision
                0x00000000080005c0                ai_platform_runtime_get_version
                0x00000000080005f4                ai_platform_api_get_version
                0x0000000008000628                ai_platform_interface_api_get_version
                0x000000000800065c                ai_platform_context_acquire
                0x0000000008000698                ai_platform_context_release
                0x00000000080006a0                ai_platform_network_get_error
                0x00000000080006ec                ai_platform_network_set_error
                0x00000000080006f8                ai_platform_api_get_network_report
                0x000000000800086c                ai_platform_network_create
                0x00000000080008e4                ai_platform_network_destroy
                0x0000000008000922                ai_platform_network_init
                0x00000000080009ce                ai_platform_network_process
 .text          0x0000000008000a7c       0x24 ../Middlewares/ST/AI/Lib\NetworkRuntime400_CM4_GCC.a(core_common.o)
                0x0000000008000a7c                core_init
                0x0000000008000a80                core_get_error
                0x0000000008000a8a                core_set_error
 .text          0x0000000008000aa0      0x25c ../Middlewares/ST/AI/Lib\NetworkRuntime400_CM4_GCC.a(layers.o)
                0x0000000008000aa0                ai_layers_forward_layer
                0x0000000008000ab4                ai_check_custom_types
                0x0000000008000adc                ai_layer_type_name
                0x0000000008000bec                ai_layer_type_is_valid
                0x0000000008000c08                ai_layers_forward_all
 .text          0x0000000008000cfc     0x1734 ../Middlewares/ST/AI/Lib\NetworkRuntime400_CM4_GCC.a(layers_conv2d_generic_float.o)
                0x0000000008001390                ai_dict8_dot_array_f32
                0x0000000008001668                ai_dict4_dot_array_f32
                0x0000000008001708                ai_dict_decompress_f32
                0x00000000080017dc                forward_conv2d
                0x00000000080019f4                forward_conv2d_nl_pool
                0x0000000008001dd8                forward_dense
                0x0000000008002228                forward_gemm
                0x00000000080022d4                forward_matmul
 .text          0x0000000008002430      0xca6 ../Middlewares/ST/AI/Lib\NetworkRuntime400_CM4_GCC.a(layers_nl_generic_float.o)
                0x0000000008002430                nl_func_sm_channel_f32
                0x0000000008002554                nl_func_sm_array_f32
                0x0000000008002598                nl_func_tanh_array_f32
                0x00000000080025c4                nl_func_sigmoid_array_f32
                0x0000000008002604                nl_func_hard_sigmoid_array_f32
                0x000000000800265c                nl_func_exp_array_f32
                0x0000000008002688                nl_func_sqrt_array_f32
                0x00000000080026b4                nl_func_soft_plus_array_f32
                0x00000000080026ec                nl_func_soft_sign_array_f32
                0x0000000008002720                nl_func_sign_array_f32
                0x0000000008002760                nl_func_clip_array_f32
                0x00000000080027a8                nl_func_hardmax_array_f32
                0x0000000008002884                nl_func_relu_array_f32
                0x00000000080028bc                nl_func_relu_generic_array_f32
                0x0000000008002970                nl_func_relu_thresholded_array_f32
                0x00000000080029a4                nl_func_elu_array_f32
                0x0000000008002a2c                nl_func_selu_array_f32
                0x0000000008002ab8                nl_func_prelu_array_f32
                0x0000000008002b14                forward_relu
                0x0000000008002b8c                forward_relu_thresholded
                0x0000000008002bec                forward_elu
                0x0000000008002c92                forward_selu
                0x0000000008002cbe                forward_prelu
                0x0000000008002d2c                forward_sign
                0x0000000008002d90                forward_clip
                0x0000000008002e00                forward_sigmoid
                0x0000000008002e60                forward_hard_sigmoid
                0x0000000008002eec                forward_exp
                0x0000000008002f38                forward_sqrt
                0x0000000008002f84                forward_soft_plus
                0x0000000008002fdc                forward_soft_sign
                0x0000000008003034                forward_tanh
                0x000000000800307e                forward_sm
                0x00000000080030b4                forward_hardmax
 *fill*         0x00000000080030d6        0x2 
 .text          0x00000000080030d8      0x8f0 ../Middlewares/ST/AI/Lib\NetworkRuntime400_CM4_GCC.a(ai_datatypes_format.o)
                0x00000000080030d8                ai_array_fmt_name
                0x0000000008003282                ai_array_fmt_exported
                0x0000000008003366                ai_array_fmt_valid
                0x000000000800344c                ai_array_fmt_get_formats
                0x000000000800345c                ai_buffer_fmt_name
                0x0000000008003522                ai_buffer_fmt_valid
                0x0000000008003590                ai_buffer_fmt_get_formats
                0x0000000008003598                ai_array_to_buffer_fmt
                0x0000000008003644                ai_buffer_to_array_fmt
                0x0000000008003748                ai_array_get_byte_size
                0x000000000800379e                ai_array_get_data_byte_size
                0x00000000080037c6                ai_array_get_elems_from_size
 .text          0x00000000080039c8      0x128 ../Middlewares/ST/AI/Lib\NetworkRuntime400_CM4_GCC.a(ai_math_helpers.o)
                0x00000000080039c8                ai_math_dot_array
                0x00000000080039f4                ai_math_sqrt
                0x0000000008003a0c                ai_math_exp
                0x0000000008003a10                ai_math_pow
                0x0000000008003a14                ai_math_tanh
                0x0000000008003a18                ai_math_relu
                0x0000000008003a28                ai_math_prelu
                0x0000000008003a38                ai_math_sigmoid
                0x0000000008003a58                ai_math_hard_sigmoid
                0x0000000008003a8c                ai_math_sign
                0x0000000008003ab8                ai_sum
                0x0000000008003abe                ai_sub
                0x0000000008003ac4                ai_mul
                0x0000000008003aca                ai_div
                0x0000000008003ad0                ai_max
                0x0000000008003ae0                ai_min
 .text          0x0000000008003af0       0x9a c:/programfiles/stm32cubeide_1.0.1/stm32cubeide/plugins/com.st.stm32cube.ide.mcu.externaltools.gnu-tools-for-stm32.7-2018-q2-update.win32_1.0.0.201904181610/tools/bin/../lib/gcc/arm-none-eabi/7.3.1/../../../../arm-none-eabi/lib/thumb/v7e-m/fpv4-sp/hard\libc_nano.a(lib_a-aeabi_memset-soft.o)
                0x0000000008003af0                __aeabi_memset8
                0x0000000008003af0                __aeabi_memset4
                0x0000000008003af0                __aeabi_memset
 .text          0x0000000008003b8a       0x10 c:/programfiles/stm32cubeide_1.0.1/stm32cubeide/plugins/com.st.stm32cube.ide.mcu.externaltools.gnu-tools-for-stm32.7-2018-q2-update.win32_1.0.0.201904181610/tools/bin/../lib/gcc/arm-none-eabi/7.3.1/../../../../arm-none-eabi/lib/thumb/v7e-m/fpv4-sp/hard\libc_nano.a(lib_a-strlen.o)
                0x0000000008003b8a                strlen
 *fill*         0x0000000008003b9a        0x6 
 .text          0x0000000008003ba0       0xa0 c:/programfiles/stm32cubeide_1.0.1/stm32cubeide/plugins/com.st.stm32cube.ide.mcu.externaltools.gnu-tools-for-stm32.7-2018-q2-update.win32_1.0.0.201904181610/tools/bin/../lib/gcc/arm-none-eabi/7.3.1/../../../../arm-none-eabi/lib/thumb/v7e-m/fpv4-sp/hard\libc_nano.a(lib_a-memchr.o)
                0x0000000008003ba0                memchr
 .text          0x0000000008003c40      0x378 c:/programfiles/stm32cubeide_1.0.1/stm32cubeide/plugins/com.st.stm32cube.ide.mcu.externaltools.gnu-tools-for-stm32.7-2018-q2-update.win32_1.0.0.201904181610/tools/bin/../lib/gcc/arm-none-eabi/7.3.1/thumb/v7e-m/fpv4-sp/hard\libgcc.a(_arm_addsubdf3.o)
                0x0000000008003c40                __aeabi_drsub
                0x0000000008003c48                __aeabi_dsub
                0x0000000008003c48                __subdf3
                0x0000000008003c4c                __aeabi_dadd
                0x0000000008003c4c                __adddf3
                0x0000000008003ec4                __floatunsidf
                0x0000000008003ec4                __aeabi_ui2d
                0x0000000008003ee4                __floatsidf
                0x0000000008003ee4                __aeabi_i2d
                0x0000000008003f08                __aeabi_f2d
                0x0000000008003f08                __extendsfdf2
                0x0000000008003f4c                __floatundidf
                0x0000000008003f4c                __aeabi_ul2d
                0x0000000008003f5c                __floatdidf
                0x0000000008003f5c                __aeabi_l2d
 .text          0x0000000008003fb8      0x424 c:/programfiles/stm32cubeide_1.0.1/stm32cubeide/plugins/com.st.stm32cube.ide.mcu.externaltools.gnu-tools-for-stm32.7-2018-q2-update.win32_1.0.0.201904181610/tools/bin/../lib/gcc/arm-none-eabi/7.3.1/thumb/v7e-m/fpv4-sp/hard\libgcc.a(_arm_muldivdf3.o)
                0x0000000008003fb8                __aeabi_dmul
                0x0000000008003fb8                __muldf3
                0x000000000800420c                __divdf3
                0x000000000800420c                __aeabi_ddiv
 .text          0x00000000080043dc      0x110 c:/programfiles/stm32cubeide_1.0.1/stm32cubeide/plugins/com.st.stm32cube.ide.mcu.externaltools.gnu-tools-for-stm32.7-2018-q2-update.win32_1.0.0.201904181610/tools/bin/../lib/gcc/arm-none-eabi/7.3.1/thumb/v7e-m/fpv4-sp/hard\libgcc.a(_arm_cmpdf2.o)
                0x00000000080043dc                __gtdf2
                0x00000000080043dc                __gedf2
                0x00000000080043e4                __ltdf2
                0x00000000080043e4                __ledf2
                0x00000000080043ec                __nedf2
                0x00000000080043ec                __eqdf2
                0x00000000080043ec                __cmpdf2
                0x0000000008004468                __aeabi_cdrcmple
                0x0000000008004478                __aeabi_cdcmpeq
                0x0000000008004478                __aeabi_cdcmple
                0x0000000008004488                __aeabi_dcmpeq
                0x000000000800449c                __aeabi_dcmplt
                0x00000000080044b0                __aeabi_dcmple
                0x00000000080044c4                __aeabi_dcmpge
                0x00000000080044d8                __aeabi_dcmpgt
 .text          0x00000000080044ec       0x2c c:/programfiles/stm32cubeide_1.0.1/stm32cubeide/plugins/com.st.stm32cube.ide.mcu.externaltools.gnu-tools-for-stm32.7-2018-q2-update.win32_1.0.0.201904181610/tools/bin/../lib/gcc/arm-none-eabi/7.3.1/thumb/v7e-m/fpv4-sp/hard\libgcc.a(_arm_unorddf2.o)
                0x00000000080044ec                __unorddf2
                0x00000000080044ec                __aeabi_dcmpun
 .text          0x0000000008004518       0x50 c:/programfiles/stm32cubeide_1.0.1/stm32cubeide/plugins/com.st.stm32cube.ide.mcu.externaltools.gnu-tools-for-stm32.7-2018-q2-update.win32_1.0.0.201904181610/tools/bin/../lib/gcc/arm-none-eabi/7.3.1/thumb/v7e-m/fpv4-sp/hard\libgcc.a(_arm_fixdfsi.o)
                0x0000000008004518                __aeabi_d2iz
                0x0000000008004518                __fixdfsi
 .text          0x0000000008004568       0xa0 c:/programfiles/stm32cubeide_1.0.1/stm32cubeide/plugins/com.st.stm32cube.ide.mcu.externaltools.gnu-tools-for-stm32.7-2018-q2-update.win32_1.0.0.201904181610/tools/bin/../lib/gcc/arm-none-eabi/7.3.1/thumb/v7e-m/fpv4-sp/hard\libgcc.a(_arm_truncdfsf2.o)
                0x0000000008004568                __truncdfsf2
                0x0000000008004568                __aeabi_d2f
 .text          0x0000000008004608       0x30 c:/programfiles/stm32cubeide_1.0.1/stm32cubeide/plugins/com.st.stm32cube.ide.mcu.externaltools.gnu-tools-for-stm32.7-2018-q2-update.win32_1.0.0.201904181610/tools/bin/../lib/gcc/arm-none-eabi/7.3.1/thumb/v7e-m/fpv4-sp/hard\libgcc.a(_aeabi_uldivmod.o)
                0x0000000008004608                __aeabi_uldivmod
 .text          0x0000000008004638      0x2cc c:/programfiles/stm32cubeide_1.0.1/stm32cubeide/plugins/com.st.stm32cube.ide.mcu.externaltools.gnu-tools-for-stm32.7-2018-q2-update.win32_1.0.0.201904181610/tools/bin/../lib/gcc/arm-none-eabi/7.3.1/thumb/v7e-m/fpv4-sp/hard\libgcc.a(_udivmoddi4.o)
                0x0000000008004638                __udivmoddi4
 .text          0x0000000008004904        0x4 c:/programfiles/stm32cubeide_1.0.1/stm32cubeide/plugins/com.st.stm32cube.ide.mcu.externaltools.gnu-tools-for-stm32.7-2018-q2-update.win32_1.0.0.201904181610/tools/bin/../lib/gcc/arm-none-eabi/7.3.1/thumb/v7e-m/fpv4-sp/hard\libgcc.a(_dvmd_tls.o)
                0x0000000008004904                __aeabi_idiv0
                0x0000000008004904                __aeabi_ldiv0
 *(.text*)
 .text.arm_dot_prod_f32
                0x0000000008004908      0x104 Drivers/CMSIS/DSP/Source/BasicMathFunctions/arm_dot_prod_f32.o
                0x0000000008004908                arm_dot_prod_f32
 .text.arm_mat_init_f32
                0x0000000008004a0c       0x30 Drivers/CMSIS/DSP/Source/MatrixFunctions/arm_mat_init_f32.o
                0x0000000008004a0c                arm_mat_init_f32
 .text.HAL_Init
                0x0000000008004a3c       0x44 Drivers/STM32F4xx_HAL_Driver/Src/stm32f4xx_hal.o
                0x0000000008004a3c                HAL_Init
 .text.HAL_InitTick
                0x0000000008004a80       0x60 Drivers/STM32F4xx_HAL_Driver/Src/stm32f4xx_hal.o
                0x0000000008004a80                HAL_InitTick
 .text.HAL_IncTick
                0x0000000008004ae0       0x28 Drivers/STM32F4xx_HAL_Driver/Src/stm32f4xx_hal.o
                0x0000000008004ae0                HAL_IncTick
 .text.HAL_GetTick
                0x0000000008004b08       0x18 Drivers/STM32F4xx_HAL_Driver/Src/stm32f4xx_hal.o
                0x0000000008004b08                HAL_GetTick
 .text.HAL_Delay
                0x0000000008004b20       0x44 Drivers/STM32F4xx_HAL_Driver/Src/stm32f4xx_hal.o
                0x0000000008004b20                HAL_Delay
 .text.__NVIC_SetPriorityGrouping
                0x0000000008004b64       0x48 Drivers/STM32F4xx_HAL_Driver/Src/stm32f4xx_hal_cortex.o
 .text.__NVIC_GetPriorityGrouping
                0x0000000008004bac       0x1c Drivers/STM32F4xx_HAL_Driver/Src/stm32f4xx_hal_cortex.o
 .text.__NVIC_SetPriority
                0x0000000008004bc8       0x54 Drivers/STM32F4xx_HAL_Driver/Src/stm32f4xx_hal_cortex.o
 .text.NVIC_EncodePriority
                0x0000000008004c1c       0x66 Drivers/STM32F4xx_HAL_Driver/Src/stm32f4xx_hal_cortex.o
 *fill*         0x0000000008004c82        0x2 
 .text.SysTick_Config
                0x0000000008004c84       0x44 Drivers/STM32F4xx_HAL_Driver/Src/stm32f4xx_hal_cortex.o
 .text.HAL_NVIC_SetPriorityGrouping
                0x0000000008004cc8       0x16 Drivers/STM32F4xx_HAL_Driver/Src/stm32f4xx_hal_cortex.o
                0x0000000008004cc8                HAL_NVIC_SetPriorityGrouping
 .text.HAL_NVIC_SetPriority
                0x0000000008004cde       0x38 Drivers/STM32F4xx_HAL_Driver/Src/stm32f4xx_hal_cortex.o
                0x0000000008004cde                HAL_NVIC_SetPriority
 .text.HAL_SYSTICK_Config
                0x0000000008004d16       0x18 Drivers/STM32F4xx_HAL_Driver/Src/stm32f4xx_hal_cortex.o
                0x0000000008004d16                HAL_SYSTICK_Config
 .text.HAL_CRC_Init
                0x0000000008004d2e       0x3e Drivers/STM32F4xx_HAL_Driver/Src/stm32f4xx_hal_crc.o
                0x0000000008004d2e                HAL_CRC_Init
 .text.HAL_GPIO_Init
                0x0000000008004d6c      0x324 Drivers/STM32F4xx_HAL_Driver/Src/stm32f4xx_hal_gpio.o
                0x0000000008004d6c                HAL_GPIO_Init
 .text.HAL_GPIO_WritePin
                0x0000000008005090       0x32 Drivers/STM32F4xx_HAL_Driver/Src/stm32f4xx_hal_gpio.o
                0x0000000008005090                HAL_GPIO_WritePin
 *fill*         0x00000000080050c2        0x2 
 .text.HAL_RCC_ClockConfig
                0x00000000080050c4      0x1c4 Drivers/STM32F4xx_HAL_Driver/Src/stm32f4xx_hal_rcc.o
                0x00000000080050c4                HAL_RCC_ClockConfig
 .text.HAL_RCC_GetHCLKFreq
                0x0000000008005288       0x18 Drivers/STM32F4xx_HAL_Driver/Src/stm32f4xx_hal_rcc.o
                0x0000000008005288                HAL_RCC_GetHCLKFreq
 .text.HAL_RCC_GetPCLK1Freq
                0x00000000080052a0       0x28 Drivers/STM32F4xx_HAL_Driver/Src/stm32f4xx_hal_rcc.o
                0x00000000080052a0                HAL_RCC_GetPCLK1Freq
 .text.HAL_RCC_GetPCLK2Freq
                0x00000000080052c8       0x28 Drivers/STM32F4xx_HAL_Driver/Src/stm32f4xx_hal_rcc.o
                0x00000000080052c8                HAL_RCC_GetPCLK2Freq
 .text.HAL_RCC_GetSysClockFreq
                0x00000000080052f0      0x340 Drivers/STM32F4xx_HAL_Driver/Src/stm32f4xx_hal_rcc_ex.o
                0x00000000080052f0                HAL_RCC_GetSysClockFreq
 .text.HAL_RCC_OscConfig
                0x0000000008005630      0x4b4 Drivers/STM32F4xx_HAL_Driver/Src/stm32f4xx_hal_rcc_ex.o
                0x0000000008005630                HAL_RCC_OscConfig
 .text.HAL_UART_Init
                0x0000000008005ae4       0x9a Drivers/STM32F4xx_HAL_Driver/Src/stm32f4xx_hal_uart.o
                0x0000000008005ae4                HAL_UART_Init
 .text.HAL_UART_Transmit
                0x0000000008005b7e      0x132 Drivers/STM32F4xx_HAL_Driver/Src/stm32f4xx_hal_uart.o
                0x0000000008005b7e                HAL_UART_Transmit
 .text.UART_WaitOnFlagUntilTimeout
                0x0000000008005cb0       0x94 Drivers/STM32F4xx_HAL_Driver/Src/stm32f4xx_hal_uart.o
 .text.UART_SetConfig
                0x0000000008005d44      0x414 Drivers/STM32F4xx_HAL_Driver/Src/stm32f4xx_hal_uart.o
 .text.aiInit   0x0000000008006158       0xac Src/app_x-cube-ai.o
                0x0000000008006158                aiInit
 .text.aiRun    0x0000000008006204       0x80 Src/app_x-cube-ai.o
                0x0000000008006204                aiRun
 .text.MX_X_CUBE_AI_Init
                0x0000000008006284       0x14 Src/app_x-cube-ai.o
                0x0000000008006284                MX_X_CUBE_AI_Init
 .text.MX_X_CUBE_AI_Process
                0x0000000008006298      0x48c Src/app_x-cube-ai.o
                0x0000000008006298                MX_X_CUBE_AI_Process
 .text.main     0x0000000008006724       0x22 Src/main.o
                0x0000000008006724                main
 *fill*         0x0000000008006746        0x2 
 .text.SystemClock_Config
                0x0000000008006748       0xdc Src/main.o
                0x0000000008006748                SystemClock_Config
 .text.MX_CRC_Init
                0x0000000008006824       0x28 Src/main.o
 .text.MX_USART2_UART_Init
                0x000000000800684c       0x54 Src/main.o
 .text.MX_GPIO_Init
                0x00000000080068a0       0xe0 Src/main.o
 .text.Error_Handler
                0x0000000008006980        0xe Src/main.o
                0x0000000008006980                Error_Handler
 *fill*         0x000000000800698e        0x2 
 .text.network_configure_activations
                0x0000000008006990       0x9c Src/network.o
 .text.network_configure_weights
                0x0000000008006a2c       0xdc Src/network.o
 .text.ai_network_get_error
                0x0000000008006b08       0x18 Src/network.o
                0x0000000008006b08                ai_network_get_error
 .text.ai_network_create
                0x0000000008006b20       0x2c Src/network.o
                0x0000000008006b20                ai_network_create
 .text.ai_network_destroy
                0x0000000008006b4c       0x18 Src/network.o
                0x0000000008006b4c                ai_network_destroy
 .text.ai_network_init
                0x0000000008006b64       0x66 Src/network.o
                0x0000000008006b64                ai_network_init
 .text.ai_network_run
                0x0000000008006bca       0x20 Src/network.o
                0x0000000008006bca                ai_network_run
 *fill*         0x0000000008006bea        0x2 
 .text.ai_network_data_weights_get
                0x0000000008006bec       0x14 Src/network_data.o
                0x0000000008006bec                ai_network_data_weights_get
 .text.HAL_MspInit
                0x0000000008006c00       0x50 Src/stm32f4xx_hal_msp.o
                0x0000000008006c00                HAL_MspInit
 .text.HAL_CRC_MspInit
                0x0000000008006c50       0x44 Src/stm32f4xx_hal_msp.o
                0x0000000008006c50                HAL_CRC_MspInit
 .text.HAL_UART_MspInit
                0x0000000008006c94       0x90 Src/stm32f4xx_hal_msp.o
                0x0000000008006c94                HAL_UART_MspInit
 .text.NMI_Handler
                0x0000000008006d24        0xe Src/stm32f4xx_it.o
                0x0000000008006d24                NMI_Handler
 .text.HardFault_Handler
                0x0000000008006d32        0x6 Src/stm32f4xx_it.o
                0x0000000008006d32                HardFault_Handler
 .text.MemManage_Handler
                0x0000000008006d38        0x6 Src/stm32f4xx_it.o
                0x0000000008006d38                MemManage_Handler
 .text.BusFault_Handler
                0x0000000008006d3e        0x6 Src/stm32f4xx_it.o
                0x0000000008006d3e                BusFault_Handler
 .text.UsageFault_Handler
                0x0000000008006d44        0x6 Src/stm32f4xx_it.o
                0x0000000008006d44                UsageFault_Handler
 .text.SVC_Handler
                0x0000000008006d4a        0xe Src/stm32f4xx_it.o
                0x0000000008006d4a                SVC_Handler
 .text.DebugMon_Handler
                0x0000000008006d58        0xe Src/stm32f4xx_it.o
                0x0000000008006d58                DebugMon_Handler
 .text.PendSV_Handler
                0x0000000008006d66        0xe Src/stm32f4xx_it.o
                0x0000000008006d66                PendSV_Handler
 .text.SysTick_Handler
                0x0000000008006d74        0xc Src/stm32f4xx_it.o
                0x0000000008006d74                SysTick_Handler
 .text._sbrk    0x0000000008006d80       0x58 Src/sysmem.o
                0x0000000008006d80                _sbrk
 .text.SystemInit
                0x0000000008006dd8       0x6c Src/system_stm32f4xx.o
                0x0000000008006dd8                SystemInit
 .text.Reset_Handler
                0x0000000008006e44       0x50 Startup/startup_stm32f446retx.o
                0x0000000008006e44                Reset_Handler
 .text.Default_Handler
                0x0000000008006e94        0x2 Startup/startup_stm32f446retx.o
                0x0000000008006e94                RTC_Alarm_IRQHandler
                0x0000000008006e94                EXTI2_IRQHandler
                0x0000000008006e94                TIM8_CC_IRQHandler
                0x0000000008006e94                FMPI2C1_EV_IRQHandler
                0x0000000008006e94                SPI4_IRQHandler
                0x0000000008006e94                TIM1_CC_IRQHandler
                0x0000000008006e94                DMA2_Stream5_IRQHandler
                0x0000000008006e94                DMA1_Stream5_IRQHandler
                0x0000000008006e94                PVD_IRQHandler
                0x0000000008006e94                SDIO_IRQHandler
                0x0000000008006e94                TAMP_STAMP_IRQHandler
                0x0000000008006e94                CAN2_RX1_IRQHandler
                0x0000000008006e94                EXTI3_IRQHandler
                0x0000000008006e94                TIM8_TRG_COM_TIM14_IRQHandler
                0x0000000008006e94                TIM1_UP_TIM10_IRQHandler
                0x0000000008006e94                TIM8_UP_TIM13_IRQHandler
                0x0000000008006e94                I2C3_ER_IRQHandler
                0x0000000008006e94                EXTI0_IRQHandler
                0x0000000008006e94                I2C2_EV_IRQHandler
                0x0000000008006e94                DMA1_Stream2_IRQHandler
                0x0000000008006e94                CAN1_RX0_IRQHandler
                0x0000000008006e94                FPU_IRQHandler
                0x0000000008006e94                OTG_HS_WKUP_IRQHandler
                0x0000000008006e94                CAN2_SCE_IRQHandler
                0x0000000008006e94                DMA2_Stream2_IRQHandler
                0x0000000008006e94                SPI1_IRQHandler
                0x0000000008006e94                TIM6_DAC_IRQHandler
                0x0000000008006e94                TIM1_BRK_TIM9_IRQHandler
                0x0000000008006e94                DCMI_IRQHandler
                0x0000000008006e94                CAN2_RX0_IRQHandler
                0x0000000008006e94                DMA2_Stream3_IRQHandler
                0x0000000008006e94                SAI2_IRQHandler
                0x0000000008006e94                USART6_IRQHandler
                0x0000000008006e94                USART3_IRQHandler
                0x0000000008006e94                CAN1_RX1_IRQHandler
                0x0000000008006e94                UART5_IRQHandler
                0x0000000008006e94                DMA2_Stream0_IRQHandler
                0x0000000008006e94                TIM4_IRQHandler
                0x0000000008006e94                QUADSPI_IRQHandler
                0x0000000008006e94                I2C1_EV_IRQHandler
                0x0000000008006e94                DMA1_Stream6_IRQHandler
                0x0000000008006e94                DMA1_Stream1_IRQHandler
                0x0000000008006e94                UART4_IRQHandler
                0x0000000008006e94                TIM3_IRQHandler
                0x0000000008006e94                RCC_IRQHandler
                0x0000000008006e94                TIM8_BRK_TIM12_IRQHandler
                0x0000000008006e94                Default_Handler
                0x0000000008006e94                CEC_IRQHandler
                0x0000000008006e94                EXTI15_10_IRQHandler
                0x0000000008006e94                ADC_IRQHandler
                0x0000000008006e94                DMA1_Stream7_IRQHandler
                0x0000000008006e94                TIM7_IRQHandler
                0x0000000008006e94                CAN2_TX_IRQHandler
                0x0000000008006e94                TIM5_IRQHandler
                0x0000000008006e94                DMA2_Stream7_IRQHandler
                0x0000000008006e94                I2C3_EV_IRQHandler
                0x0000000008006e94                EXTI9_5_IRQHandler
                0x0000000008006e94                RTC_WKUP_IRQHandler
                0x0000000008006e94                SPDIF_RX_IRQHandler
                0x0000000008006e94                SPI2_IRQHandler
                0x0000000008006e94                OTG_HS_EP1_IN_IRQHandler
                0x0000000008006e94                DMA1_Stream0_IRQHandler
                0x0000000008006e94                CAN1_TX_IRQHandler
                0x0000000008006e94                FMPI2C1_ER_IRQHandler
                0x0000000008006e94                EXTI4_IRQHandler
                0x0000000008006e94                OTG_HS_EP1_OUT_IRQHandler
                0x0000000008006e94                WWDG_IRQHandler
                0x0000000008006e94                TIM2_IRQHandler
                0x0000000008006e94                OTG_FS_WKUP_IRQHandler
                0x0000000008006e94                TIM1_TRG_COM_TIM11_IRQHandler
                0x0000000008006e94                OTG_HS_IRQHandler
                0x0000000008006e94                EXTI1_IRQHandler
                0x0000000008006e94                USART2_IRQHandler
                0x0000000008006e94                I2C2_ER_IRQHandler
                0x0000000008006e94                DMA2_Stream1_IRQHandler
                0x0000000008006e94                CAN1_SCE_IRQHandler
                0x0000000008006e94                FLASH_IRQHandler
                0x0000000008006e94                DMA2_Stream4_IRQHandler
                0x0000000008006e94                USART1_IRQHandler
                0x0000000008006e94                OTG_FS_IRQHandler
                0x0000000008006e94                SPI3_IRQHandler
                0x0000000008006e94                DMA1_Stream4_IRQHandler
                0x0000000008006e94                I2C1_ER_IRQHandler
                0x0000000008006e94                FMC_IRQHandler
                0x0000000008006e94                DMA2_Stream6_IRQHandler
                0x0000000008006e94                SAI1_IRQHandler
                0x0000000008006e94                DMA1_Stream3_IRQHandler
 .text.__aeabi_memclr
                0x0000000008006e96        0x6 c:/programfiles/stm32cubeide_1.0.1/stm32cubeide/plugins/com.st.stm32cube.ide.mcu.externaltools.gnu-tools-for-stm32.7-2018-q2-update.win32_1.0.0.201904181610/tools/bin/../lib/gcc/arm-none-eabi/7.3.1/../../../../arm-none-eabi/lib/thumb/v7e-m/fpv4-sp/hard\libc_nano.a(lib_a-aeabi_memclr.o)
                0x0000000008006e96                __aeabi_memclr
                0x0000000008006e96                __aeabi_memclr4
                0x0000000008006e96                __aeabi_memclr8
 .text.__aeabi_memcpy
                0x0000000008006e9c        0x4 c:/programfiles/stm32cubeide_1.0.1/stm32cubeide/plugins/com.st.stm32cube.ide.mcu.externaltools.gnu-tools-for-stm32.7-2018-q2-update.win32_1.0.0.201904181610/tools/bin/../lib/gcc/arm-none-eabi/7.3.1/../../../../arm-none-eabi/lib/thumb/v7e-m/fpv4-sp/hard\libc_nano.a(lib_a-aeabi_memcpy.o)
                0x0000000008006e9c                __aeabi_memcpy4
                0x0000000008006e9c                __aeabi_memcpy8
                0x0000000008006e9c                __aeabi_memcpy
 .text.__errno  0x0000000008006ea0        0xc c:/programfiles/stm32cubeide_1.0.1/stm32cubeide/plugins/com.st.stm32cube.ide.mcu.externaltools.gnu-tools-for-stm32.7-2018-q2-update.win32_1.0.0.201904181610/tools/bin/../lib/gcc/arm-none-eabi/7.3.1/../../../../arm-none-eabi/lib/thumb/v7e-m/fpv4-sp/hard\libc_nano.a(lib_a-errno.o)
                0x0000000008006ea0                __errno
 .text.__libc_init_array
                0x0000000008006eac       0x48 c:/programfiles/stm32cubeide_1.0.1/stm32cubeide/plugins/com.st.stm32cube.ide.mcu.externaltools.gnu-tools-for-stm32.7-2018-q2-update.win32_1.0.0.201904181610/tools/bin/../lib/gcc/arm-none-eabi/7.3.1/../../../../arm-none-eabi/lib/thumb/v7e-m/fpv4-sp/hard\libc_nano.a(lib_a-init.o)
                0x0000000008006eac                __libc_init_array
 .text.memcmp   0x0000000008006ef4       0x1e c:/programfiles/stm32cubeide_1.0.1/stm32cubeide/plugins/com.st.stm32cube.ide.mcu.externaltools.gnu-tools-for-stm32.7-2018-q2-update.win32_1.0.0.201904181610/tools/bin/../lib/gcc/arm-none-eabi/7.3.1/../../../../arm-none-eabi/lib/thumb/v7e-m/fpv4-sp/hard\libc_nano.a(lib_a-memcmp.o)
                0x0000000008006ef4                memcmp
 .text.memcpy   0x0000000008006f12       0x16 c:/programfiles/stm32cubeide_1.0.1/stm32cubeide/plugins/com.st.stm32cube.ide.mcu.externaltools.gnu-tools-for-stm32.7-2018-q2-update.win32_1.0.0.201904181610/tools/bin/../lib/gcc/arm-none-eabi/7.3.1/../../../../arm-none-eabi/lib/thumb/v7e-m/fpv4-sp/hard\libc_nano.a(lib_a-memcpy-stub.o)
                0x0000000008006f12                memcpy
 .text.memset   0x0000000008006f28       0x10 c:/programfiles/stm32cubeide_1.0.1/stm32cubeide/plugins/com.st.stm32cube.ide.mcu.externaltools.gnu-tools-for-stm32.7-2018-q2-update.win32_1.0.0.201904181610/tools/bin/../lib/gcc/arm-none-eabi/7.3.1/../../../../arm-none-eabi/lib/thumb/v7e-m/fpv4-sp/hard\libc_nano.a(lib_a-memset.o)
                0x0000000008006f28                memset
 .text.__cvt    0x0000000008006f38       0xc2 c:/programfiles/stm32cubeide_1.0.1/stm32cubeide/plugins/com.st.stm32cube.ide.mcu.externaltools.gnu-tools-for-stm32.7-2018-q2-update.win32_1.0.0.201904181610/tools/bin/../lib/gcc/arm-none-eabi/7.3.1/../../../../arm-none-eabi/lib/thumb/v7e-m/fpv4-sp/hard\libc_nano.a(lib_a-nano-vfprintf_float.o)
                0x0000000008006f38                __cvt
 .text.__exponent
                0x0000000008006ffa       0x66 c:/programfiles/stm32cubeide_1.0.1/stm32cubeide/plugins/com.st.stm32cube.ide.mcu.externaltools.gnu-tools-for-stm32.7-2018-q2-update.win32_1.0.0.201904181610/tools/bin/../lib/gcc/arm-none-eabi/7.3.1/../../../../arm-none-eabi/lib/thumb/v7e-m/fpv4-sp/hard\libc_nano.a(lib_a-nano-vfprintf_float.o)
                0x0000000008006ffa                __exponent
 .text._printf_float
                0x0000000008007060      0x480 c:/programfiles/stm32cubeide_1.0.1/stm32cubeide/plugins/com.st.stm32cube.ide.mcu.externaltools.gnu-tools-for-stm32.7-2018-q2-update.win32_1.0.0.201904181610/tools/bin/../lib/gcc/arm-none-eabi/7.3.1/../../../../arm-none-eabi/lib/thumb/v7e-m/fpv4-sp/hard\libc_nano.a(lib_a-nano-vfprintf_float.o)
                0x0000000008007060                _printf_float
 .text._printf_common
                0x00000000080074e0       0xea c:/programfiles/stm32cubeide_1.0.1/stm32cubeide/plugins/com.st.stm32cube.ide.mcu.externaltools.gnu-tools-for-stm32.7-2018-q2-update.win32_1.0.0.201904181610/tools/bin/../lib/gcc/arm-none-eabi/7.3.1/../../../../arm-none-eabi/lib/thumb/v7e-m/fpv4-sp/hard\libc_nano.a(lib_a-nano-vfprintf_i.o)
                0x00000000080074e0                _printf_common
 *fill*         0x00000000080075ca        0x2 
 .text._printf_i
                0x00000000080075cc      0x224 c:/programfiles/stm32cubeide_1.0.1/stm32cubeide/plugins/com.st.stm32cube.ide.mcu.externaltools.gnu-tools-for-stm32.7-2018-q2-update.win32_1.0.0.201904181610/tools/bin/../lib/gcc/arm-none-eabi/7.3.1/../../../../arm-none-eabi/lib/thumb/v7e-m/fpv4-sp/hard\libc_nano.a(lib_a-nano-vfprintf_i.o)
                0x00000000080075cc                _printf_i
 .text.sprintf  0x00000000080077f0       0x40 c:/programfiles/stm32cubeide_1.0.1/stm32cubeide/plugins/com.st.stm32cube.ide.mcu.externaltools.gnu-tools-for-stm32.7-2018-q2-update.win32_1.0.0.201904181610/tools/bin/../lib/gcc/arm-none-eabi/7.3.1/../../../../arm-none-eabi/lib/thumb/v7e-m/fpv4-sp/hard\libc_nano.a(lib_a-sprintf.o)
                0x00000000080077f0                siprintf
                0x00000000080077f0                sprintf
 .text.quorem   0x0000000008007830      0x118 c:/programfiles/stm32cubeide_1.0.1/stm32cubeide/plugins/com.st.stm32cube.ide.mcu.externaltools.gnu-tools-for-stm32.7-2018-q2-update.win32_1.0.0.201904181610/tools/bin/../lib/gcc/arm-none-eabi/7.3.1/../../../../arm-none-eabi/lib/thumb/v7e-m/fpv4-sp/hard\libc_nano.a(lib_a-dtoa.o)
 .text._dtoa_r  0x0000000008007948      0xb70 c:/programfiles/stm32cubeide_1.0.1/stm32cubeide/plugins/com.st.stm32cube.ide.mcu.externaltools.gnu-tools-for-stm32.7-2018-q2-update.win32_1.0.0.201904181610/tools/bin/../lib/gcc/arm-none-eabi/7.3.1/../../../../arm-none-eabi/lib/thumb/v7e-m/fpv4-sp/hard\libc_nano.a(lib_a-dtoa.o)
                0x0000000008007948                _dtoa_r
 .text._localeconv_r
                0x00000000080084b8       0x1c c:/programfiles/stm32cubeide_1.0.1/stm32cubeide/plugins/com.st.stm32cube.ide.mcu.externaltools.gnu-tools-for-stm32.7-2018-q2-update.win32_1.0.0.201904181610/tools/bin/../lib/gcc/arm-none-eabi/7.3.1/../../../../arm-none-eabi/lib/thumb/v7e-m/fpv4-sp/hard\libc_nano.a(lib_a-localeconv.o)
                0x00000000080084b8                _localeconv_r
 .text.malloc   0x00000000080084d4       0x10 c:/programfiles/stm32cubeide_1.0.1/stm32cubeide/plugins/com.st.stm32cube.ide.mcu.externaltools.gnu-tools-for-stm32.7-2018-q2-update.win32_1.0.0.201904181610/tools/bin/../lib/gcc/arm-none-eabi/7.3.1/../../../../arm-none-eabi/lib/thumb/v7e-m/fpv4-sp/hard\libc_nano.a(lib_a-malloc.o)
                0x00000000080084d4                malloc
 .text._Balloc  0x00000000080084e4       0x68 c:/programfiles/stm32cubeide_1.0.1/stm32cubeide/plugins/com.st.stm32cube.ide.mcu.externaltools.gnu-tools-for-stm32.7-2018-q2-update.win32_1.0.0.201904181610/tools/bin/../lib/gcc/arm-none-eabi/7.3.1/../../../../arm-none-eabi/lib/thumb/v7e-m/fpv4-sp/hard\libc_nano.a(lib_a-mprec.o)
                0x00000000080084e4                _Balloc
 .text._Bfree   0x000000000800854c       0x2e c:/programfiles/stm32cubeide_1.0.1/stm32cubeide/plugins/com.st.stm32cube.ide.mcu.externaltools.gnu-tools-for-stm32.7-2018-q2-update.win32_1.0.0.201904181610/tools/bin/../lib/gcc/arm-none-eabi/7.3.1/../../../../arm-none-eabi/lib/thumb/v7e-m/fpv4-sp/hard\libc_nano.a(lib_a-mprec.o)
                0x000000000800854c                _Bfree
 .text.__multadd
                0x000000000800857a       0x76 c:/programfiles/stm32cubeide_1.0.1/stm32cubeide/plugins/com.st.stm32cube.ide.mcu.externaltools.gnu-tools-for-stm32.7-2018-q2-update.win32_1.0.0.201904181610/tools/bin/../lib/gcc/arm-none-eabi/7.3.1/../../../../arm-none-eabi/lib/thumb/v7e-m/fpv4-sp/hard\libc_nano.a(lib_a-mprec.o)
                0x000000000800857a                __multadd
 .text.__hi0bits
                0x00000000080085f0       0x3e c:/programfiles/stm32cubeide_1.0.1/stm32cubeide/plugins/com.st.stm32cube.ide.mcu.externaltools.gnu-tools-for-stm32.7-2018-q2-update.win32_1.0.0.201904181610/tools/bin/../lib/gcc/arm-none-eabi/7.3.1/../../../../arm-none-eabi/lib/thumb/v7e-m/fpv4-sp/hard\libc_nano.a(lib_a-mprec.o)
                0x00000000080085f0                __hi0bits
 .text.__lo0bits
                0x000000000800862e       0x5e c:/programfiles/stm32cubeide_1.0.1/stm32cubeide/plugins/com.st.stm32cube.ide.mcu.externaltools.gnu-tools-for-stm32.7-2018-q2-update.win32_1.0.0.201904181610/tools/bin/../lib/gcc/arm-none-eabi/7.3.1/../../../../arm-none-eabi/lib/thumb/v7e-m/fpv4-sp/hard\libc_nano.a(lib_a-mprec.o)
                0x000000000800862e                __lo0bits
 .text.__i2b    0x000000000800868c       0x12 c:/programfiles/stm32cubeide_1.0.1/stm32cubeide/plugins/com.st.stm32cube.ide.mcu.externaltools.gnu-tools-for-stm32.7-2018-q2-update.win32_1.0.0.201904181610/tools/bin/../lib/gcc/arm-none-eabi/7.3.1/../../../../arm-none-eabi/lib/thumb/v7e-m/fpv4-sp/hard\libc_nano.a(lib_a-mprec.o)
                0x000000000800868c                __i2b
 .text.__multiply
                0x000000000800869e      0x12c c:/programfiles/stm32cubeide_1.0.1/stm32cubeide/plugins/com.st.stm32cube.ide.mcu.externaltools.gnu-tools-for-stm32.7-2018-q2-update.win32_1.0.0.201904181610/tools/bin/../lib/gcc/arm-none-eabi/7.3.1/../../../../arm-none-eabi/lib/thumb/v7e-m/fpv4-sp/hard\libc_nano.a(lib_a-mprec.o)
                0x000000000800869e                __multiply
 *fill*         0x00000000080087ca        0x2 
 .text.__pow5mult
                0x00000000080087cc       0x9c c:/programfiles/stm32cubeide_1.0.1/stm32cubeide/plugins/com.st.stm32cube.ide.mcu.externaltools.gnu-tools-for-stm32.7-2018-q2-update.win32_1.0.0.201904181610/tools/bin/../lib/gcc/arm-none-eabi/7.3.1/../../../../arm-none-eabi/lib/thumb/v7e-m/fpv4-sp/hard\libc_nano.a(lib_a-mprec.o)
                0x00000000080087cc                __pow5mult
 .text.__lshift
                0x0000000008008868       0xa8 c:/programfiles/stm32cubeide_1.0.1/stm32cubeide/plugins/com.st.stm32cube.ide.mcu.externaltools.gnu-tools-for-stm32.7-2018-q2-update.win32_1.0.0.201904181610/tools/bin/../lib/gcc/arm-none-eabi/7.3.1/../../../../arm-none-eabi/lib/thumb/v7e-m/fpv4-sp/hard\libc_nano.a(lib_a-mprec.o)
                0x0000000008008868                __lshift
 .text.__mcmp   0x0000000008008910       0x34 c:/programfiles/stm32cubeide_1.0.1/stm32cubeide/plugins/com.st.stm32cube.ide.mcu.externaltools.gnu-tools-for-stm32.7-2018-q2-update.win32_1.0.0.201904181610/tools/bin/../lib/gcc/arm-none-eabi/7.3.1/../../../../arm-none-eabi/lib/thumb/v7e-m/fpv4-sp/hard\libc_nano.a(lib_a-mprec.o)
                0x0000000008008910                __mcmp
 .text.__mdiff  0x0000000008008944       0xba c:/programfiles/stm32cubeide_1.0.1/stm32cubeide/plugins/com.st.stm32cube.ide.mcu.externaltools.gnu-tools-for-stm32.7-2018-q2-update.win32_1.0.0.201904181610/tools/bin/../lib/gcc/arm-none-eabi/7.3.1/../../../../arm-none-eabi/lib/thumb/v7e-m/fpv4-sp/hard\libc_nano.a(lib_a-mprec.o)
                0x0000000008008944                __mdiff
 .text.__d2b    0x00000000080089fe       0x9e c:/programfiles/stm32cubeide_1.0.1/stm32cubeide/plugins/com.st.stm32cube.ide.mcu.externaltools.gnu-tools-for-stm32.7-2018-q2-update.win32_1.0.0.201904181610/tools/bin/../lib/gcc/arm-none-eabi/7.3.1/../../../../arm-none-eabi/lib/thumb/v7e-m/fpv4-sp/hard\libc_nano.a(lib_a-mprec.o)
                0x00000000080089fe                __d2b
 .text._calloc_r
                0x0000000008008a9c       0x1c c:/programfiles/stm32cubeide_1.0.1/stm32cubeide/plugins/com.st.stm32cube.ide.mcu.externaltools.gnu-tools-for-stm32.7-2018-q2-update.win32_1.0.0.201904181610/tools/bin/../lib/gcc/arm-none-eabi/7.3.1/../../../../arm-none-eabi/lib/thumb/v7e-m/fpv4-sp/hard\libc_nano.a(lib_a-nano-callocr.o)
                0x0000000008008a9c                _calloc_r
 .text._free_r  0x0000000008008ab8       0x9c c:/programfiles/stm32cubeide_1.0.1/stm32cubeide/plugins/com.st.stm32cube.ide.mcu.externaltools.gnu-tools-for-stm32.7-2018-q2-update.win32_1.0.0.201904181610/tools/bin/../lib/gcc/arm-none-eabi/7.3.1/../../../../arm-none-eabi/lib/thumb/v7e-m/fpv4-sp/hard\libc_nano.a(lib_a-nano-freer.o)
                0x0000000008008ab8                _free_r
 .text._malloc_r
                0x0000000008008b54       0xb4 c:/programfiles/stm32cubeide_1.0.1/stm32cubeide/plugins/com.st.stm32cube.ide.mcu.externaltools.gnu-tools-for-stm32.7-2018-q2-update.win32_1.0.0.201904181610/tools/bin/../lib/gcc/arm-none-eabi/7.3.1/../../../../arm-none-eabi/lib/thumb/v7e-m/fpv4-sp/hard\libc_nano.a(lib_a-nano-mallocr.o)
                0x0000000008008b54                _malloc_r
 .text.__ssputs_r
                0x0000000008008c08       0xb4 c:/programfiles/stm32cubeide_1.0.1/stm32cubeide/plugins/com.st.stm32cube.ide.mcu.externaltools.gnu-tools-for-stm32.7-2018-q2-update.win32_1.0.0.201904181610/tools/bin/../lib/gcc/arm-none-eabi/7.3.1/../../../../arm-none-eabi/lib/thumb/v7e-m/fpv4-sp/hard\libc_nano.a(lib_a-nano-svfprintf.o)
                0x0000000008008c08                __ssputs_r
 .text._svfprintf_r
                0x0000000008008cbc      0x1f0 c:/programfiles/stm32cubeide_1.0.1/stm32cubeide/plugins/com.st.stm32cube.ide.mcu.externaltools.gnu-tools-for-stm32.7-2018-q2-update.win32_1.0.0.201904181610/tools/bin/../lib/gcc/arm-none-eabi/7.3.1/../../../../arm-none-eabi/lib/thumb/v7e-m/fpv4-sp/hard\libc_nano.a(lib_a-nano-svfprintf.o)
                0x0000000008008cbc                _svfiprintf_r
                0x0000000008008cbc                _svfprintf_r
 .text._sbrk_r  0x0000000008008eac       0x20 c:/programfiles/stm32cubeide_1.0.1/stm32cubeide/plugins/com.st.stm32cube.ide.mcu.externaltools.gnu-tools-for-stm32.7-2018-q2-update.win32_1.0.0.201904181610/tools/bin/../lib/gcc/arm-none-eabi/7.3.1/../../../../arm-none-eabi/lib/thumb/v7e-m/fpv4-sp/hard\libc_nano.a(lib_a-sbrkr.o)
                0x0000000008008eac                _sbrk_r
 .text.__ascii_mbtowc
                0x0000000008008ecc       0x24 c:/programfiles/stm32cubeide_1.0.1/stm32cubeide/plugins/com.st.stm32cube.ide.mcu.externaltools.gnu-tools-for-stm32.7-2018-q2-update.win32_1.0.0.201904181610/tools/bin/../lib/gcc/arm-none-eabi/7.3.1/../../../../arm-none-eabi/lib/thumb/v7e-m/fpv4-sp/hard\libc_nano.a(lib_a-mbtowc_r.o)
                0x0000000008008ecc                __ascii_mbtowc
 .text.memmove  0x0000000008008ef0       0x32 c:/programfiles/stm32cubeide_1.0.1/stm32cubeide/plugins/com.st.stm32cube.ide.mcu.externaltools.gnu-tools-for-stm32.7-2018-q2-update.win32_1.0.0.201904181610/tools/bin/../lib/gcc/arm-none-eabi/7.3.1/../../../../arm-none-eabi/lib/thumb/v7e-m/fpv4-sp/hard\libc_nano.a(lib_a-memmove.o)
                0x0000000008008ef0                memmove
 .text.__malloc_lock
                0x0000000008008f22        0x2 c:/programfiles/stm32cubeide_1.0.1/stm32cubeide/plugins/com.st.stm32cube.ide.mcu.externaltools.gnu-tools-for-stm32.7-2018-q2-update.win32_1.0.0.201904181610/tools/bin/../lib/gcc/arm-none-eabi/7.3.1/../../../../arm-none-eabi/lib/thumb/v7e-m/fpv4-sp/hard\libc_nano.a(lib_a-mlock.o)
                0x0000000008008f22                __malloc_lock
 .text.__malloc_unlock
                0x0000000008008f24        0x2 c:/programfiles/stm32cubeide_1.0.1/stm32cubeide/plugins/com.st.stm32cube.ide.mcu.externaltools.gnu-tools-for-stm32.7-2018-q2-update.win32_1.0.0.201904181610/tools/bin/../lib/gcc/arm-none-eabi/7.3.1/../../../../arm-none-eabi/lib/thumb/v7e-m/fpv4-sp/hard\libc_nano.a(lib_a-mlock.o)
                0x0000000008008f24                __malloc_unlock
 .text._realloc_r
                0x0000000008008f26       0x4c c:/programfiles/stm32cubeide_1.0.1/stm32cubeide/plugins/com.st.stm32cube.ide.mcu.externaltools.gnu-tools-for-stm32.7-2018-q2-update.win32_1.0.0.201904181610/tools/bin/../lib/gcc/arm-none-eabi/7.3.1/../../../../arm-none-eabi/lib/thumb/v7e-m/fpv4-sp/hard\libc_nano.a(lib_a-nano-reallocr.o)
                0x0000000008008f26                _realloc_r
 .text.__ascii_wctomb
                0x0000000008008f72       0x1a c:/programfiles/stm32cubeide_1.0.1/stm32cubeide/plugins/com.st.stm32cube.ide.mcu.externaltools.gnu-tools-for-stm32.7-2018-q2-update.win32_1.0.0.201904181610/tools/bin/../lib/gcc/arm-none-eabi/7.3.1/../../../../arm-none-eabi/lib/thumb/v7e-m/fpv4-sp/hard\libc_nano.a(lib_a-wctomb_r.o)
                0x0000000008008f72                __ascii_wctomb
 .text._malloc_usable_size_r
                0x0000000008008f8c       0x10 c:/programfiles/stm32cubeide_1.0.1/stm32cubeide/plugins/com.st.stm32cube.ide.mcu.externaltools.gnu-tools-for-stm32.7-2018-q2-update.win32_1.0.0.201904181610/tools/bin/../lib/gcc/arm-none-eabi/7.3.1/../../../../arm-none-eabi/lib/thumb/v7e-m/fpv4-sp/hard\libc_nano.a(lib_a-nano-msizer.o)
                0x0000000008008f8c                _malloc_usable_size_r
 .text.round    0x0000000008008f9c       0x94 c:/programfiles/stm32cubeide_1.0.1/stm32cubeide/plugins/com.st.stm32cube.ide.mcu.externaltools.gnu-tools-for-stm32.7-2018-q2-update.win32_1.0.0.201904181610/tools/bin/../lib/gcc/arm-none-eabi/7.3.1/../../../../arm-none-eabi/lib/thumb/v7e-m/fpv4-sp/hard\libm.a(lib_a-s_round.o)
                0x0000000008008f9c                round
 .text.tanhf    0x0000000008009030       0xa4 c:/programfiles/stm32cubeide_1.0.1/stm32cubeide/plugins/com.st.stm32cube.ide.mcu.externaltools.gnu-tools-for-stm32.7-2018-q2-update.win32_1.0.0.201904181610/tools/bin/../lib/gcc/arm-none-eabi/7.3.1/../../../../arm-none-eabi/lib/thumb/v7e-m/fpv4-sp/hard\libm.a(lib_a-sf_tanh.o)
                0x0000000008009030                tanhf
 .text.expf     0x00000000080090d4       0xf4 c:/programfiles/stm32cubeide_1.0.1/stm32cubeide/plugins/com.st.stm32cube.ide.mcu.externaltools.gnu-tools-for-stm32.7-2018-q2-update.win32_1.0.0.201904181610/tools/bin/../lib/gcc/arm-none-eabi/7.3.1/../../../../arm-none-eabi/lib/thumb/v7e-m/fpv4-sp/hard\libm.a(lib_a-wf_exp.o)
                0x00000000080090d4                expf
 .text.logf     0x00000000080091c8       0xec c:/programfiles/stm32cubeide_1.0.1/stm32cubeide/plugins/com.st.stm32cube.ide.mcu.externaltools.gnu-tools-for-stm32.7-2018-q2-update.win32_1.0.0.201904181610/tools/bin/../lib/gcc/arm-none-eabi/7.3.1/../../../../arm-none-eabi/lib/thumb/v7e-m/fpv4-sp/hard\libm.a(lib_a-wf_log.o)
                0x00000000080091c8                logf
 .text.powf     0x00000000080092b4      0x2c8 c:/programfiles/stm32cubeide_1.0.1/stm32cubeide/plugins/com.st.stm32cube.ide.mcu.externaltools.gnu-tools-for-stm32.7-2018-q2-update.win32_1.0.0.201904181610/tools/bin/../lib/gcc/arm-none-eabi/7.3.1/../../../../arm-none-eabi/lib/thumb/v7e-m/fpv4-sp/hard\libm.a(lib_a-wf_pow.o)
                0x00000000080092b4                powf
 .text.__ieee754_expf
                0x000000000800957c      0x1a8 c:/programfiles/stm32cubeide_1.0.1/stm32cubeide/plugins/com.st.stm32cube.ide.mcu.externaltools.gnu-tools-for-stm32.7-2018-q2-update.win32_1.0.0.201904181610/tools/bin/../lib/gcc/arm-none-eabi/7.3.1/../../../../arm-none-eabi/lib/thumb/v7e-m/fpv4-sp/hard\libm.a(lib_a-ef_exp.o)
                0x000000000800957c                __ieee754_expf
 .text.__ieee754_logf
                0x0000000008009724      0x1dc c:/programfiles/stm32cubeide_1.0.1/stm32cubeide/plugins/com.st.stm32cube.ide.mcu.externaltools.gnu-tools-for-stm32.7-2018-q2-update.win32_1.0.0.201904181610/tools/bin/../lib/gcc/arm-none-eabi/7.3.1/../../../../arm-none-eabi/lib/thumb/v7e-m/fpv4-sp/hard\libm.a(lib_a-ef_log.o)
                0x0000000008009724                __ieee754_logf
 .text.__ieee754_powf
                0x0000000008009900      0x580 c:/programfiles/stm32cubeide_1.0.1/stm32cubeide/plugins/com.st.stm32cube.ide.mcu.externaltools.gnu-tools-for-stm32.7-2018-q2-update.win32_1.0.0.201904181610/tools/bin/../lib/gcc/arm-none-eabi/7.3.1/../../../../arm-none-eabi/lib/thumb/v7e-m/fpv4-sp/hard\libm.a(lib_a-ef_pow.o)
                0x0000000008009900                __ieee754_powf
 .text.__ieee754_sqrtf
                0x0000000008009e80        0x6 c:/programfiles/stm32cubeide_1.0.1/stm32cubeide/plugins/com.st.stm32cube.ide.mcu.externaltools.gnu-tools-for-stm32.7-2018-q2-update.win32_1.0.0.201904181610/tools/bin/../lib/gcc/arm-none-eabi/7.3.1/../../../../arm-none-eabi/lib/thumb/v7e-m/fpv4-sp/hard\libm.a(lib_a-ef_sqrt.o)
                0x0000000008009e80                __ieee754_sqrtf
 .text.matherr  0x0000000008009e86        0x4 c:/programfiles/stm32cubeide_1.0.1/stm32cubeide/plugins/com.st.stm32cube.ide.mcu.externaltools.gnu-tools-for-stm32.7-2018-q2-update.win32_1.0.0.201904181610/tools/bin/../lib/gcc/arm-none-eabi/7.3.1/../../../../arm-none-eabi/lib/thumb/v7e-m/fpv4-sp/hard\libm.a(lib_a-s_matherr.o)
                0x0000000008009e86                matherr
 *fill*         0x0000000008009e8a        0x6 
 .text.nan      0x0000000008009e90       0x10 c:/programfiles/stm32cubeide_1.0.1/stm32cubeide/plugins/com.st.stm32cube.ide.mcu.externaltools.gnu-tools-for-stm32.7-2018-q2-update.win32_1.0.0.201904181610/tools/bin/../lib/gcc/arm-none-eabi/7.3.1/../../../../arm-none-eabi/lib/thumb/v7e-m/fpv4-sp/hard\libm.a(lib_a-s_nan.o)
                0x0000000008009e90                nan
 .text.expm1f   0x0000000008009ea0      0x258 c:/programfiles/stm32cubeide_1.0.1/stm32cubeide/plugins/com.st.stm32cube.ide.mcu.externaltools.gnu-tools-for-stm32.7-2018-q2-update.win32_1.0.0.201904181610/tools/bin/../lib/gcc/arm-none-eabi/7.3.1/../../../../arm-none-eabi/lib/thumb/v7e-m/fpv4-sp/hard\libm.a(lib_a-sf_expm1.o)
                0x0000000008009ea0                expm1f
 .text.fabsf    0x000000000800a0f8        0xe c:/programfiles/stm32cubeide_1.0.1/stm32cubeide/plugins/com.st.stm32cube.ide.mcu.externaltools.gnu-tools-for-stm32.7-2018-q2-update.win32_1.0.0.201904181610/tools/bin/../lib/gcc/arm-none-eabi/7.3.1/../../../../arm-none-eabi/lib/thumb/v7e-m/fpv4-sp/hard\libm.a(lib_a-sf_fabs.o)
                0x000000000800a0f8                fabsf
 .text.finitef  0x000000000800a106       0x14 c:/programfiles/stm32cubeide_1.0.1/stm32cubeide/plugins/com.st.stm32cube.ide.mcu.externaltools.gnu-tools-for-stm32.7-2018-q2-update.win32_1.0.0.201904181610/tools/bin/../lib/gcc/arm-none-eabi/7.3.1/../../../../arm-none-eabi/lib/thumb/v7e-m/fpv4-sp/hard\libm.a(lib_a-sf_finite.o)
                0x000000000800a106                finitef
 *fill*         0x000000000800a11a        0x2 
 .text.nanf     0x000000000800a11c        0xc c:/programfiles/stm32cubeide_1.0.1/stm32cubeide/plugins/com.st.stm32cube.ide.mcu.externaltools.gnu-tools-for-stm32.7-2018-q2-update.win32_1.0.0.201904181610/tools/bin/../lib/gcc/arm-none-eabi/7.3.1/../../../../arm-none-eabi/lib/thumb/v7e-m/fpv4-sp/hard\libm.a(lib_a-sf_nan.o)
                0x000000000800a11c                nanf
 .text.rintf    0x000000000800a128       0xb4 c:/programfiles/stm32cubeide_1.0.1/stm32cubeide/plugins/com.st.stm32cube.ide.mcu.externaltools.gnu-tools-for-stm32.7-2018-q2-update.win32_1.0.0.201904181610/tools/bin/../lib/gcc/arm-none-eabi/7.3.1/../../../../arm-none-eabi/lib/thumb/v7e-m/fpv4-sp/hard\libm.a(lib_a-sf_rint.o)
                0x000000000800a128                rintf
 .text.scalbnf  0x000000000800a1dc       0xc0 c:/programfiles/stm32cubeide_1.0.1/stm32cubeide/plugins/com.st.stm32cube.ide.mcu.externaltools.gnu-tools-for-stm32.7-2018-q2-update.win32_1.0.0.201904181610/tools/bin/../lib/gcc/arm-none-eabi/7.3.1/../../../../arm-none-eabi/lib/thumb/v7e-m/fpv4-sp/hard\libm.a(lib_a-sf_scalbn.o)
                0x000000000800a1dc                scalbnf
 .text.copysignf
                0x000000000800a29c       0x18 c:/programfiles/stm32cubeide_1.0.1/stm32cubeide/plugins/com.st.stm32cube.ide.mcu.externaltools.gnu-tools-for-stm32.7-2018-q2-update.win32_1.0.0.201904181610/tools/bin/../lib/gcc/arm-none-eabi/7.3.1/../../../../arm-none-eabi/lib/thumb/v7e-m/fpv4-sp/hard\libm.a(lib_a-sf_copysign.o)
                0x000000000800a29c                copysignf
 *(.glue_7)
 .glue_7        0x000000000800a2b4        0x0 linker stubs
 *(.glue_7t)
 .glue_7t       0x000000000800a2b4        0x0 linker stubs
 *(.eh_frame)
 .eh_frame      0x000000000800a2b4        0x0 c:/programfiles/stm32cubeide_1.0.1/stm32cubeide/plugins/com.st.stm32cube.ide.mcu.externaltools.gnu-tools-for-stm32.7-2018-q2-update.win32_1.0.0.201904181610/tools/bin/../lib/gcc/arm-none-eabi/7.3.1/thumb/v7e-m/fpv4-sp/hard/crtbegin.o
 *(.init)
 .init          0x000000000800a2b4        0x4 c:/programfiles/stm32cubeide_1.0.1/stm32cubeide/plugins/com.st.stm32cube.ide.mcu.externaltools.gnu-tools-for-stm32.7-2018-q2-update.win32_1.0.0.201904181610/tools/bin/../lib/gcc/arm-none-eabi/7.3.1/thumb/v7e-m/fpv4-sp/hard/crti.o
                0x000000000800a2b4                _init
 .init          0x000000000800a2b8        0x8 c:/programfiles/stm32cubeide_1.0.1/stm32cubeide/plugins/com.st.stm32cube.ide.mcu.externaltools.gnu-tools-for-stm32.7-2018-q2-update.win32_1.0.0.201904181610/tools/bin/../lib/gcc/arm-none-eabi/7.3.1/thumb/v7e-m/fpv4-sp/hard/crtn.o
 *(.fini)
 .fini          0x000000000800a2c0        0x4 c:/programfiles/stm32cubeide_1.0.1/stm32cubeide/plugins/com.st.stm32cube.ide.mcu.externaltools.gnu-tools-for-stm32.7-2018-q2-update.win32_1.0.0.201904181610/tools/bin/../lib/gcc/arm-none-eabi/7.3.1/thumb/v7e-m/fpv4-sp/hard/crti.o
                0x000000000800a2c0                _fini
 .fini          0x000000000800a2c4        0x8 c:/programfiles/stm32cubeide_1.0.1/stm32cubeide/plugins/com.st.stm32cube.ide.mcu.externaltools.gnu-tools-for-stm32.7-2018-q2-update.win32_1.0.0.201904181610/tools/bin/../lib/gcc/arm-none-eabi/7.3.1/thumb/v7e-m/fpv4-sp/hard/crtn.o
                0x000000000800a2cc                . = ALIGN (0x4)
                0x000000000800a2cc                _etext = .

.vfp11_veneer   0x000000000800a2cc        0x0
 .vfp11_veneer  0x000000000800a2cc        0x0 linker stubs

.v4_bx          0x000000000800a2cc        0x0
 .v4_bx         0x000000000800a2cc        0x0 linker stubs

.iplt           0x000000000800a2cc        0x0
 .iplt          0x000000000800a2cc        0x0 c:/programfiles/stm32cubeide_1.0.1/stm32cubeide/plugins/com.st.stm32cube.ide.mcu.externaltools.gnu-tools-for-stm32.7-2018-q2-update.win32_1.0.0.201904181610/tools/bin/../lib/gcc/arm-none-eabi/7.3.1/thumb/v7e-m/fpv4-sp/hard/crtbegin.o

.rodata         0x000000000800a2d0      0x478
                0x000000000800a2d0                . = ALIGN (0x4)
 *(.rodata)
 .rodata        0x000000000800a2d0       0x85 Src/app_x-cube-ai.o
 *fill*         0x000000000800a355        0x3 
 .rodata        0x000000000800a358       0x70 ../Middlewares/ST/AI/Lib\NetworkRuntime400_CM4_GCC.a(ai_datatypes_format.o)
 .rodata        0x000000000800a3c8       0x30 ../Middlewares/ST/AI/Lib\NetworkRuntime400_CM4_GCC.a(ai_datatypes_format.o)
 *(.rodata*)
 .rodata.dense_1_chain
                0x000000000800a3f8        0x8 Src/network.o
 .rodata.dense_1_nl_chain
                0x000000000800a400        0x8 Src/network.o
 .rodata.dense_2_chain
                0x000000000800a408        0x8 Src/network.o
 .rodata.dense_2_nl_chain
                0x000000000800a410        0x8 Src/network.o
 .rodata.dense_3_chain
                0x000000000800a418        0x8 Src/network.o
 .rodata.dense_3_nl_chain
                0x000000000800a420        0x8 Src/network.o
 .rodata.s_network_weights.5546
                0x000000000800a428       0x64 Src/network_data.o
 .rodata.AHBPrescTable
                0x000000000800a48c       0x10 Src/system_stm32f4xx.o
                0x000000000800a48c                AHBPrescTable
 .rodata.APBPrescTable
                0x000000000800a49c        0x8 Src/system_stm32f4xx.o
                0x000000000800a49c                APBPrescTable
 .rodata._printf_float.str1.1
                0x000000000800a4a4       0x12 c:/programfiles/stm32cubeide_1.0.1/stm32cubeide/plugins/com.st.stm32cube.ide.mcu.externaltools.gnu-tools-for-stm32.7-2018-q2-update.win32_1.0.0.201904181610/tools/bin/../lib/gcc/arm-none-eabi/7.3.1/../../../../arm-none-eabi/lib/thumb/v7e-m/fpv4-sp/hard\libc_nano.a(lib_a-nano-vfprintf_float.o)
 .rodata._printf_i.str1.1
                0x000000000800a4b6       0x22 c:/programfiles/stm32cubeide_1.0.1/stm32cubeide/plugins/com.st.stm32cube.ide.mcu.externaltools.gnu-tools-for-stm32.7-2018-q2-update.win32_1.0.0.201904181610/tools/bin/../lib/gcc/arm-none-eabi/7.3.1/../../../../arm-none-eabi/lib/thumb/v7e-m/fpv4-sp/hard\libc_nano.a(lib_a-nano-vfprintf_i.o)
 .rodata._dtoa_r.str1.1
                0x000000000800a4d8        0xd c:/programfiles/stm32cubeide_1.0.1/stm32cubeide/plugins/com.st.stm32cube.ide.mcu.externaltools.gnu-tools-for-stm32.7-2018-q2-update.win32_1.0.0.201904181610/tools/bin/../lib/gcc/arm-none-eabi/7.3.1/../../../../arm-none-eabi/lib/thumb/v7e-m/fpv4-sp/hard\libc_nano.a(lib_a-dtoa.o)
                                          0xf (size before relaxing)
 *fill*         0x000000000800a4e5        0x3 
 .rodata.__mprec_bigtens
                0x000000000800a4e8       0x28 c:/programfiles/stm32cubeide_1.0.1/stm32cubeide/plugins/com.st.stm32cube.ide.mcu.externaltools.gnu-tools-for-stm32.7-2018-q2-update.win32_1.0.0.201904181610/tools/bin/../lib/gcc/arm-none-eabi/7.3.1/../../../../arm-none-eabi/lib/thumb/v7e-m/fpv4-sp/hard\libc_nano.a(lib_a-mprec.o)
                0x000000000800a4e8                __mprec_bigtens
 .rodata.__mprec_tens
                0x000000000800a510       0xc8 c:/programfiles/stm32cubeide_1.0.1/stm32cubeide/plugins/com.st.stm32cube.ide.mcu.externaltools.gnu-tools-for-stm32.7-2018-q2-update.win32_1.0.0.201904181610/tools/bin/../lib/gcc/arm-none-eabi/7.3.1/../../../../arm-none-eabi/lib/thumb/v7e-m/fpv4-sp/hard\libc_nano.a(lib_a-mprec.o)
                0x000000000800a510                __mprec_tens
 .rodata.p05.7359
                0x000000000800a5d8        0xc c:/programfiles/stm32cubeide_1.0.1/stm32cubeide/plugins/com.st.stm32cube.ide.mcu.externaltools.gnu-tools-for-stm32.7-2018-q2-update.win32_1.0.0.201904181610/tools/bin/../lib/gcc/arm-none-eabi/7.3.1/../../../../arm-none-eabi/lib/thumb/v7e-m/fpv4-sp/hard\libc_nano.a(lib_a-mprec.o)
 .rodata._svfprintf_r.str1.1
                0x000000000800a5e4       0x11 c:/programfiles/stm32cubeide_1.0.1/stm32cubeide/plugins/com.st.stm32cube.ide.mcu.externaltools.gnu-tools-for-stm32.7-2018-q2-update.win32_1.0.0.201904181610/tools/bin/../lib/gcc/arm-none-eabi/7.3.1/../../../../arm-none-eabi/lib/thumb/v7e-m/fpv4-sp/hard\libc_nano.a(lib_a-nano-svfprintf.o)
 .rodata._setlocale_r.str1.1
                0x000000000800a5f5        0x8 c:/programfiles/stm32cubeide_1.0.1/stm32cubeide/plugins/com.st.stm32cube.ide.mcu.externaltools.gnu-tools-for-stm32.7-2018-q2-update.win32_1.0.0.201904181610/tools/bin/../lib/gcc/arm-none-eabi/7.3.1/../../../../arm-none-eabi/lib/thumb/v7e-m/fpv4-sp/hard\libc_nano.a(lib_a-locale.o)
                                          0x9 (size before relaxing)
 .rodata.str1.1
                0x000000000800a5fd        0x2 c:/programfiles/stm32cubeide_1.0.1/stm32cubeide/plugins/com.st.stm32cube.ide.mcu.externaltools.gnu-tools-for-stm32.7-2018-q2-update.win32_1.0.0.201904181610/tools/bin/../lib/gcc/arm-none-eabi/7.3.1/../../../../arm-none-eabi/lib/thumb/v7e-m/fpv4-sp/hard\libc_nano.a(lib_a-locale.o)
 .rodata._ctype_
                0x000000000800a5ff      0x101 c:/programfiles/stm32cubeide_1.0.1/stm32cubeide/plugins/com.st.stm32cube.ide.mcu.externaltools.gnu-tools-for-stm32.7-2018-q2-update.win32_1.0.0.201904181610/tools/bin/../lib/gcc/arm-none-eabi/7.3.1/../../../../arm-none-eabi/lib/thumb/v7e-m/fpv4-sp/hard\libc_nano.a(lib_a-ctype_.o)
                0x000000000800a5ff                _ctype_
 .rodata.expf.str1.1
                0x000000000800a700        0x5 c:/programfiles/stm32cubeide_1.0.1/stm32cubeide/plugins/com.st.stm32cube.ide.mcu.externaltools.gnu-tools-for-stm32.7-2018-q2-update.win32_1.0.0.201904181610/tools/bin/../lib/gcc/arm-none-eabi/7.3.1/../../../../arm-none-eabi/lib/thumb/v7e-m/fpv4-sp/hard\libm.a(lib_a-wf_exp.o)
 .rodata.logf.str1.1
                0x000000000800a705        0x5 c:/programfiles/stm32cubeide_1.0.1/stm32cubeide/plugins/com.st.stm32cube.ide.mcu.externaltools.gnu-tools-for-stm32.7-2018-q2-update.win32_1.0.0.201904181610/tools/bin/../lib/gcc/arm-none-eabi/7.3.1/../../../../arm-none-eabi/lib/thumb/v7e-m/fpv4-sp/hard\libm.a(lib_a-wf_log.o)
                                          0x6 (size before relaxing)
 .rodata.powf.str1.1
                0x000000000800a70a        0x5 c:/programfiles/stm32cubeide_1.0.1/stm32cubeide/plugins/com.st.stm32cube.ide.mcu.externaltools.gnu-tools-for-stm32.7-2018-q2-update.win32_1.0.0.201904181610/tools/bin/../lib/gcc/arm-none-eabi/7.3.1/../../../../arm-none-eabi/lib/thumb/v7e-m/fpv4-sp/hard\libm.a(lib_a-wf_pow.o)
 *fill*         0x000000000800a70f        0x1 
 .rodata.halF   0x000000000800a710        0x8 c:/programfiles/stm32cubeide_1.0.1/stm32cubeide/plugins/com.st.stm32cube.ide.mcu.externaltools.gnu-tools-for-stm32.7-2018-q2-update.win32_1.0.0.201904181610/tools/bin/../lib/gcc/arm-none-eabi/7.3.1/../../../../arm-none-eabi/lib/thumb/v7e-m/fpv4-sp/hard\libm.a(lib_a-ef_exp.o)
 .rodata.ln2HI  0x000000000800a718        0x8 c:/programfiles/stm32cubeide_1.0.1/stm32cubeide/plugins/com.st.stm32cube.ide.mcu.externaltools.gnu-tools-for-stm32.7-2018-q2-update.win32_1.0.0.201904181610/tools/bin/../lib/gcc/arm-none-eabi/7.3.1/../../../../arm-none-eabi/lib/thumb/v7e-m/fpv4-sp/hard\libm.a(lib_a-ef_exp.o)
 .rodata.ln2LO  0x000000000800a720        0x8 c:/programfiles/stm32cubeide_1.0.1/stm32cubeide/plugins/com.st.stm32cube.ide.mcu.externaltools.gnu-tools-for-stm32.7-2018-q2-update.win32_1.0.0.201904181610/tools/bin/../lib/gcc/arm-none-eabi/7.3.1/../../../../arm-none-eabi/lib/thumb/v7e-m/fpv4-sp/hard\libm.a(lib_a-ef_exp.o)
 .rodata.__ieee754_powf.str1.1
                0x000000000800a728        0x1 c:/programfiles/stm32cubeide_1.0.1/stm32cubeide/plugins/com.st.stm32cube.ide.mcu.externaltools.gnu-tools-for-stm32.7-2018-q2-update.win32_1.0.0.201904181610/tools/bin/../lib/gcc/arm-none-eabi/7.3.1/../../../../arm-none-eabi/lib/thumb/v7e-m/fpv4-sp/hard\libm.a(lib_a-ef_pow.o)
 .rodata.bp     0x000000000800a728        0x8 c:/programfiles/stm32cubeide_1.0.1/stm32cubeide/plugins/com.st.stm32cube.ide.mcu.externaltools.gnu-tools-for-stm32.7-2018-q2-update.win32_1.0.0.201904181610/tools/bin/../lib/gcc/arm-none-eabi/7.3.1/../../../../arm-none-eabi/lib/thumb/v7e-m/fpv4-sp/hard\libm.a(lib_a-ef_pow.o)
 .rodata.dp_h   0x000000000800a730        0x8 c:/programfiles/stm32cubeide_1.0.1/stm32cubeide/plugins/com.st.stm32cube.ide.mcu.externaltools.gnu-tools-for-stm32.7-2018-q2-update.win32_1.0.0.201904181610/tools/bin/../lib/gcc/arm-none-eabi/7.3.1/../../../../arm-none-eabi/lib/thumb/v7e-m/fpv4-sp/hard\libm.a(lib_a-ef_pow.o)
 .rodata.dp_l   0x000000000800a738        0x8 c:/programfiles/stm32cubeide_1.0.1/stm32cubeide/plugins/com.st.stm32cube.ide.mcu.externaltools.gnu-tools-for-stm32.7-2018-q2-update.win32_1.0.0.201904181610/tools/bin/../lib/gcc/arm-none-eabi/7.3.1/../../../../arm-none-eabi/lib/thumb/v7e-m/fpv4-sp/hard\libm.a(lib_a-ef_pow.o)
 .rodata.TWO23  0x000000000800a740        0x8 c:/programfiles/stm32cubeide_1.0.1/stm32cubeide/plugins/com.st.stm32cube.ide.mcu.externaltools.gnu-tools-for-stm32.7-2018-q2-update.win32_1.0.0.201904181610/tools/bin/../lib/gcc/arm-none-eabi/7.3.1/../../../../arm-none-eabi/lib/thumb/v7e-m/fpv4-sp/hard\libm.a(lib_a-sf_rint.o)
                0x000000000800a748                . = ALIGN (0x4)

.ARM.extab      0x000000000800a748        0x0
                0x000000000800a748                . = ALIGN (0x4)
 *(.ARM.extab* .gnu.linkonce.armextab.*)
                0x000000000800a748                . = ALIGN (0x4)

.ARM            0x000000000800a748        0x8
                0x000000000800a748                . = ALIGN (0x4)
                0x000000000800a748                __exidx_start = .
 *(.ARM.exidx*)
 .ARM.exidx     0x000000000800a748        0x8 c:/programfiles/stm32cubeide_1.0.1/stm32cubeide/plugins/com.st.stm32cube.ide.mcu.externaltools.gnu-tools-for-stm32.7-2018-q2-update.win32_1.0.0.201904181610/tools/bin/../lib/gcc/arm-none-eabi/7.3.1/thumb/v7e-m/fpv4-sp/hard\libgcc.a(_udivmoddi4.o)
                0x000000000800a750                __exidx_end = .
                0x000000000800a750                . = ALIGN (0x4)

.rel.dyn        0x000000000800a750        0x0
 .rel.iplt      0x000000000800a750        0x0 c:/programfiles/stm32cubeide_1.0.1/stm32cubeide/plugins/com.st.stm32cube.ide.mcu.externaltools.gnu-tools-for-stm32.7-2018-q2-update.win32_1.0.0.201904181610/tools/bin/../lib/gcc/arm-none-eabi/7.3.1/thumb/v7e-m/fpv4-sp/hard/crtbegin.o

.preinit_array  0x000000000800a750        0x0
                0x000000000800a750                . = ALIGN (0x4)
                0x000000000800a750                PROVIDE (__preinit_array_start = .)
 *(.preinit_array*)
                0x000000000800a750                PROVIDE (__preinit_array_end = .)
                0x000000000800a750                . = ALIGN (0x4)

.init_array     0x000000000800a750        0x4
                0x000000000800a750                . = ALIGN (0x4)
                0x000000000800a750                PROVIDE (__init_array_start = .)
 *(SORT_BY_NAME(.init_array.*))
 *(.init_array*)
 .init_array    0x000000000800a750        0x4 c:/programfiles/stm32cubeide_1.0.1/stm32cubeide/plugins/com.st.stm32cube.ide.mcu.externaltools.gnu-tools-for-stm32.7-2018-q2-update.win32_1.0.0.201904181610/tools/bin/../lib/gcc/arm-none-eabi/7.3.1/thumb/v7e-m/fpv4-sp/hard/crtbegin.o
                0x000000000800a754                PROVIDE (__init_array_end = .)
                0x000000000800a754                . = ALIGN (0x4)

.fini_array     0x000000000800a754        0x4
                0x000000000800a754                . = ALIGN (0x4)
                [!provide]                        PROVIDE (__fini_array_start = .)
 *(SORT_BY_NAME(.fini_array.*))
 *(.fini_array*)
 .fini_array    0x000000000800a754        0x4 c:/programfiles/stm32cubeide_1.0.1/stm32cubeide/plugins/com.st.stm32cube.ide.mcu.externaltools.gnu-tools-for-stm32.7-2018-q2-update.win32_1.0.0.201904181610/tools/bin/../lib/gcc/arm-none-eabi/7.3.1/thumb/v7e-m/fpv4-sp/hard/crtbegin.o
                [!provide]                        PROVIDE (__fini_array_end = .)
                0x000000000800a758                . = ALIGN (0x4)
                0x000000000800a758                _sidata = LOADADDR (.data)

.data           0x0000000020000000      0x730 load address 0x000000000800a758
                0x0000000020000000                . = ALIGN (0x4)
                0x0000000020000000                _sdata = .
 *(.data)
 *(.data*)
 .data.uwTickPrio
                0x0000000020000000        0x4 Drivers/STM32F4xx_HAL_Driver/Src/stm32f4xx_hal.o
                0x0000000020000000                uwTickPrio
 .data.uwTickFreq
                0x0000000020000004        0x1 Drivers/STM32F4xx_HAL_Driver/Src/stm32f4xx_hal.o
                0x0000000020000004                uwTickFreq
 *fill*         0x0000000020000005        0x3 
 .data.ai_input
                0x0000000020000008       0x14 Src/app_x-cube-ai.o
 .data.ai_output
                0x000000002000001c       0x14 Src/app_x-cube-ai.o
 .data.g_network
                0x0000000020000030       0x50 Src/network.o
 .data.dense_3_bias_array
                0x0000000020000080       0x10 Src/network.o
 .data.dense_3_weights_array
                0x0000000020000090       0x10 Src/network.o
 .data.dense_2_bias_array
                0x00000000200000a0       0x10 Src/network.o
 .data.dense_2_weights_array
                0x00000000200000b0       0x10 Src/network.o
 .data.dense_1_bias_array
                0x00000000200000c0       0x10 Src/network.o
 .data.dense_1_weights_array
                0x00000000200000d0       0x10 Src/network.o
 .data.input_0_output_array
                0x00000000200000e0       0x10 Src/network.o
 .data.dense_1_output_array
                0x00000000200000f0       0x10 Src/network.o
 .data.dense_1_nl_output_array
                0x0000000020000100       0x10 Src/network.o
 .data.dense_2_output_array
                0x0000000020000110       0x10 Src/network.o
 .data.dense_2_nl_output_array
                0x0000000020000120       0x10 Src/network.o
 .data.dense_3_output_array
                0x0000000020000130       0x10 Src/network.o
 .data.dense_3_nl_output_array
                0x0000000020000140       0x10 Src/network.o
 .data.dense_3_bias
                0x0000000020000150       0x24 Src/network.o
 .data.dense_3_weights
                0x0000000020000174       0x24 Src/network.o
 .data.dense_2_bias
                0x0000000020000198       0x24 Src/network.o
 .data.dense_2_weights
                0x00000000200001bc       0x24 Src/network.o
 .data.dense_1_bias
                0x00000000200001e0       0x24 Src/network.o
 .data.dense_1_weights
                0x0000000020000204       0x24 Src/network.o
 .data.input_0_output
                0x0000000020000228       0x24 Src/network.o
 .data.dense_1_output
                0x000000002000024c       0x24 Src/network.o
 .data.dense_1_nl_output
                0x0000000020000270       0x24 Src/network.o
 .data.dense_2_output
                0x0000000020000294       0x24 Src/network.o
 .data.dense_2_nl_output
                0x00000000200002b8       0x24 Src/network.o
 .data.dense_3_output
                0x00000000200002dc       0x24 Src/network.o
 .data.dense_3_nl_output
                0x0000000020000300       0x24 Src/network.o
 .data.dense_1_layer
                0x0000000020000324       0x18 Src/network.o
 .data.dense_1_nl_layer
                0x000000002000033c       0x1c Src/network.o
 .data.dense_2_layer
                0x0000000020000358       0x18 Src/network.o
 .data.dense_2_nl_layer
                0x0000000020000370       0x1c Src/network.o
 .data.dense_3_layer
                0x000000002000038c       0x18 Src/network.o
 .data.dense_3_nl_layer
                0x00000000200003a4       0x1c Src/network.o
 .data.__compound_literal.0
                0x00000000200003c0        0x4 Src/network.o
 .data.__compound_literal.1
                0x00000000200003c4        0x4 Src/network.o
 .data.__compound_literal.2
                0x00000000200003c8        0x8 Src/network.o
 .data.__compound_literal.4
                0x00000000200003d0       0x30 Src/network.o
 .data.__compound_literal.5
                0x0000000020000400        0x4 Src/network.o
 .data.__compound_literal.6
                0x0000000020000404        0x4 Src/network.o
 .data.__compound_literal.9
                0x0000000020000408       0x30 Src/network.o
 .data.__compound_literal.10
                0x0000000020000438        0x4 Src/network.o
 .data.__compound_literal.11
                0x000000002000043c        0x4 Src/network.o
 .data.__compound_literal.12
                0x0000000020000440        0x8 Src/network.o
 .data.__compound_literal.14
                0x0000000020000448       0x30 Src/network.o
 .data.__compound_literal.15
                0x0000000020000478        0x4 Src/network.o
 .data.__compound_literal.16
                0x000000002000047c        0x4 Src/network.o
 .data.__compound_literal.19
                0x0000000020000480       0x30 Src/network.o
 .data.__compound_literal.20
                0x00000000200004b0        0x4 Src/network.o
 .data.__compound_literal.21
                0x00000000200004b4        0x4 Src/network.o
 .data.__compound_literal.22
                0x00000000200004b8        0x8 Src/network.o
 .data.__compound_literal.24
                0x00000000200004c0       0x30 Src/network.o
 .data.__compound_literal.25
                0x00000000200004f0        0x4 Src/network.o
 .data.__compound_literal.26
                0x00000000200004f4        0x4 Src/network.o
 .data.__compound_literal.29
                0x00000000200004f8       0x30 Src/network.o
 .data.__compound_literal.30
                0x0000000020000528        0x4 Src/network.o
 .data.__compound_literal.33
                0x000000002000052c        0x8 Src/network.o
 .data.__compound_literal.34
                0x0000000020000534        0x4 Src/network.o
 .data.__compound_literal.37
                0x0000000020000538        0x8 Src/network.o
 .data.__compound_literal.38
                0x0000000020000540       0x18 Src/network.o
 .data.SystemCoreClock
                0x0000000020000558        0x4 Src/system_stm32f4xx.o
                0x0000000020000558                SystemCoreClock
 .data._impure_ptr
                0x000000002000055c        0x4 c:/programfiles/stm32cubeide_1.0.1/stm32cubeide/plugins/com.st.stm32cube.ide.mcu.externaltools.gnu-tools-for-stm32.7-2018-q2-update.win32_1.0.0.201904181610/tools/bin/../lib/gcc/arm-none-eabi/7.3.1/../../../../arm-none-eabi/lib/thumb/v7e-m/fpv4-sp/hard\libc_nano.a(lib_a-impure.o)
                0x000000002000055c                _impure_ptr
 .data.impure_data
                0x0000000020000560       0x60 c:/programfiles/stm32cubeide_1.0.1/stm32cubeide/plugins/com.st.stm32cube.ide.mcu.externaltools.gnu-tools-for-stm32.7-2018-q2-update.win32_1.0.0.201904181610/tools/bin/../lib/gcc/arm-none-eabi/7.3.1/../../../../arm-none-eabi/lib/thumb/v7e-m/fpv4-sp/hard\libc_nano.a(lib_a-impure.o)
 .data.__global_locale
                0x00000000200005c0      0x16c c:/programfiles/stm32cubeide_1.0.1/stm32cubeide/plugins/com.st.stm32cube.ide.mcu.externaltools.gnu-tools-for-stm32.7-2018-q2-update.win32_1.0.0.201904181610/tools/bin/../lib/gcc/arm-none-eabi/7.3.1/../../../../arm-none-eabi/lib/thumb/v7e-m/fpv4-sp/hard\libc_nano.a(lib_a-locale.o)
                0x00000000200005c0                __global_locale
 .data.__fdlib_version
                0x000000002000072c        0x1 c:/programfiles/stm32cubeide_1.0.1/stm32cubeide/plugins/com.st.stm32cube.ide.mcu.externaltools.gnu-tools-for-stm32.7-2018-q2-update.win32_1.0.0.201904181610/tools/bin/../lib/gcc/arm-none-eabi/7.3.1/../../../../arm-none-eabi/lib/thumb/v7e-m/fpv4-sp/hard\libm.a(lib_a-s_lib_ver.o)
                0x000000002000072c                __fdlib_version
                0x0000000020000730                . = ALIGN (0x4)
 *fill*         0x000000002000072d        0x3 
                0x0000000020000730                _edata = .

.igot.plt       0x0000000020000730        0x0 load address 0x000000000800ae88
 .igot.plt      0x0000000020000730        0x0 c:/programfiles/stm32cubeide_1.0.1/stm32cubeide/plugins/com.st.stm32cube.ide.mcu.externaltools.gnu-tools-for-stm32.7-2018-q2-update.win32_1.0.0.201904181610/tools/bin/../lib/gcc/arm-none-eabi/7.3.1/thumb/v7e-m/fpv4-sp/hard/crtbegin.o
                0x0000000020000730                . = ALIGN (0x4)

.bss            0x0000000020000730      0x10c load address 0x000000000800ae88
                0x0000000020000730                _sbss = .
                0x0000000020000730                __bss_start__ = _sbss
 *(.bss)
 .bss           0x0000000020000730       0x1c c:/programfiles/stm32cubeide_1.0.1/stm32cubeide/plugins/com.st.stm32cube.ide.mcu.externaltools.gnu-tools-for-stm32.7-2018-q2-update.win32_1.0.0.201904181610/tools/bin/../lib/gcc/arm-none-eabi/7.3.1/thumb/v7e-m/fpv4-sp/hard/crtbegin.o
 *(.bss*)
 .bss.network   0x000000002000074c        0x4 Src/app_x-cube-ai.o
 .bss.activations.9884
                0x0000000020000750       0x18 Src/app_x-cube-ai.o
 .bss.in_data.9889
                0x0000000020000768        0x8 Src/app_x-cube-ai.o
 .bss.out_data.9890
                0x0000000020000770        0x4 Src/app_x-cube-ai.o
 .bss.__compound_literal.3
                0x0000000020000774        0x4 Src/network.o
 .bss.__compound_literal.7
                0x0000000020000778        0x4 Src/network.o
 .bss.__compound_literal.8
                0x000000002000077c        0x4 Src/network.o
 .bss.__compound_literal.13
                0x0000000020000780        0x4 Src/network.o
 .bss.__compound_literal.17
                0x0000000020000784        0x4 Src/network.o
 .bss.__compound_literal.18
                0x0000000020000788        0x4 Src/network.o
 .bss.__compound_literal.23
                0x000000002000078c        0x4 Src/network.o
 .bss.__compound_literal.27
                0x0000000020000790        0x4 Src/network.o
 .bss.__compound_literal.28
                0x0000000020000794        0x4 Src/network.o
 .bss.__compound_literal.31
                0x0000000020000798       0x14 Src/network.o
 .bss.__compound_literal.32
                0x00000000200007ac       0x10 Src/network.o
 .bss.__compound_literal.35
                0x00000000200007bc       0x14 Src/network.o
 .bss.__compound_literal.36
                0x00000000200007d0       0x10 Src/network.o
 .bss.heap_end.6424
                0x00000000200007e0        0x4 Src/sysmem.o
 .bss.__malloc_free_list
                0x00000000200007e4        0x4 c:/programfiles/stm32cubeide_1.0.1/stm32cubeide/plugins/com.st.stm32cube.ide.mcu.externaltools.gnu-tools-for-stm32.7-2018-q2-update.win32_1.0.0.201904181610/tools/bin/../lib/gcc/arm-none-eabi/7.3.1/../../../../arm-none-eabi/lib/thumb/v7e-m/fpv4-sp/hard\libc_nano.a(lib_a-nano-mallocr.o)
                0x00000000200007e4                __malloc_free_list
 .bss.__malloc_sbrk_start
                0x00000000200007e8        0x4 c:/programfiles/stm32cubeide_1.0.1/stm32cubeide/plugins/com.st.stm32cube.ide.mcu.externaltools.gnu-tools-for-stm32.7-2018-q2-update.win32_1.0.0.201904181610/tools/bin/../lib/gcc/arm-none-eabi/7.3.1/../../../../arm-none-eabi/lib/thumb/v7e-m/fpv4-sp/hard\libc_nano.a(lib_a-nano-mallocr.o)
                0x00000000200007e8                __malloc_sbrk_start
 *(COMMON)
 COMMON         0x00000000200007ec        0x4 Drivers/STM32F4xx_HAL_Driver/Src/stm32f4xx_hal.o
                0x00000000200007ec                uwTick
 COMMON         0x00000000200007f0       0x48 Src/main.o
                0x00000000200007f0                hcrc
                0x00000000200007f8                huart2
 COMMON         0x0000000020000838        0x4 c:/programfiles/stm32cubeide_1.0.1/stm32cubeide/plugins/com.st.stm32cube.ide.mcu.externaltools.gnu-tools-for-stm32.7-2018-q2-update.win32_1.0.0.201904181610/tools/bin/../lib/gcc/arm-none-eabi/7.3.1/../../../../arm-none-eabi/lib/thumb/v7e-m/fpv4-sp/hard\libc_nano.a(lib_a-reent.o)
                0x0000000020000838                errno
                0x000000002000083c                . = ALIGN (0x4)
                0x000000002000083c                _ebss = .
                0x000000002000083c                __bss_end__ = _ebss

._user_heap_stack
                0x000000002000083c      0x604 load address 0x000000000800ae88
                0x0000000020000840                . = ALIGN (0x8)
 *fill*         0x000000002000083c        0x4 
                0x0000000020000840                PROVIDE (end = .)
                [!provide]                        PROVIDE (_end = .)
                0x0000000020000a40                . = (. + _Min_Heap_Size)
 *fill*         0x0000000020000840      0x200 
                0x0000000020000e40                . = (. + _Min_Stack_Size)
 *fill*         0x0000000020000a40      0x400 
                0x0000000020000e40                . = ALIGN (0x8)

/DISCARD/
 libc.a(*)
 libm.a(*)
 libgcc.a(*)

.ARM.attributes
                0x0000000000000000       0x34
 *(.ARM.attributes)
 .ARM.attributes
                0x0000000000000000       0x22 c:/programfiles/stm32cubeide_1.0.1/stm32cubeide/plugins/com.st.stm32cube.ide.mcu.externaltools.gnu-tools-for-stm32.7-2018-q2-update.win32_1.0.0.201904181610/tools/bin/../lib/gcc/arm-none-eabi/7.3.1/thumb/v7e-m/fpv4-sp/hard/crti.o
 .ARM.attributes
                0x0000000000000022       0x34 c:/programfiles/stm32cubeide_1.0.1/stm32cubeide/plugins/com.st.stm32cube.ide.mcu.externaltools.gnu-tools-for-stm32.7-2018-q2-update.win32_1.0.0.201904181610/tools/bin/../lib/gcc/arm-none-eabi/7.3.1/thumb/v7e-m/fpv4-sp/hard/crtbegin.o
 .ARM.attributes
                0x0000000000000056       0x39 Drivers/CMSIS/DSP/Source/BasicMathFunctions/arm_dot_prod_f32.o
 .ARM.attributes
                0x000000000000008f       0x39 Drivers/CMSIS/DSP/Source/MatrixFunctions/arm_mat_init_f32.o
 .ARM.attributes
                0x00000000000000c8       0x39 Drivers/STM32F4xx_HAL_Driver/Src/stm32f4xx_hal.o
 .ARM.attributes
                0x0000000000000101       0x39 Drivers/STM32F4xx_HAL_Driver/Src/stm32f4xx_hal_cortex.o
 .ARM.attributes
                0x000000000000013a       0x39 Drivers/STM32F4xx_HAL_Driver/Src/stm32f4xx_hal_crc.o
 .ARM.attributes
                0x0000000000000173       0x39 Drivers/STM32F4xx_HAL_Driver/Src/stm32f4xx_hal_gpio.o
 .ARM.attributes
                0x00000000000001ac       0x39 Drivers/STM32F4xx_HAL_Driver/Src/stm32f4xx_hal_rcc.o
 .ARM.attributes
                0x00000000000001e5       0x39 Drivers/STM32F4xx_HAL_Driver/Src/stm32f4xx_hal_rcc_ex.o
 .ARM.attributes
                0x000000000000021e       0x39 Drivers/STM32F4xx_HAL_Driver/Src/stm32f4xx_hal_uart.o
 .ARM.attributes
                0x0000000000000257       0x39 Src/app_x-cube-ai.o
 .ARM.attributes
                0x0000000000000290       0x39 Src/main.o
 .ARM.attributes
                0x00000000000002c9       0x39 Src/network.o
 .ARM.attributes
                0x0000000000000302       0x39 Src/network_data.o
 .ARM.attributes
                0x000000000000033b       0x39 Src/stm32f4xx_hal_msp.o
 .ARM.attributes
                0x0000000000000374       0x39 Src/stm32f4xx_it.o
 .ARM.attributes
                0x00000000000003ad       0x39 Src/sysmem.o
 .ARM.attributes
                0x00000000000003e6       0x39 Src/system_stm32f4xx.o
 .ARM.attributes
                0x000000000000041f       0x21 Startup/startup_stm32f446retx.o
 .ARM.attributes
                0x0000000000000440       0x58 ../Middlewares/ST/AI/Lib\NetworkRuntime400_CM4_GCC.a(ai_platform_interface.o)
 .ARM.attributes
                0x0000000000000498       0x5a ../Middlewares/ST/AI/Lib\NetworkRuntime400_CM4_GCC.a(core_common.o)
 .ARM.attributes
                0x00000000000004f2       0x58 ../Middlewares/ST/AI/Lib\NetworkRuntime400_CM4_GCC.a(layers.o)
 .ARM.attributes
                0x000000000000054a       0x58 ../Middlewares/ST/AI/Lib\NetworkRuntime400_CM4_GCC.a(layers_conv2d_generic_float.o)
 .ARM.attributes
                0x00000000000005a2       0x5a ../Middlewares/ST/AI/Lib\NetworkRuntime400_CM4_GCC.a(layers_nl_generic_float.o)
 .ARM.attributes
                0x00000000000005fc       0x54 ../Middlewares/ST/AI/Lib\NetworkRuntime400_CM4_GCC.a(ai_datatypes_format.o)
 .ARM.attributes
                0x0000000000000650       0x5a ../Middlewares/ST/AI/Lib\NetworkRuntime400_CM4_GCC.a(ai_math_helpers.o)
 .ARM.attributes
                0x00000000000006aa       0x34 c:/programfiles/stm32cubeide_1.0.1/stm32cubeide/plugins/com.st.stm32cube.ide.mcu.externaltools.gnu-tools-for-stm32.7-2018-q2-update.win32_1.0.0.201904181610/tools/bin/../lib/gcc/arm-none-eabi/7.3.1/../../../../arm-none-eabi/lib/thumb/v7e-m/fpv4-sp/hard\libc_nano.a(lib_a-aeabi_memclr.o)
 .ARM.attributes
                0x00000000000006de       0x34 c:/programfiles/stm32cubeide_1.0.1/stm32cubeide/plugins/com.st.stm32cube.ide.mcu.externaltools.gnu-tools-for-stm32.7-2018-q2-update.win32_1.0.0.201904181610/tools/bin/../lib/gcc/arm-none-eabi/7.3.1/../../../../arm-none-eabi/lib/thumb/v7e-m/fpv4-sp/hard\libc_nano.a(lib_a-aeabi_memcpy.o)
 .ARM.attributes
                0x0000000000000712       0x20 c:/programfiles/stm32cubeide_1.0.1/stm32cubeide/plugins/com.st.stm32cube.ide.mcu.externaltools.gnu-tools-for-stm32.7-2018-q2-update.win32_1.0.0.201904181610/tools/bin/../lib/gcc/arm-none-eabi/7.3.1/../../../../arm-none-eabi/lib/thumb/v7e-m/fpv4-sp/hard\libc_nano.a(lib_a-aeabi_memset-soft.o)
 .ARM.attributes
                0x0000000000000732       0x34 c:/programfiles/stm32cubeide_1.0.1/stm32cubeide/plugins/com.st.stm32cube.ide.mcu.externaltools.gnu-tools-for-stm32.7-2018-q2-update.win32_1.0.0.201904181610/tools/bin/../lib/gcc/arm-none-eabi/7.3.1/../../../../arm-none-eabi/lib/thumb/v7e-m/fpv4-sp/hard\libc_nano.a(lib_a-errno.o)
 .ARM.attributes
                0x0000000000000766       0x34 c:/programfiles/stm32cubeide_1.0.1/stm32cubeide/plugins/com.st.stm32cube.ide.mcu.externaltools.gnu-tools-for-stm32.7-2018-q2-update.win32_1.0.0.201904181610/tools/bin/../lib/gcc/arm-none-eabi/7.3.1/../../../../arm-none-eabi/lib/thumb/v7e-m/fpv4-sp/hard\libc_nano.a(lib_a-impure.o)
 .ARM.attributes
                0x000000000000079a       0x34 c:/programfiles/stm32cubeide_1.0.1/stm32cubeide/plugins/com.st.stm32cube.ide.mcu.externaltools.gnu-tools-for-stm32.7-2018-q2-update.win32_1.0.0.201904181610/tools/bin/../lib/gcc/arm-none-eabi/7.3.1/../../../../arm-none-eabi/lib/thumb/v7e-m/fpv4-sp/hard\libc_nano.a(lib_a-init.o)
 .ARM.attributes
                0x00000000000007ce       0x34 c:/programfiles/stm32cubeide_1.0.1/stm32cubeide/plugins/com.st.stm32cube.ide.mcu.externaltools.gnu-tools-for-stm32.7-2018-q2-update.win32_1.0.0.201904181610/tools/bin/../lib/gcc/arm-none-eabi/7.3.1/../../../../arm-none-eabi/lib/thumb/v7e-m/fpv4-sp/hard\libc_nano.a(lib_a-memcmp.o)
 .ARM.attributes
                0x0000000000000802       0x34 c:/programfiles/stm32cubeide_1.0.1/stm32cubeide/plugins/com.st.stm32cube.ide.mcu.externaltools.gnu-tools-for-stm32.7-2018-q2-update.win32_1.0.0.201904181610/tools/bin/../lib/gcc/arm-none-eabi/7.3.1/../../../../arm-none-eabi/lib/thumb/v7e-m/fpv4-sp/hard\libc_nano.a(lib_a-memcpy-stub.o)
 .ARM.attributes