app_x-cube-ai.c:65:6:MX_X_CUBE_AI_Init	8	static
app_x-cube-ai.c:73:6:MX_X_CUBE_AI_Process	8	static
app_x-cube-ai.c:111:9:ai_mnetwork_is_valid	24	static
app_x-cube-ai.c:121:26:ai_mnetwork_handle	24	static
app_x-cube-ai.c:133:6:ai_mnetwork_release_handle	24	static
app_x-cube-ai.c:144:13:ai_mnetwork_find	24	static
app_x-cube-ai.c:161:10:ai_mnetwork_create	48	static
app_x-cube-ai.c:203:11:ai_mnetwork_destroy	24	static
app_x-cube-ai.c:218:9:ai_mnetwork_get_info	24	static
app_x-cube-ai.c:229:10:ai_mnetwork_get_error	24	static
app_x-cube-ai.c:244:9:ai_mnetwork_init	72	static
app_x-cube-ai.c:269:8:ai_mnetwork_run	32	static
app_x-cube-ai.c:281:8:ai_mnetwork_forward	24	static
app_x-cube-ai.c:292:6:ai_mnetwork_get_private_handle	40	static
