aiSystemPerformance.c:135:22:crcIpInit	16	static
aiSystemPerformance.c:149:22:dwtIpInit	4	static
aiSystemPerformance.c:161:22:dwtReset	4	static
aiSystemPerformance.c:166:26:dwtGetCycles	4	static
aiSystemPerformance.c:171:26:systemCoreClock	8	static
aiSystemPerformance.c:180:21:dwtCyclesToTime	80	static
aiSystemPerformance.c:197:29:devIdToStr	24	static
aiSystemPerformance.c:217:29:bitToStr	16	static
aiSystemPerformance.c:226:22:logDeviceConf	40	static
aiSystemPerformance.c:291:26:disableInts	16	static,ignoring_inline_asm
aiSystemPerformance.c:301:22:restoreInts	24	static,ignoring_inline_asm
aiSystemPerformance.c:323:12:ioGetUint8	32	static
aiSystemPerformance.c:344:5:_write	32	static
aiSystemPerformance.c:362:7:__wrap_malloc	24	static
aiSystemPerformance.c:387:6:__wrap_free	24	static
aiSystemPerformance.c:499:22:aiLogErr	16	static
aiSystemPerformance.c:508:22:aiPrintLayoutBuffer	40	static
aiSystemPerformance.c:532:22:aiPrintNetworkInfo	32	static
aiSystemPerformance.c:564:12:aiBootstrap	72	static
aiSystemPerformance.c:605:12:aiInit	16	static
aiSystemPerformance.c:630:13:aiDeInit	16	static
aiSystemPerformance.c:677:12:aiTestPerformance	224	static,ignoring_inline_asm
aiSystemPerformance.c:952:12:aiTestConsole	16	static
aiSystemPerformance.c:983:5:aiSystemPerformanceInit	8	static
aiSystemPerformance.c:1013:5:aiSystemPerformanceProcess	16	static
aiSystemPerformance.c:1083:6:aiSystemPerformanceDeInit	8	static
