Archive member included to satisfy reference by file (symbol)

../Middlewares/ST/AI/Lib\NetworkRuntime400_CM4_GCC.a(ai_network_inspector.o)
                              Middlewares/ST/Application/Validation/Src/aiValidation.o (ai_inspector_bind_network)
../Middlewares/ST/AI/Lib\NetworkRuntime400_CM4_GCC.a(ai_platform_interface.o)
                              Src/network.o (ai_platform_api_get_network_report)
../Middlewares/ST/AI/Lib\NetworkRuntime400_CM4_GCC.a(core_common.o)
                              ../Middlewares/ST/AI/Lib\NetworkRuntime400_CM4_GCC.a(ai_platform_interface.o) (core_get_error)
../Middlewares/ST/AI/Lib\NetworkRuntime400_CM4_GCC.a(core_mem_manager.o)
                              ../Middlewares/ST/AI/Lib\NetworkRuntime400_CM4_GCC.a(ai_network_inspector.o) (core_mem_alloc)
../Middlewares/ST/AI/Lib\NetworkRuntime400_CM4_GCC.a(core_net_inspect.o)
                              ../Middlewares/ST/AI/Lib\NetworkRuntime400_CM4_GCC.a(ai_network_inspector.o) (ai_network_inspect_destroy)
../Middlewares/ST/AI/Lib\NetworkRuntime400_CM4_GCC.a(core_utils.o)
                              ../Middlewares/ST/AI/Lib\NetworkRuntime400_CM4_GCC.a(core_net_inspect.o) (core_utils_generate_network_signature)
../Middlewares/ST/AI/Lib\NetworkRuntime400_CM4_GCC.a(layers.o)
                              ../Middlewares/ST/AI/Lib\NetworkRuntime400_CM4_GCC.a(ai_platform_interface.o) (ai_check_custom_types)
../Middlewares/ST/AI/Lib\NetworkRuntime400_CM4_GCC.a(layers_conv2d_generic_float.o)
                              Src/network.o (forward_dense)
../Middlewares/ST/AI/Lib\NetworkRuntime400_CM4_GCC.a(layers_nl_generic_float.o)
                              Src/network.o (forward_relu)
../Middlewares/ST/AI/Lib\NetworkRuntime400_CM4_GCC.a(ai_datatypes_format.o)
                              ../Middlewares/ST/AI/Lib\NetworkRuntime400_CM4_GCC.a(ai_platform_interface.o) (ai_array_get_byte_size)
../Middlewares/ST/AI/Lib\NetworkRuntime400_CM4_GCC.a(ai_math_helpers.o)
                              ../Middlewares/ST/AI/Lib\NetworkRuntime400_CM4_GCC.a(layers_nl_generic_float.o) (ai_math_sqrt)
../Middlewares/ST/AI/Lib\NetworkRuntime400_CM4_GCC.a(core_benchmark.o)
                              ../Middlewares/ST/AI/Lib\NetworkRuntime400_CM4_GCC.a(core_net_inspect.o) (core_timer_init)
c:/programfiles/stm32cubeide_1.0.1/stm32cubeide/plugins/com.st.stm32cube.ide.mcu.externaltools.gnu-tools-for-stm32.7-2018-q2-update.win32_1.0.0.201904181610/tools/bin/../lib/gcc/arm-none-eabi/7.3.1/../../../../arm-none-eabi/lib/thumb/v7e-m/fpv4-sp/hard\libc_nano.a(lib_a-aeabi_memclr.o)
                              ../Middlewares/ST/AI/Lib\NetworkRuntime400_CM4_GCC.a(layers_conv2d_generic_float.o) (__aeabi_memclr)
c:/programfiles/stm32cubeide_1.0.1/stm32cubeide/plugins/com.st.stm32cube.ide.mcu.externaltools.gnu-tools-for-stm32.7-2018-q2-update.win32_1.0.0.201904181610/tools/bin/../lib/gcc/arm-none-eabi/7.3.1/../../../../arm-none-eabi/lib/thumb/v7e-m/fpv4-sp/hard\libc_nano.a(lib_a-aeabi_memcpy.o)
                              ../Middlewares/ST/AI/Lib\NetworkRuntime400_CM4_GCC.a(ai_platform_interface.o) (__aeabi_memcpy)
c:/programfiles/stm32cubeide_1.0.1/stm32cubeide/plugins/com.st.stm32cube.ide.mcu.externaltools.gnu-tools-for-stm32.7-2018-q2-update.win32_1.0.0.201904181610/tools/bin/../lib/gcc/arm-none-eabi/7.3.1/../../../../arm-none-eabi/lib/thumb/v7e-m/fpv4-sp/hard\libc_nano.a(lib_a-aeabi_memset-soft.o)
                              c:/programfiles/stm32cubeide_1.0.1/stm32cubeide/plugins/com.st.stm32cube.ide.mcu.externaltools.gnu-tools-for-stm32.7-2018-q2-update.win32_1.0.0.201904181610/tools/bin/../lib/gcc/arm-none-eabi/7.3.1/../../../../arm-none-eabi/lib/thumb/v7e-m/fpv4-sp/hard\libc_nano.a(lib_a-aeabi_memclr.o) (__aeabi_memset)
c:/programfiles/stm32cubeide_1.0.1/stm32cubeide/plugins/com.st.stm32cube.ide.mcu.externaltools.gnu-tools-for-stm32.7-2018-q2-update.win32_1.0.0.201904181610/tools/bin/../lib/gcc/arm-none-eabi/7.3.1/../../../../arm-none-eabi/lib/thumb/v7e-m/fpv4-sp/hard\libc_nano.a(lib_a-errno.o)
                              Middlewares/ST/Application/Validation/Src/aiTestUtility.o (__errno)
c:/programfiles/stm32cubeide_1.0.1/stm32cubeide/plugins/com.st.stm32cube.ide.mcu.externaltools.gnu-tools-for-stm32.7-2018-q2-update.win32_1.0.0.201904181610/tools/bin/../lib/gcc/arm-none-eabi/7.3.1/../../../../arm-none-eabi/lib/thumb/v7e-m/fpv4-sp/hard\libc_nano.a(lib_a-exit.o)
                              c:/programfiles/stm32cubeide_1.0.1/stm32cubeide/plugins/com.st.stm32cube.ide.mcu.externaltools.gnu-tools-for-stm32.7-2018-q2-update.win32_1.0.0.201904181610/tools/bin/../lib/gcc/arm-none-eabi/7.3.1/../../../../arm-none-eabi/lib/thumb/v7e-m/fpv4-sp/hard/crt0.o (exit)
c:/programfiles/stm32cubeide_1.0.1/stm32cubeide/plugins/com.st.stm32cube.ide.mcu.externaltools.gnu-tools-for-stm32.7-2018-q2-update.win32_1.0.0.201904181610/tools/bin/../lib/gcc/arm-none-eabi/7.3.1/../../../../arm-none-eabi/lib/thumb/v7e-m/fpv4-sp/hard\libc_nano.a(lib_a-impure.o)
[...]
Memory Configuration

Name             Origin             Length             Attributes
FLASH            0x0000000008000000 0x0000000000080000 xr
RAM              0x0000000020000000 0x0000000000020000 xrw
*default*        0x0000000000000000 0xffffffffffffffff

Linker script and memory map

LOAD c:/programfiles/stm32cubeide_1.0.1/stm32cubeide/plugins/com.st.stm32cube.ide.mcu.externaltools.gnu-tools-for-stm32.7-2018-q2-update.win32_1.0.0.201904181610/tools/bin/../lib/gcc/arm-none-eabi/7.3.1/thumb/v7e-m/fpv4-sp/hard/crti.o
LOAD c:/programfiles/stm32cubeide_1.0.1/stm32cubeide/plugins/com.st.stm32cube.ide.mcu.externaltools.gnu-tools-for-stm32.7-2018-q2-update.win32_1.0.0.201904181610/tools/bin/../lib/gcc/arm-none-eabi/7.3.1/thumb/v7e-m/fpv4-sp/hard/crtbegin.o
LOAD c:/programfiles/stm32cubeide_1.0.1/stm32cubeide/plugins/com.st.stm32cube.ide.mcu.externaltools.gnu-tools-for-stm32.7-2018-q2-update.win32_1.0.0.201904181610/tools/bin/../lib/gcc/arm-none-eabi/7.3.1/../../../../arm-none-eabi/lib/thumb/v7e-m/fpv4-sp/hard/crt0.o
LOAD Drivers/CMSIS/DSP/Source/BasicMathFunctions/arm_dot_prod_f32.o
LOAD Drivers/CMSIS/DSP/Source/BasicMathFunctions/arm_shift_q15.o
LOAD Drivers/CMSIS/DSP/Source/BasicMathFunctions/arm_shift_q7.o
LOAD Drivers/CMSIS/DSP/Source/MatrixFunctions/arm_mat_init_f32.o
LOAD Drivers/CMSIS/DSP/Source/SupportFunctions/arm_float_to_q15.o
LOAD Drivers/CMSIS/DSP/Source/SupportFunctions/arm_float_to_q7.o
LOAD Drivers/CMSIS/DSP/Source/SupportFunctions/arm_q15_to_float.o
LOAD Drivers/CMSIS/DSP/Source/SupportFunctions/arm_q15_to_q7.o
LOAD Drivers/CMSIS/DSP/Source/SupportFunctions/arm_q7_to_float.o
LOAD Drivers/CMSIS/DSP/Source/SupportFunctions/arm_q7_to_q15.o
LOAD Drivers/STM32F4xx_HAL_Driver/Src/stm32f4xx_hal.o
LOAD Drivers/STM32F4xx_HAL_Driver/Src/stm32f4xx_hal_cortex.o
LOAD Drivers/STM32F4xx_HAL_Driver/Src/stm32f4xx_hal_crc.o
LOAD Drivers/STM32F4xx_HAL_Driver/Src/stm32f4xx_hal_dma.o
LOAD Drivers/STM32F4xx_HAL_Driver/Src/stm32f4xx_hal_dma_ex.o
LOAD Drivers/STM32F4xx_HAL_Driver/Src/stm32f4xx_hal_exti.o
LOAD Drivers/STM32F4xx_HAL_Driver/Src/stm32f4xx_hal_flash.o
LOAD Drivers/STM32F4xx_HAL_Driver/Src/stm32f4xx_hal_flash_ex.o
LOAD Drivers/STM32F4xx_HAL_Driver/Src/stm32f4xx_hal_flash_ramfunc.o
LOAD Drivers/STM32F4xx_HAL_Driver/Src/stm32f4xx_hal_gpio.o
LOAD Drivers/STM32F4xx_HAL_Driver/Src/stm32f4xx_hal_pwr.o
LOAD Drivers/STM32F4xx_HAL_Driver/Src/stm32f4xx_hal_pwr_ex.o
LOAD Drivers/STM32F4xx_HAL_Driver/Src/stm32f4xx_hal_rcc.o
LOAD Drivers/STM32F4xx_HAL_Driver/Src/stm32f4xx_hal_rcc_ex.o
LOAD Drivers/STM32F4xx_HAL_Driver/Src/stm32f4xx_hal_tim.o
LOAD Drivers/STM32F4xx_HAL_Driver/Src/stm32f4xx_hal_tim_ex.o
LOAD Drivers/STM32F4xx_HAL_Driver/Src/stm32f4xx_hal_uart.o
LOAD Middlewares/ST/Application/Validation/Src/aiPbMgr.o
LOAD Middlewares/ST/Application/Validation/Src/aiTestUtility.o
LOAD Middlewares/ST/Application/Validation/Src/aiValidation.o
LOAD Middlewares/ST/Application/Validation/Src/pb_common.o
LOAD Middlewares/ST/Application/Validation/Src/pb_decode.o
LOAD Middlewares/ST/Application/Validation/Src/pb_encode.o
LOAD Middlewares/ST/Application/Validation/Src/stm32msg.pb.o
LOAD Src/app_x-cube-ai.o
LOAD Src/main.o
LOAD Src/network.o
LOAD Src/network_data.o
LOAD Src/stm32f4xx_hal_msp.o
LOAD Src/stm32f4xx_it.o
LOAD Src/syscalls.o
LOAD Src/sysmem.o
LOAD Src/system_stm32f4xx.o
LOAD Startup/startup_stm32f446retx.o
LOAD ../Middlewares/ST/AI/Lib\NetworkRuntime400_CM4_GCC.a
START GROUP
LOAD c:/programfiles/stm32cubeide_1.0.1/stm32cubeide/plugins/com.st.stm32cube.ide.mcu.externaltools.gnu-tools-for-stm32.7-2018-q2-update.win32_1.0.0.201904181610/tools/bin/../lib/gcc/arm-none-eabi/7.3.1/../../../../arm-none-eabi/lib/thumb/v7e-m/fpv4-sp/hard\libc_nano.a
LOAD c:/programfiles/stm32cubeide_1.0.1/stm32cubeide/plugins/com.st.stm32cube.ide.mcu.externaltools.gnu-tools-for-stm32.7-2018-q2-update.win32_1.0.0.201904181610/tools/bin/../lib/gcc/arm-none-eabi/7.3.1/../../../../arm-none-eabi/lib/thumb/v7e-m/fpv4-sp/hard\libm.a
END GROUP
START GROUP
LOAD c:/programfiles/stm32cubeide_1.0.1/stm32cubeide/plugins/com.st.stm32cube.ide.mcu.externaltools.gnu-tools-for-stm32.7-2018-q2-update.win32_1.0.0.201904181610/tools/bin/../lib/gcc/arm-none-eabi/7.3.1/thumb/v7e-m/fpv4-sp/hard\libgcc.a
LOAD c:/programfiles/stm32cubeide_1.0.1/stm32cubeide/plugins/com.st.stm32cube.ide.mcu.externaltools.gnu-tools-for-stm32.7-2018-q2-update.win32_1.0.0.201904181610/tools/bin/../lib/gcc/arm-none-eabi/7.3.1/../../../../arm-none-eabi/lib/thumb/v7e-m/fpv4-sp/hard\libc_nano.a
END GROUP
START GROUP
LOAD c:/programfiles/stm32cubeide_1.0.1/stm32cubeide/plugins/com.st.stm32cube.ide.mcu.externaltools.gnu-tools-for-stm32.7-2018-q2-update.win32_1.0.0.201904181610/tools/bin/../lib/gcc/arm-none-eabi/7.3.1/thumb/v7e-m/fpv4-sp/hard\libgcc.a
LOAD c:/programfiles/stm32cubeide_1.0.1/stm32cubeide/plugins/com.st.stm32cube.ide.mcu.externaltools.gnu-tools-for-stm32.7-2018-q2-update.win32_1.0.0.201904181610/tools/bin/../lib/gcc/arm-none-eabi/7.3.1/../../../../arm-none-eabi/lib/thumb/v7e-m/fpv4-sp/hard\libc_nano.a
LOAD c:/programfiles/stm32cubeide_1.0.1/stm32cubeide/plugins/com.st.stm32cube.ide.mcu.externaltools.gnu-tools-for-stm32.7-2018-q2-update.win32_1.0.0.201904181610/tools/bin/../lib/gcc/arm-none-eabi/7.3.1/../../../../arm-none-eabi/lib/thumb/v7e-m/fpv4-sp/hard\libnosys.a
END GROUP
START GROUP
LOAD c:/programfiles/stm32cubeide_1.0.1/stm32cubeide/plugins/com.st.stm32cube.ide.mcu.externaltools.gnu-tools-for-stm32.7-2018-q2-update.win32_1.0.0.201904181610/tools/bin/../lib/gcc/arm-none-eabi/7.3.1/thumb/v7e-m/fpv4-sp/hard\libgcc.a
LOAD c:/programfiles/stm32cubeide_1.0.1/stm32cubeide/plugins/com.st.stm32cube.ide.mcu.externaltools.gnu-tools-for-stm32.7-2018-q2-update.win32_1.0.0.201904181610/tools/bin/../lib/gcc/arm-none-eabi/7.3.1/../../../../arm-none-eabi/lib/thumb/v7e-m/fpv4-sp/hard\libc_nano.a
LOAD c:/programfiles/stm32cubeide_1.0.1/stm32cubeide/plugins/com.st.stm32cube.ide.mcu.externaltools.gnu-tools-for-stm32.7-2018-q2-update.win32_1.0.0.201904181610/tools/bin/../lib/gcc/arm-none-eabi/7.3.1/../../../../arm-none-eabi/lib/thumb/v7e-m/fpv4-sp/hard\libnosys.a
END GROUP
LOAD c:/programfiles/stm32cubeide_1.0.1/stm32cubeide/plugins/com.st.stm32cube.ide.mcu.externaltools.gnu-tools-for-stm32.7-2018-q2-update.win32_1.0.0.201904181610/tools/bin/../lib/gcc/arm-none-eabi/7.3.1/thumb/v7e-m/fpv4-sp/hard/crtend.o
LOAD c:/programfiles/stm32cubeide_1.0.1/stm32cubeide/plugins/com.st.stm32cube.ide.mcu.externaltools.gnu-tools-for-stm32.7-2018-q2-update.win32_1.0.0.201904181610/tools/bin/../lib/gcc/arm-none-eabi/7.3.1/thumb/v7e-m/fpv4-sp/hard/crtn.o
                0x000000002001ffff                _estack = 0x2001ffff
                0x0000000000000800                _Min_Heap_Size = 0x800
                0x0000000000000400                _Min_Stack_Size = 0x400

.isr_vector     0x0000000008000000      0x1c4
                0x0000000008000000                . = ALIGN (0x4)
 *(.isr_vector)
 .isr_vector    0x0000000008000000      0x1c4 Startup/startup_stm32f446retx.o
                0x0000000008000000                g_pfnVectors
                0x00000000080001c4                . = ALIGN (0x4)

.text           0x00000000080001d0     0xe6c4
                0x00000000080001d0                . = ALIGN (0x4)
 *(.text)
 .text          0x00000000080001d0       0x40 c:/programfiles/stm32cubeide_1.0.1/stm32cubeide/plugins/com.st.stm32cube.ide.mcu.externaltools.gnu-tools-for-stm32.7-2018-q2-update.win32_1.0.0.201904181610/tools/bin/../lib/gcc/arm-none-eabi/7.3.1/thumb/v7e-m/fpv4-sp/hard/crtbegin.o
 .text          0x0000000008000210      0x2f2 ../Middlewares/ST/AI/Lib\NetworkRuntime400_CM4_GCC.a(ai_network_inspector.o)
                0x0000000008000210                ai_inspector_default_config
                0x000000000800023c                ai_inspector_create
                0x00000000080002a0                ai_inspector_destroy
                0x00000000080002f2                ai_inspector_bind_network
                0x0000000008000374                ai_inspector_unbind_network
                0x0000000008000408                ai_inspector_get_report
                0x0000000008000486                ai_inspector_run
 *fill*         0x0000000008000502        0x2 
 .text          0x0000000008000504      0x86c ../Middlewares/ST/AI/Lib\NetworkRuntime400_CM4_GCC.a(ai_platform_interface.o)
                0x0000000008000884                ai_platform_runtime_get_revision
                0x00000000080008b4                ai_platform_runtime_get_version
                0x00000000080008e8                ai_platform_api_get_version
                0x000000000800091c                ai_platform_interface_api_get_version
                0x0000000008000950                ai_platform_context_acquire
                0x000000000800098c                ai_platform_context_release
                0x0000000008000994                ai_platform_network_get_error
                0x00000000080009e0                ai_platform_network_set_error
                0x00000000080009ec                ai_platform_api_get_network_report
                0x0000000008000b60                ai_platform_network_create
                0x0000000008000bd8                ai_platform_network_destroy
                0x0000000008000c16                ai_platform_network_init
                0x0000000008000cc2                ai_platform_network_process
 .text          0x0000000008000d70       0x24 ../Middlewares/ST/AI/Lib\NetworkRuntime400_CM4_GCC.a(core_common.o)
                0x0000000008000d70                core_init
                0x0000000008000d74                core_get_error
                0x0000000008000d7e                core_set_error
 .text          0x0000000008000d94       0x7e ../Middlewares/ST/AI/Lib\NetworkRuntime400_CM4_GCC.a(core_mem_manager.o)
                0x0000000008000d94                core_mem_alloc
                0x0000000008000dae                core_mem_free
                0x0000000008000dd4                core_mem_realloc
 *fill*         0x0000000008000e12        0x2 
 .text          0x0000000008000e14      0x8d0 ../Middlewares/ST/AI/Lib\NetworkRuntime400_CM4_GCC.a(core_net_inspect.o)
                0x0000000008001234                core_inspect_forward_validate_
                0x0000000008001598                ai_network_inspect_init
                0x000000000800162c                ai_network_inspect_get_report
                0x000000000800165c                ai_network_inspect_destroy
 .text          0x00000000080016e4      0x27c ../Middlewares/ST/AI/Lib\NetworkRuntime400_CM4_GCC.a(core_utils.o)
                0x000000000800181e                core_utils_compute_crc32
                0x0000000008001820                core_utils_generate_network_signature
                0x0000000008001868                get_broadcasted_shape
                0x00000000080018ae                compute_offsets
 .text          0x0000000008001960      0x25c ../Middlewares/ST/AI/Lib\NetworkRuntime400_CM4_GCC.a(layers.o)
                0x0000000008001960                ai_layers_forward_layer
                0x0000000008001974                ai_check_custom_types
                0x000000000800199c                ai_layer_type_name
                0x0000000008001aac                ai_layer_type_is_valid
                0x0000000008001ac8                ai_layers_forward_all
 .text          0x0000000008001bbc     0x1734 ../Middlewares/ST/AI/Lib\NetworkRuntime400_CM4_GCC.a(layers_conv2d_generic_float.o)
                0x0000000008002250                ai_dict8_dot_array_f32
                0x0000000008002528                ai_dict4_dot_array_f32
                0x00000000080025c8                ai_dict_decompress_f32
                0x000000000800269c                forward_conv2d
                0x00000000080028b4                forward_conv2d_nl_pool
                0x0000000008002c98                forward_dense
                0x00000000080030e8                forward_gemm
                0x0000000008003194                forward_matmul
 .text          0x00000000080032f0      0xca6 ../Middlewares/ST/AI/Lib\NetworkRuntime400_CM4_GCC.a(layers_nl_generic_float.o)
                0x00000000080032f0                nl_func_sm_channel_f32
                0x0000000008003414                nl_func_sm_array_f32
                0x0000000008003458                nl_func_tanh_array_f32
                0x0000000008003484                nl_func_sigmoid_array_f32
                0x00000000080034c4                nl_func_hard_sigmoid_array_f32
                0x000000000800351c                nl_func_exp_array_f32
                0x0000000008003548                nl_func_sqrt_array_f32
                0x0000000008003574                nl_func_soft_plus_array_f32
                0x00000000080035ac                nl_func_soft_sign_array_f32
                0x00000000080035e0                nl_func_sign_array_f32
                0x0000000008003620                nl_func_clip_array_f32
                0x0000000008003668                nl_func_hardmax_array_f32
                0x0000000008003744                nl_func_relu_array_f32
                0x000000000800377c                nl_func_relu_generic_array_f32
                0x0000000008003830                nl_func_relu_thresholded_array_f32
                0x0000000008003864                nl_func_elu_array_f32
                0x00000000080038ec                nl_func_selu_array_f32
                0x0000000008003978                nl_func_prelu_array_f32
                0x00000000080039d4                forward_relu
                0x0000000008003a4c                forward_relu_thresholded
                0x0000000008003aac                forward_elu
                0x0000000008003b52                forward_selu
                0x0000000008003b7e                forward_prelu
                0x0000000008003bec                forward_sign
                0x0000000008003c50                forward_clip
                0x0000000008003cc0                forward_sigmoid
                0x0000000008003d20                forward_hard_sigmoid
                0x0000000008003dac                forward_exp
                0x0000000008003df8                forward_sqrt
                0x0000000008003e44                forward_soft_plus
                0x0000000008003e9c                forward_soft_sign
                0x0000000008003ef4                forward_tanh
                0x0000000008003f3e                forward_sm
                0x0000000008003f74                forward_hardmax
 *fill*         0x0000000008003f96        0x2 
 .text          0x0000000008003f98      0x8f0 ../Middlewares/ST/AI/Lib\NetworkRuntime400_CM4_GCC.a(ai_datatypes_format.o)
                0x0000000008003f98                ai_array_fmt_name
                0x0000000008004142                ai_array_fmt_exported
                0x0000000008004226                ai_array_fmt_valid
                0x000000000800430c                ai_array_fmt_get_formats
                0x000000000800431c                ai_buffer_fmt_name
                0x00000000080043e2                ai_buffer_fmt_valid
                0x0000000008004450                ai_buffer_fmt_get_formats
                0x0000000008004458                ai_array_to_buffer_fmt
                0x0000000008004504                ai_buffer_to_array_fmt
                0x0000000008004608                ai_array_get_byte_size
                0x000000000800465e                ai_array_get_data_byte_size
                0x0000000008004686                ai_array_get_elems_from_size
 .text          0x0000000008004888      0x128 ../Middlewares/ST/AI/Lib\NetworkRuntime400_CM4_GCC.a(ai_math_helpers.o)
                0x0000000008004888                ai_math_dot_array
                0x00000000080048b4                ai_math_sqrt
                0x00000000080048cc                ai_math_exp
                0x00000000080048d0                ai_math_pow
                0x00000000080048d4                ai_math_tanh
                0x00000000080048d8                ai_math_relu
                0x00000000080048e8                ai_math_prelu
                0x00000000080048f8                ai_math_sigmoid
                0x0000000008004918                ai_math_hard_sigmoid
                0x000000000800494c                ai_math_sign
                0x0000000008004978                ai_sum
                0x000000000800497e                ai_sub
                0x0000000008004984                ai_mul
                0x000000000800498a                ai_div
                0x0000000008004990                ai_max
                0x00000000080049a0                ai_min
 .text          0x00000000080049b0        0x2 ../Middlewares/ST/AI/Lib\NetworkRuntime400_CM4_GCC.a(core_benchmark.o)
                0x00000000080049b0                core_timer_init_
 .text          0x00000000080049b2        0x4 ../Middlewares/ST/AI/Lib\NetworkRuntime400_CM4_GCC.a(core_benchmark.o)
                0x00000000080049b2                core_timer_ticks_
 *fill*         0x00000000080049b6        0x2 
 .text          0x00000000080049b8       0xe0 ../Middlewares/ST/AI/Lib\NetworkRuntime400_CM4_GCC.a(core_benchmark.o)
                0x00000000080049b8                core_timer_init
                0x00000000080049e2                core_timer_reset
                0x00000000080049ee                core_timer_start
                0x0000000008004a02                core_timer_stop
                0x0000000008004a1c                core_timer_main_test_unit
 .text          0x0000000008004a98       0x9a c:/programfiles/stm32cubeide_1.0.1/stm32cubeide/plugins/com.st.stm32cube.ide.mcu.externaltools.gnu-tools-for-stm32.7-2018-q2-update.win32_1.0.0.201904181610/tools/bin/../lib/gcc/arm-none-eabi/7.3.1/../../../../arm-none-eabi/lib/thumb/v7e-m/fpv4-sp/hard\libc_nano.a(lib_a-aeabi_memset-soft.o)
                0x0000000008004a98                __aeabi_memset8
                0x0000000008004a98                __aeabi_memset4
                0x0000000008004a98                __aeabi_memset
 .text          0x0000000008004b32       0x10 c:/programfiles/stm32cubeide_1.0.1/stm32cubeide/plugins/com.st.stm32cube.ide.mcu.externaltools.gnu-tools-for-stm32.7-2018-q2-update.win32_1.0.0.201904181610/tools/bin/../lib/gcc/arm-none-eabi/7.3.1/../../../../arm-none-eabi/lib/thumb/v7e-m/fpv4-sp/hard\libc_nano.a(lib_a-strlen.o)
                0x0000000008004b32                strlen
 *fill*         0x0000000008004b42        0xe 
 .text          0x0000000008004b50       0xa0 c:/programfiles/stm32cubeide_1.0.1/stm32cubeide/plugins/com.st.stm32cube.ide.mcu.externaltools.gnu-tools-for-stm32.7-2018-q2-update.win32_1.0.0.201904181610/tools/bin/../lib/gcc/arm-none-eabi/7.3.1/../../../../arm-none-eabi/lib/thumb/v7e-m/fpv4-sp/hard\libc_nano.a(lib_a-memchr.o)
                0x0000000008004b50                memchr
 .text          0x0000000008004bf0      0x378 c:/programfiles/stm32cubeide_1.0.1/stm32cubeide/plugins/com.st.stm32cube.ide.mcu.externaltools.gnu-tools-for-stm32.7-2018-q2-update.win32_1.0.0.201904181610/tools/bin/../lib/gcc/arm-none-eabi/7.3.1/thumb/v7e-m/fpv4-sp/hard\libgcc.a(_arm_addsubdf3.o)
                0x0000000008004bf0                __aeabi_drsub
                0x0000000008004bf8                __aeabi_dsub
                0x0000000008004bf8                __subdf3
                0x0000000008004bfc                __aeabi_dadd
                0x0000000008004bfc                __adddf3
                0x0000000008004e74                __floatunsidf
                0x0000000008004e74                __aeabi_ui2d
                0x0000000008004e94                __floatsidf
                0x0000000008004e94                __aeabi_i2d
                0x0000000008004eb8                __aeabi_f2d
                0x0000000008004eb8                __extendsfdf2
                0x0000000008004efc                __floatundidf
                0x0000000008004efc                __aeabi_ul2d
                0x0000000008004f0c                __floatdidf
                0x0000000008004f0c                __aeabi_l2d
 .text          0x0000000008004f68       0xa0 c:/programfiles/stm32cubeide_1.0.1/stm32cubeide/plugins/com.st.stm32cube.ide.mcu.externaltools.gnu-tools-for-stm32.7-2018-q2-update.win32_1.0.0.201904181610/tools/bin/../lib/gcc/arm-none-eabi/7.3.1/thumb/v7e-m/fpv4-sp/hard\libgcc.a(_arm_truncdfsf2.o)
                0x0000000008004f68                __truncdfsf2
                0x0000000008004f68                __aeabi_d2f
 .text          0x0000000008005008      0x21c c:/programfiles/stm32cubeide_1.0.1/stm32cubeide/plugins/com.st.stm32cube.ide.mcu.externaltools.gnu-tools-for-stm32.7-2018-q2-update.win32_1.0.0.201904181610/tools/bin/../lib/gcc/arm-none-eabi/7.3.1/thumb/v7e-m/fpv4-sp/hard\libgcc.a(_arm_addsubsf3.o)
                0x0000000008005008                __aeabi_frsub
                0x0000000008005010                __subsf3
                0x0000000008005010                __aeabi_fsub
                0x0000000008005014                __aeabi_fadd
                0x0000000008005014                __addsf3
                0x0000000008005174                __aeabi_ui2f
                0x0000000008005174                __floatunsisf
                0x000000000800517c                __aeabi_i2f
                0x000000000800517c                __floatsisf
                0x0000000008005198                __aeabi_ul2f
                0x0000000008005198                __floatundisf
                0x00000000080051a8                __aeabi_l2f
                0x00000000080051a8                __floatdisf
 .text          0x0000000008005224       0x30 c:/programfiles/stm32cubeide_1.0.1/stm32cubeide/plugins/com.st.stm32cube.ide.mcu.externaltools.gnu-tools-for-stm32.7-2018-q2-update.win32_1.0.0.201904181610/tools/bin/../lib/gcc/arm-none-eabi/7.3.1/thumb/v7e-m/fpv4-sp/hard\libgcc.a(_aeabi_uldivmod.o)
                0x0000000008005224                __aeabi_uldivmod
 .text          0x0000000008005254      0x2cc c:/programfiles/stm32cubeide_1.0.1/stm32cubeide/plugins/com.st.stm32cube.ide.mcu.externaltools.gnu-tools-for-stm32.7-2018-q2-update.win32_1.0.0.201904181610/tools/bin/../lib/gcc/arm-none-eabi/7.3.1/thumb/v7e-m/fpv4-sp/hard\libgcc.a(_udivmoddi4.o)
                0x0000000008005254                __udivmoddi4
 .text          0x0000000008005520        0x4 c:/programfiles/stm32cubeide_1.0.1/stm32cubeide/plugins/com.st.stm32cube.ide.mcu.externaltools.gnu-tools-for-stm32.7-2018-q2-update.win32_1.0.0.201904181610/tools/bin/../lib/gcc/arm-none-eabi/7.3.1/thumb/v7e-m/fpv4-sp/hard\libgcc.a(_dvmd_tls.o)
                0x0000000008005520                __aeabi_idiv0
                0x0000000008005520                __aeabi_ldiv0
 *(.text*)
 .text.arm_dot_prod_f32
                0x0000000008005524      0x104 Drivers/CMSIS/DSP/Source/BasicMathFunctions/arm_dot_prod_f32.o
                0x0000000008005524                arm_dot_prod_f32
 .text.arm_mat_init_f32
                0x0000000008005628       0x30 Drivers/CMSIS/DSP/Source/MatrixFunctions/arm_mat_init_f32.o
                0x0000000008005628                arm_mat_init_f32
 .text.HAL_Init
                0x0000000008005658       0x44 Drivers/STM32F4xx_HAL_Driver/Src/stm32f4xx_hal.o
                0x0000000008005658                HAL_Init
 .text.HAL_InitTick
                0x000000000800569c       0x60 Drivers/STM32F4xx_HAL_Driver/Src/stm32f4xx_hal.o
                0x000000000800569c                HAL_InitTick
 .text.HAL_IncTick
                0x00000000080056fc       0x28 Drivers/STM32F4xx_HAL_Driver/Src/stm32f4xx_hal.o
                0x00000000080056fc                HAL_IncTick
 .text.HAL_GetTick
                0x0000000008005724       0x18 Drivers/STM32F4xx_HAL_Driver/Src/stm32f4xx_hal.o
                0x0000000008005724                HAL_GetTick
 .text.HAL_Delay
                0x000000000800573c       0x44 Drivers/STM32F4xx_HAL_Driver/Src/stm32f4xx_hal.o
                0x000000000800573c                HAL_Delay
 .text.HAL_GetHalVersion
                0x0000000008005780       0x14 Drivers/STM32F4xx_HAL_Driver/Src/stm32f4xx_hal.o
                0x0000000008005780                HAL_GetHalVersion
 .text.HAL_GetREVID
                0x0000000008005794       0x18 Drivers/STM32F4xx_HAL_Driver/Src/stm32f4xx_hal.o
                0x0000000008005794                HAL_GetREVID
 .text.HAL_GetDEVID
                0x00000000080057ac       0x1c Drivers/STM32F4xx_HAL_Driver/Src/stm32f4xx_hal.o
                0x00000000080057ac                HAL_GetDEVID
 .text.__NVIC_SetPriorityGrouping
                0x00000000080057c8       0x48 Drivers/STM32F4xx_HAL_Driver/Src/stm32f4xx_hal_cortex.o
 .text.__NVIC_GetPriorityGrouping
                0x0000000008005810       0x1c Drivers/STM32F4xx_HAL_Driver/Src/stm32f4xx_hal_cortex.o
 .text.__NVIC_SetPriority
                0x000000000800582c       0x54 Drivers/STM32F4xx_HAL_Driver/Src/stm32f4xx_hal_cortex.o
 .text.NVIC_EncodePriority
                0x0000000008005880       0x66 Drivers/STM32F4xx_HAL_Driver/Src/stm32f4xx_hal_cortex.o
 *fill*         0x00000000080058e6        0x2 
 .text.SysTick_Config
                0x00000000080058e8       0x44 Drivers/STM32F4xx_HAL_Driver/Src/stm32f4xx_hal_cortex.o
 .text.HAL_NVIC_SetPriorityGrouping
                0x000000000800592c       0x16 Drivers/STM32F4xx_HAL_Driver/Src/stm32f4xx_hal_cortex.o
                0x000000000800592c                HAL_NVIC_SetPriorityGrouping
 .text.HAL_NVIC_SetPriority
                0x0000000008005942       0x38 Drivers/STM32F4xx_HAL_Driver/Src/stm32f4xx_hal_cortex.o
                0x0000000008005942                HAL_NVIC_SetPriority
 .text.HAL_SYSTICK_Config
                0x000000000800597a       0x18 Drivers/STM32F4xx_HAL_Driver/Src/stm32f4xx_hal_cortex.o
                0x000000000800597a                HAL_SYSTICK_Config
 .text.HAL_CRC_Init
                0x0000000008005992       0x3e Drivers/STM32F4xx_HAL_Driver/Src/stm32f4xx_hal_crc.o
                0x0000000008005992                HAL_CRC_Init
 .text.HAL_GPIO_Init
                0x00000000080059d0      0x324 Drivers/STM32F4xx_HAL_Driver/Src/stm32f4xx_hal_gpio.o
                0x00000000080059d0                HAL_GPIO_Init
 .text.HAL_GPIO_WritePin
                0x0000000008005cf4       0x32 Drivers/STM32F4xx_HAL_Driver/Src/stm32f4xx_hal_gpio.o
                0x0000000008005cf4                HAL_GPIO_WritePin
 *fill*         0x0000000008005d26        0x2 
 .text.HAL_RCC_ClockConfig
                0x0000000008005d28      0x1c4 Drivers/STM32F4xx_HAL_Driver/Src/stm32f4xx_hal_rcc.o
                0x0000000008005d28                HAL_RCC_ClockConfig
 .text.HAL_RCC_GetHCLKFreq
                0x0000000008005eec       0x18 Drivers/STM32F4xx_HAL_Driver/Src/stm32f4xx_hal_rcc.o
                0x0000000008005eec                HAL_RCC_GetHCLKFreq
 .text.HAL_RCC_GetPCLK1Freq
                0x0000000008005f04       0x28 Drivers/STM32F4xx_HAL_Driver/Src/stm32f4xx_hal_rcc.o
                0x0000000008005f04                HAL_RCC_GetPCLK1Freq
 .text.HAL_RCC_GetPCLK2Freq
                0x0000000008005f2c       0x28 Drivers/STM32F4xx_HAL_Driver/Src/stm32f4xx_hal_rcc.o
                0x0000000008005f2c                HAL_RCC_GetPCLK2Freq
 .text.HAL_RCC_GetSysClockFreq
                0x0000000008005f54      0x340 Drivers/STM32F4xx_HAL_Driver/Src/stm32f4xx_hal_rcc_ex.o
                0x0000000008005f54                HAL_RCC_GetSysClockFreq
 .text.HAL_RCC_OscConfig
                0x0000000008006294      0x4b4 Drivers/STM32F4xx_HAL_Driver/Src/stm32f4xx_hal_rcc_ex.o
                0x0000000008006294                HAL_RCC_OscConfig
 .text.HAL_UART_Init
                0x0000000008006748       0x9a Drivers/STM32F4xx_HAL_Driver/Src/stm32f4xx_hal_uart.o
                0x0000000008006748                HAL_UART_Init
 .text.HAL_UART_Transmit
                0x00000000080067e2      0x132 Drivers/STM32F4xx_HAL_Driver/Src/stm32f4xx_hal_uart.o
                0x00000000080067e2                HAL_UART_Transmit
 .text.HAL_UART_Receive
                0x0000000008006914      0x14c Drivers/STM32F4xx_HAL_Driver/Src/stm32f4xx_hal_uart.o
                0x0000000008006914                HAL_UART_Receive
 .text.UART_WaitOnFlagUntilTimeout
                0x0000000008006a60       0x94 Drivers/STM32F4xx_HAL_Driver/Src/stm32f4xx_hal_uart.o
 .text.UART_SetConfig
                0x0000000008006af4      0x414 Drivers/STM32F4xx_HAL_Driver/Src/stm32f4xx_hal_uart.o
 .text.aiPbMgrInit
                0x0000000008006f08       0x78 Middlewares/ST/Application/Validation/Src/aiPbMgr.o
                0x0000000008006f08                aiPbMgrInit
 .text.aiPbMgrWaitAndProcess
                0x0000000008006f80       0x9c Middlewares/ST/Application/Validation/Src/aiPbMgr.o
                0x0000000008006f80                aiPbMgrWaitAndProcess
 .text.aiPbMgrSendResp
                0x000000000800701c       0x3c Middlewares/ST/Application/Validation/Src/aiPbMgr.o
                0x000000000800701c                aiPbMgrSendResp
 .text.aiPbMgrSendAck
                0x0000000008007058       0x36 Middlewares/ST/Application/Validation/Src/aiPbMgr.o
                0x0000000008007058                aiPbMgrSendAck
 *fill*         0x000000000800708e        0x2 
 .text.aiPbMgrWaitAck
                0x0000000008007090       0x34 Middlewares/ST/Application/Validation/Src/aiPbMgr.o
                0x0000000008007090                aiPbMgrWaitAck
 .text.aiPbAiBufferSize
                0x00000000080070c4       0x3a Middlewares/ST/Application/Validation/Src/aiPbMgr.o
                0x00000000080070c4                aiPbAiBufferSize
 .text.aiPbMsgFmtToAiFmt
                0x00000000080070fe       0x16 Middlewares/ST/Application/Validation/Src/aiPbMgr.o
 .text.aiPbAiFmtToMsgFmt
                0x0000000008007114       0x16 Middlewares/ST/Application/Validation/Src/aiPbMgr.o
 .text.aiPbBufferGetItemSize
                0x000000000800712a       0x20 Middlewares/ST/Application/Validation/Src/aiPbMgr.o
 .text.aiPbBuffer_read_cb3
                0x000000000800714a      0x11e Middlewares/ST/Application/Validation/Src/aiPbMgr.o
 .text.aiPbBuffer_write_cb3
                0x0000000008007268       0x8c Middlewares/ST/Application/Validation/Src/aiPbMgr.o
 .text.aiPbMgrReceiveAiBuffer3
                0x00000000080072f4       0xac Middlewares/ST/Application/Validation/Src/aiPbMgr.o
                0x00000000080072f4                aiPbMgrReceiveAiBuffer3
 .text.aiPbMgrSendAiBuffer3
                0x00000000080073a0       0xc4 Middlewares/ST/Application/Validation/Src/aiPbMgr.o
                0x00000000080073a0                aiPbMgrSendAiBuffer3
 .text.aiPbCmdSync
                0x0000000008007464       0x44 Middlewares/ST/Application/Validation/Src/aiPbMgr.o
                0x0000000008007464                aiPbCmdSync
 .text.aiPbCmdSysInfo
                0x00000000080074a8       0x4c Middlewares/ST/Application/Validation/Src/aiPbMgr.o
                0x00000000080074a8                aiPbCmdSysInfo
 .text.init_aibuffer_msg
                0x00000000080074f4       0x56 Middlewares/ST/Application/Validation/Src/aiPbMgr.o
 *fill*         0x000000000800754a        0x2 
 .text.nn_shape_w_cb
                0x000000000800754c       0x84 Middlewares/ST/Application/Validation/Src/aiPbMgr.o
 .text.nn_inputs_w_cb
                0x00000000080075d0       0x34 Middlewares/ST/Application/Validation/Src/aiPbMgr.o
 .text.nn_outputs_w_cb
                0x0000000008007604       0x34 Middlewares/ST/Application/Validation/Src/aiPbMgr.o
 .text.aiPbStrCopy
                0x0000000008007638       0x78 Middlewares/ST/Application/Validation/Src/aiPbMgr.o
                0x0000000008007638                aiPbStrCopy
 .text.aiPbVersionToUint32
                0x00000000080076b0       0x3a Middlewares/ST/Application/Validation/Src/aiPbMgr.o
                0x00000000080076b0                aiPbVersionToUint32
 *fill*         0x00000000080076ea        0x2 
 .text.aiPbMgrSendNNInfo
                0x00000000080076ec      0x170 Middlewares/ST/Application/Validation/Src/aiPbMgr.o
                0x00000000080076ec                aiPbMgrSendNNInfo
 .text.crcIpInit
                0x000000000800785c       0x44 Middlewares/ST/Application/Validation/Src/aiTestUtility.o
                0x000000000800785c                crcIpInit
 .text.dwtIpInit
                0x00000000080078a0       0x38 Middlewares/ST/Application/Validation/Src/aiTestUtility.o
                0x00000000080078a0                dwtIpInit
 .text.dwtReset
                0x00000000080078d8       0x18 Middlewares/ST/Application/Validation/Src/aiTestUtility.o
                0x00000000080078d8                dwtReset
 .text.dwtGetCycles
                0x00000000080078f0       0x18 Middlewares/ST/Application/Validation/Src/aiTestUtility.o
                0x00000000080078f0                dwtGetCycles
 .text.systemCoreClock
                0x0000000008007908        0xe Middlewares/ST/Application/Validation/Src/aiTestUtility.o
                0x0000000008007908                systemCoreClock
 *fill*         0x0000000008007916        0x2 
 .text.dwtCyclesToFloatMs
                0x0000000008007918       0x50 Middlewares/ST/Application/Validation/Src/aiTestUtility.o
                0x0000000008007918                dwtCyclesToFloatMs
 .text.devIdToStr
                0x0000000008007968      0x208 Middlewares/ST/Application/Validation/Src/aiTestUtility.o
 .text.bitToStr
                0x0000000008007b70       0x28 Middlewares/ST/Application/Validation/Src/aiTestUtility.o
 .text.getFlashCacheConf
                0x0000000008007b98       0x18 Middlewares/ST/Application/Validation/Src/aiTestUtility.o
                0x0000000008007b98                getFlashCacheConf
 .text.logDeviceConf
                0x0000000008007bb0      0x150 Middlewares/ST/Application/Validation/Src/aiTestUtility.o
                0x0000000008007bb0                logDeviceConf
 .text.disableInts
                0x0000000008007d00       0x20 Middlewares/ST/Application/Validation/Src/aiTestUtility.o
                0x0000000008007d00                disableInts
 .text.restoreInts
                0x0000000008007d20       0x1e Middlewares/ST/Application/Validation/Src/aiTestUtility.o
                0x0000000008007d20                restoreInts
 *fill*         0x0000000008007d3e        0x2 
 .text.ioDisableWrite
                0x0000000008007d40       0x18 Middlewares/ST/Application/Validation/Src/aiTestUtility.o
                0x0000000008007d40                ioDisableWrite
 .text._write   0x0000000008007d58       0x6c Middlewares/ST/Application/Validation/Src/aiTestUtility.o
                0x0000000008007d58                _write
 .text.aiLogErr
                0x0000000008007dc4       0x48 Middlewares/ST/Application/Validation/Src/aiTestUtility.o
                0x0000000008007dc4                aiLogErr
 .text.aiBufferSize
                0x0000000008007e0c       0x2c Middlewares/ST/Application/Validation/Src/aiTestUtility.o
                0x0000000008007e0c                aiBufferSize
 .text.aiPrintLayoutBuffer
                0x0000000008007e38      0x124 Middlewares/ST/Application/Validation/Src/aiTestUtility.o
 .text.aiPrintNetworkInfo
                0x0000000008007f5c      0x17c Middlewares/ST/Application/Validation/Src/aiTestUtility.o
                0x0000000008007f5c                aiPrintNetworkInfo
 .text.aiTestHeader
                0x00000000080080d8       0x48 Middlewares/ST/Application/Validation/Src/aiTestUtility.o
                0x00000000080080d8                aiTestHeader
 .text.write_packet
                0x0000000008008120       0x34 Middlewares/ST/Application/Validation/Src/aiTestUtility.o
 .text.ioFlushWrite
                0x0000000008008154       0x24 Middlewares/ST/Application/Validation/Src/aiTestUtility.o
                0x0000000008008154                ioFlushWrite
 .text.write_callback
                0x0000000008008178       0x78 Middlewares/ST/Application/Validation/Src/aiTestUtility.o
 .text.read_packet
                0x00000000080081f0       0x40 Middlewares/ST/Application/Validation/Src/aiTestUtility.o
 .text.ioFlushRead
                0x0000000008008230       0x24 Middlewares/ST/Application/Validation/Src/aiTestUtility.o
                0x0000000008008230                ioFlushRead
 .text.read_callback
                0x0000000008008254       0xc0 Middlewares/ST/Application/Validation/Src/aiTestUtility.o
 .text.pb_ostream_to_uart
                0x0000000008008314       0x48 Middlewares/ST/Application/Validation/Src/aiTestUtility.o
                0x0000000008008314                pb_ostream_to_uart
 .text.pb_istream_from_uart
                0x000000000800835c       0x44 Middlewares/ST/Application/Validation/Src/aiTestUtility.o
                0x000000000800835c                pb_istream_from_uart
 .text.aiOnExecNode_cb
                0x00000000080083a0      0x106 Middlewares/ST/Application/Validation/Src/aiValidation.o
 *fill*         0x00000000080084a6        0x2 
 .text.aiExecCtx
                0x00000000080084a8       0xb4 Middlewares/ST/Application/Validation/Src/aiValidation.o
 .text.aiSetPbContext
                0x000000000800855c       0x30 Middlewares/ST/Application/Validation/Src/aiValidation.o
 .text.aiBootstrap
                0x000000000800858c      0x180 Middlewares/ST/Application/Validation/Src/aiValidation.o
 .text.aiInspectorGetReport
                0x000000000800870c       0x5a Middlewares/ST/Application/Validation/Src/aiValidation.o
 .text.aiInspectorSendReport
                0x0000000008008766       0x7a Middlewares/ST/Application/Validation/Src/aiValidation.o
 .text.aiInspectorUnBind
                0x00000000080087e0       0x44 Middlewares/ST/Application/Validation/Src/aiValidation.o
 .text.aiInspectorBind
                0x0000000008008824       0x68 Middlewares/ST/Application/Validation/Src/aiValidation.o
 .text.aiInspectorInitAndBind
                0x000000000800888c       0xac Middlewares/ST/Application/Validation/Src/aiValidation.o
 .text.aiInspectorUnbindAndDestroy
                0x0000000008008938       0x30 Middlewares/ST/Application/Validation/Src/aiValidation.o
 .text.aiInit   0x0000000008008968       0xbc Middlewares/ST/Application/Validation/Src/aiValidation.o
 .text.aiPbCmdNNInfo
                0x0000000008008a24       0x4e Middlewares/ST/Application/Validation/Src/aiValidation.o
                0x0000000008008a24                aiPbCmdNNInfo
 *fill*         0x0000000008008a72        0x2 
 .text.aiPbCmdNNRun
                0x0000000008008a74      0x1fc Middlewares/ST/Application/Validation/Src/aiValidation.o
                0x0000000008008a74                aiPbCmdNNRun
 .text.aiValidationCore
                0x0000000008008c70        0xe Middlewares/ST/Application/Validation/Src/aiValidation.o
 *fill*         0x0000000008008c7e        0x2 
 .text.aiValidationInit
                0x0000000008008c80       0x30 Middlewares/ST/Application/Validation/Src/aiValidation.o
                0x0000000008008c80                aiValidationInit
 .text.aiValidationProcess
                0x0000000008008cb0       0x90 Middlewares/ST/Application/Validation/Src/aiValidation.o
                0x0000000008008cb0                aiValidationProcess
 .text.pb_field_iter_begin
                0x0000000008008d40       0x6a Middlewares/ST/Application/Validation/Src/pb_common.o
                0x0000000008008d40                pb_field_iter_begin
 .text.pb_field_iter_next
                0x0000000008008daa      0x10c Middlewares/ST/Application/Validation/Src/pb_common.o
                0x0000000008008daa                pb_field_iter_next
 .text.pb_field_iter_find
                0x0000000008008eb6       0x4c Middlewares/ST/Application/Validation/Src/pb_common.o
                0x0000000008008eb6                pb_field_iter_find
 .text.buf_read
                0x0000000008008f02       0x56 Middlewares/ST/Application/Validation/Src/pb_decode.o
 .text.pb_read  0x0000000008008f58       0xd0 Middlewares/ST/Application/Validation/Src/pb_decode.o
                0x0000000008008f58                pb_read
 .text.pb_readbyte
                0x0000000008009028       0x78 Middlewares/ST/Application/Validation/Src/pb_decode.o
 .text.pb_istream_from_buffer
                0x00000000080090a0       0x3c Middlewares/ST/Application/Validation/Src/pb_decode.o
                0x00000000080090a0                pb_istream_from_buffer
 .text.pb_decode_varint32_eof
                0x00000000080090dc      0x114 Middlewares/ST/Application/Validation/Src/pb_decode.o
 .text.pb_decode_varint32
                0x00000000080091f0       0x1e Middlewares/ST/Application/Validation/Src/pb_decode.o
                0x00000000080091f0                pb_decode_varint32
 *fill*         0x000000000800920e        0x2 
 .text.pb_decode_varint
                0x0000000008009210       0xc4 Middlewares/ST/Application/Validation/Src/pb_decode.o
                0x0000000008009210                pb_decode_varint
 .text.pb_skip_varint
                0x00000000080092d4       0x38 Middlewares/ST/Application/Validation/Src/pb_decode.o
 .text.pb_skip_string
                0x000000000800930c       0x3a Middlewares/ST/Application/Validation/Src/pb_decode.o
 .text.pb_decode_tag
                0x0000000008009346       0x6e Middlewares/ST/Application/Validation/Src/pb_decode.o
                0x0000000008009346                pb_decode_tag
 .text.pb_skip_field
                0x00000000080093b4       0x84 Middlewares/ST/Application/Validation/Src/pb_decode.o
                0x00000000080093b4                pb_skip_field
 .text.read_raw_value
                0x0000000008009438       0xb8 Middlewares/ST/Application/Validation/Src/pb_decode.o
 .text.pb_make_string_substream
                0x00000000080094f0       0x74 Middlewares/ST/Application/Validation/Src/pb_decode.o
                0x00000000080094f0                pb_make_string_substream
 .text.pb_close_string_substream
                0x0000000008009564       0x4a Middlewares/ST/Application/Validation/Src/pb_decode.o
                0x0000000008009564                pb_close_string_substream
 *fill*         0x00000000080095ae        0x2 
 .text.decode_static_field
                0x00000000080095b0      0x244 Middlewares/ST/Application/Validation/Src/pb_decode.o
 .text.decode_pointer_field
                0x00000000080097f4       0x34 Middlewares/ST/Application/Validation/Src/pb_decode.o
 .text.decode_callback_field
                0x0000000008009828      0x110 Middlewares/ST/Application/Validation/Src/pb_decode.o
 .text.decode_field
                0x0000000008009938       0x78 Middlewares/ST/Application/Validation/Src/pb_decode.o
 .text.iter_from_extension
                0x00000000080099b0       0x4e Middlewares/ST/Application/Validation/Src/pb_decode.o
 .text.default_extension_decoder
                0x00000000080099fe       0x52 Middlewares/ST/Application/Validation/Src/pb_decode.o
 .text.decode_extension
                0x0000000008009a50       0x80 Middlewares/ST/Application/Validation/Src/pb_decode.o
 .text.find_extension_field
                0x0000000008009ad0       0x3a Middlewares/ST/Application/Validation/Src/pb_decode.o
 .text.pb_field_set_to_default
                0x0000000008009b0a      0x156 Middlewares/ST/Application/Validation/Src/pb_decode.o
 .text.pb_message_set_to_defaults
                0x0000000008009c60       0x48 Middlewares/ST/Application/Validation/Src/pb_decode.o
 .text.pb_decode_noinit
                0x0000000008009ca8      0x2d4 Middlewares/ST/Application/Validation/Src/pb_decode.o
                0x0000000008009ca8                pb_decode_noinit
 .text.pb_decode
                0x0000000008009f7c       0x2c Middlewares/ST/Application/Validation/Src/pb_decode.o
                0x0000000008009f7c                pb_decode
 .text.pb_decode_delimited
                0x0000000008009fa8       0x64 Middlewares/ST/Application/Validation/Src/pb_decode.o
                0x0000000008009fa8                pb_decode_delimited
 .text.pb_decode_svarint
                0x000000000800a00c       0x76 Middlewares/ST/Application/Validation/Src/pb_decode.o
                0x000000000800a00c                pb_decode_svarint
 .text.pb_decode_fixed32
                0x000000000800a082       0x4c Middlewares/ST/Application/Validation/Src/pb_decode.o
                0x000000000800a082                pb_decode_fixed32
 .text.pb_decode_fixed64
                0x000000000800a0ce      0x10e Middlewares/ST/Application/Validation/Src/pb_decode.o
                0x000000000800a0ce                pb_decode_fixed64
 .text.pb_dec_varint
                0x000000000800a1dc      0x12c Middlewares/ST/Application/Validation/Src/pb_decode.o
 .text.pb_dec_uvarint
                0x000000000800a308      0x10c Middlewares/ST/Application/Validation/Src/pb_decode.o
 .text.pb_dec_svarint
                0x000000000800a414      0x110 Middlewares/ST/Application/Validation/Src/pb_decode.o
 .text.pb_dec_fixed32
                0x000000000800a524       0x1e Middlewares/ST/Application/Validation/Src/pb_decode.o
 .text.pb_dec_fixed64
                0x000000000800a542       0x1e Middlewares/ST/Application/Validation/Src/pb_decode.o
 .text.pb_dec_bytes
                0x000000000800a560       0xec Middlewares/ST/Application/Validation/Src/pb_decode.o
 .text.pb_dec_string
                0x000000000800a64c       0xcc Middlewares/ST/Application/Validation/Src/pb_decode.o
 .text.pb_dec_submessage
                0x000000000800a718       0xb4 Middlewares/ST/Application/Validation/Src/pb_decode.o
 .text.pb_dec_fixed_length_bytes
                0x000000000800a7cc       0xb0 Middlewares/ST/Application/Validation/Src/pb_decode.o
 .text.pb_write
                0x000000000800a87c       0x8c Middlewares/ST/Application/Validation/Src/pb_encode.o
                0x000000000800a87c                pb_write
 .text.encode_array
                0x000000000800a908      0x21c Middlewares/ST/Application/Validation/Src/pb_encode.o
 .text.pb_check_proto3_default_value
                0x000000000800ab24      0x19a Middlewares/ST/Application/Validation/Src/pb_encode.o
 *fill*         0x000000000800acbe        0x2 
 .text.encode_basic_field
                0x000000000800acc0      0x1fc Middlewares/ST/Application/Validation/Src/pb_encode.o
 .text.encode_callback_field
                0x000000000800aebc       0x5c Middlewares/ST/Application/Validation/Src/pb_encode.o
 .text.encode_field
                0x000000000800af18       0x60 Middlewares/ST/Application/Validation/Src/pb_encode.o
 .text.default_extension_encoder
                0x000000000800af78       0x48 Middlewares/ST/Application/Validation/Src/pb_encode.o
 .text.encode_extension_field
                0x000000000800afc0       0x62 Middlewares/ST/Application/Validation/Src/pb_encode.o
 .text.pb_const_cast
                0x000000000800b022       0x1a Middlewares/ST/Application/Validation/Src/pb_encode.o
 .text.pb_encode
                0x000000000800b03c       0x8e Middlewares/ST/Application/Validation/Src/pb_encode.o
                0x000000000800b03c                pb_encode
 .text.pb_encode_varint
                0x000000000800b0ca       0xa6 Middlewares/ST/Application/Validation/Src/pb_encode.o
                0x000000000800b0ca                pb_encode_varint
 .text.pb_encode_svarint
                0x000000000800b170       0x56 Middlewares/ST/Application/Validation/Src/pb_encode.o
                0x000000000800b170                pb_encode_svarint
 .text.pb_encode_fixed32
                0x000000000800b1c6       0x46 Middlewares/ST/Application/Validation/Src/pb_encode.o
                0x000000000800b1c6                pb_encode_fixed32
 .text.pb_encode_fixed64
                0x000000000800b20c       0xc8 Middlewares/ST/Application/Validation/Src/pb_encode.o
                0x000000000800b20c                pb_encode_fixed64
 .text.pb_encode_tag
                0x000000000800b2d4       0x48 Middlewares/ST/Application/Validation/Src/pb_encode.o
                0x000000000800b2d4                pb_encode_tag
 .text.pb_encode_tag_for_field
                0x000000000800b31c       0x94 Middlewares/ST/Application/Validation/Src/pb_encode.o
                0x000000000800b31c                pb_encode_tag_for_field
 .text.pb_encode_string
                0x000000000800b3b0       0x40 Middlewares/ST/Application/Validation/Src/pb_encode.o
                0x000000000800b3b0                pb_encode_string
 .text.pb_encode_submessage
                0x000000000800b3f0      0x11c Middlewares/ST/Application/Validation/Src/pb_encode.o
                0x000000000800b3f0                pb_encode_submessage
 .text.pb_enc_varint
                0x000000000800b50c       0xbc Middlewares/ST/Application/Validation/Src/pb_encode.o
 .text.pb_enc_uvarint
                0x000000000800b5c8       0xb4 Middlewares/ST/Application/Validation/Src/pb_encode.o
 .text.pb_enc_svarint
                0x000000000800b67c       0xb8 Middlewares/ST/Application/Validation/Src/pb_encode.o
 .text.pb_enc_fixed64
                0x000000000800b734       0x1e Middlewares/ST/Application/Validation/Src/pb_encode.o
 .text.pb_enc_fixed32
                0x000000000800b752       0x1e Middlewares/ST/Application/Validation/Src/pb_encode.o
 .text.pb_enc_bytes
                0x000000000800b770       0x7c Middlewares/ST/Application/Validation/Src/pb_encode.o
 .text.pb_enc_string
                0x000000000800b7ec       0x6c Middlewares/ST/Application/Validation/Src/pb_encode.o
 .text.pb_enc_submessage
                0x000000000800b858       0x4c Middlewares/ST/Application/Validation/Src/pb_encode.o
 .text.pb_enc_fixed_length_bytes
                0x000000000800b8a4       0x28 Middlewares/ST/Application/Validation/Src/pb_encode.o
 .text.MX_X_CUBE_AI_Init
                0x000000000800b8cc       0x10 Src/app_x-cube-ai.o
                0x000000000800b8cc                MX_X_CUBE_AI_Init
 .text.MX_X_CUBE_AI_Process
                0x000000000800b8dc        0xc Src/app_x-cube-ai.o
                0x000000000800b8dc                MX_X_CUBE_AI_Process
 .text.ai_mnetwork_is_valid
                0x000000000800b8e8       0x56 Src/app_x-cube-ai.o
 *fill*         0x000000000800b93e        0x2 
 .text.ai_mnetwork_handle
                0x000000000800b940       0x74 Src/app_x-cube-ai.o
 .text.ai_mnetwork_release_handle
                0x000000000800b9b4       0x58 Src/app_x-cube-ai.o
 .text.ai_mnetwork_find
                0x000000000800ba0c       0x60 Src/app_x-cube-ai.o
                0x000000000800ba0c                ai_mnetwork_find
 .text.ai_mnetwork_create
                0x000000000800ba6c       0xd8 Src/app_x-cube-ai.o
                0x000000000800ba6c                ai_mnetwork_create
 .text.ai_mnetwork_destroy
                0x000000000800bb44       0x44 Src/app_x-cube-ai.o
                0x000000000800bb44                ai_mnetwork_destroy
 .text.ai_mnetwork_get_info
                0x000000000800bb88       0x36 Src/app_x-cube-ai.o
                0x000000000800bb88                ai_mnetwork_get_info
 .text.ai_mnetwork_get_error
                0x000000000800bbbe       0x40 Src/app_x-cube-ai.o
                0x000000000800bbbe                ai_mnetwork_get_error
 .text.ai_mnetwork_init
                0x000000000800bbfe       0x9a Src/app_x-cube-ai.o
                0x000000000800bbfe                ai_mnetwork_init
 .text.ai_mnetwork_run
                0x000000000800bc98       0x38 Src/app_x-cube-ai.o
                0x000000000800bc98                ai_mnetwork_run
 .text.ai_mnetwork_get_private_handle
                0x000000000800bcd0       0x58 Src/app_x-cube-ai.o
                0x000000000800bcd0                ai_mnetwork_get_private_handle
 .text.main     0x000000000800bd28       0x1e Src/main.o
                0x000000000800bd28                main
 *fill*         0x000000000800bd46        0x2 
 .text.SystemClock_Config
                0x000000000800bd48       0xdc Src/main.o
                0x000000000800bd48                SystemClock_Config
 .text.MX_CRC_Init
                0x000000000800be24       0x28 Src/main.o
 .text.MX_USART2_UART_Init
                0x000000000800be4c       0x54 Src/main.o
                0x000000000800be4c                MX_USART2_UART_Init
 .text.MX_GPIO_Init
                0x000000000800bea0       0xe0 Src/main.o
 .text.Error_Handler
                0x000000000800bf80        0xe Src/main.o
                0x000000000800bf80                Error_Handler
 *fill*         0x000000000800bf8e        0x2 
 .text.network_configure_activations
                0x000000000800bf90       0x9c Src/network.o
 .text.network_configure_weights
                0x000000000800c02c       0xdc Src/network.o
 .text.ai_network_get_info
                0x000000000800c108       0xc4 Src/network.o
                0x000000000800c108                ai_network_get_info
 .text.ai_network_get_error
                0x000000000800c1cc       0x18 Src/network.o
                0x000000000800c1cc                ai_network_get_error
 .text.ai_network_create
                0x000000000800c1e4       0x2c Src/network.o
                0x000000000800c1e4                ai_network_create
 .text.ai_network_destroy
                0x000000000800c210       0x18 Src/network.o
                0x000000000800c210                ai_network_destroy
 .text.ai_network_init
                0x000000000800c228       0x66 Src/network.o
                0x000000000800c228                ai_network_init
 .text.ai_network_run
                0x000000000800c28e       0x20 Src/network.o
                0x000000000800c28e                ai_network_run
 .text.ai_network_forward
                0x000000000800c2ae       0x1e Src/network.o
                0x000000000800c2ae                ai_network_forward
 .text.ai_network_data_weights_get
                0x000000000800c2cc       0x14 Src/network_data.o
                0x000000000800c2cc                ai_network_data_weights_get
 .text.HAL_MspInit
                0x000000000800c2e0       0x50 Src/stm32f4xx_hal_msp.o
                0x000000000800c2e0                HAL_MspInit
 .text.HAL_CRC_MspInit
                0x000000000800c330       0x44 Src/stm32f4xx_hal_msp.o
                0x000000000800c330                HAL_CRC_MspInit
 .text.HAL_UART_MspInit
                0x000000000800c374       0x90 Src/stm32f4xx_hal_msp.o
                0x000000000800c374                HAL_UART_MspInit
 .text.NMI_Handler
                0x000000000800c404        0xe Src/stm32f4xx_it.o
                0x000000000800c404                NMI_Handler
 .text.HardFault_Handler
                0x000000000800c412        0x6 Src/stm32f4xx_it.o
                0x000000000800c412                HardFault_Handler
 .text.MemManage_Handler
                0x000000000800c418        0x6 Src/stm32f4xx_it.o
                0x000000000800c418                MemManage_Handler
 .text.BusFault_Handler
                0x000000000800c41e        0x6 Src/stm32f4xx_it.o
                0x000000000800c41e                BusFault_Handler
 .text.UsageFault_Handler
                0x000000000800c424        0x6 Src/stm32f4xx_it.o
                0x000000000800c424                UsageFault_Handler
 .text.SVC_Handler
                0x000000000800c42a        0xe Src/stm32f4xx_it.o
                0x000000000800c42a                SVC_Handler
 .text.DebugMon_Handler
                0x000000000800c438        0xe Src/stm32f4xx_it.o
                0x000000000800c438                DebugMon_Handler
 .text.PendSV_Handler
                0x000000000800c446        0xe Src/stm32f4xx_it.o
                0x000000000800c446                PendSV_Handler
 .text.SysTick_Handler
                0x000000000800c454        0xc Src/stm32f4xx_it.o
                0x000000000800c454                SysTick_Handler
 .text._read    0x000000000800c460       0x3a Src/syscalls.o
                0x000000000800c460                _read
 .text._close   0x000000000800c49a       0x18 Src/syscalls.o
                0x000000000800c49a                _close
 .text._fstat   0x000000000800c4b2       0x20 Src/syscalls.o
                0x000000000800c4b2                _fstat
 .text._isatty  0x000000000800c4d2       0x16 Src/syscalls.o
                0x000000000800c4d2                _isatty
 .text._lseek   0x000000000800c4e8       0x1a Src/syscalls.o
                0x000000000800c4e8                _lseek
 *fill*         0x000000000800c502        0x2 
 .text._sbrk    0x000000000800c504       0x58 Src/sysmem.o
                0x000000000800c504                _sbrk
 .text.SystemInit
                0x000000000800c55c       0x6c Src/system_stm32f4xx.o
                0x000000000800c55c                SystemInit
 .text.Reset_Handler
                0x000000000800c5c8       0x50 Startup/startup_stm32f446retx.o
                0x000000000800c5c8                Reset_Handler
 .text.Default_Handler
                0x000000000800c618        0x2 Startup/startup_stm32f446retx.o
                0x000000000800c618                RTC_Alarm_IRQHandler
                0x000000000800c618                EXTI2_IRQHandler
                0x000000000800c618                TIM8_CC_IRQHandler
                0x000000000800c618                FMPI2C1_EV_IRQHandler
                0x000000000800c618                SPI4_IRQHandler
                0x000000000800c618                TIM1_CC_IRQHandler
                0x000000000800c618                DMA2_Stream5_IRQHandler
                0x000000000800c618                DMA1_Stream5_IRQHandler
                0x000000000800c618                PVD_IRQHandler
                0x000000000800c618                SDIO_IRQHandler
                0x000000000800c618                TAMP_STAMP_IRQHandler
                0x000000000800c618                CAN2_RX1_IRQHandler
                0x000000000800c618                EXTI3_IRQHandler
                0x000000000800c618                TIM8_TRG_COM_TIM14_IRQHandler
                0x000000000800c618                TIM1_UP_TIM10_IRQHandler
                0x000000000800c618                TIM8_UP_TIM13_IRQHandler
                0x000000000800c618                I2C3_ER_IRQHandler
                0x000000000800c618                EXTI0_IRQHandler
                0x000000000800c618                I2C2_EV_IRQHandler
                0x000000000800c618                DMA1_Stream2_IRQHandler
                0x000000000800c618                CAN1_RX0_IRQHandler
                0x000000000800c618                FPU_IRQHandler
                0x000000000800c618                OTG_HS_WKUP_IRQHandler
                0x000000000800c618                CAN2_SCE_IRQHandler
                0x000000000800c618                DMA2_Stream2_IRQHandler
                0x000000000800c618                SPI1_IRQHandler
                0x000000000800c618                TIM6_DAC_IRQHandler
                0x000000000800c618                TIM1_BRK_TIM9_IRQHandler
                0x000000000800c618                DCMI_IRQHandler
                0x000000000800c618                CAN2_RX0_IRQHandler
                0x000000000800c618                DMA2_Stream3_IRQHandler
                0x000000000800c618                SAI2_IRQHandler
                0x000000000800c618                USART6_IRQHandler
                0x000000000800c618                USART3_IRQHandler
                0x000000000800c618                CAN1_RX1_IRQHandler
                0x000000000800c618                UART5_IRQHandler
                0x000000000800c618                DMA2_Stream0_IRQHandler
                0x000000000800c618                TIM4_IRQHandler
                0x000000000800c618                QUADSPI_IRQHandler
                0x000000000800c618                I2C1_EV_IRQHandler
                0x000000000800c618                DMA1_Stream6_IRQHandler
                0x000000000800c618                DMA1_Stream1_IRQHandler
                0x000000000800c618                UART4_IRQHandler
                0x000000000800c618                TIM3_IRQHandler
                0x000000000800c618                RCC_IRQHandler
                0x000000000800c618                TIM8_BRK_TIM12_IRQHandler
                0x000000000800c618                Default_Handler
                0x000000000800c618                CEC_IRQHandler
                0x000000000800c618                EXTI15_10_IRQHandler
                0x000000000800c618                ADC_IRQHandler
                0x000000000800c618                DMA1_Stream7_IRQHandler
                0x000000000800c618                TIM7_IRQHandler
                0x000000000800c618                CAN2_TX_IRQHandler
                0x000000000800c618                TIM5_IRQHandler
                0x000000000800c618                DMA2_Stream7_IRQHandler
                0x000000000800c618                I2C3_EV_IRQHandler
                0x000000000800c618                EXTI9_5_IRQHandler
                0x000000000800c618                RTC_WKUP_IRQHandler
                0x000000000800c618                SPDIF_RX_IRQHandler
                0x000000000800c618                SPI2_IRQHandler
                0x000000000800c618                OTG_HS_EP1_IN_IRQHandler
                0x000000000800c618                DMA1_Stream0_IRQHandler
                0x000000000800c618                CAN1_TX_IRQHandler
                0x000000000800c618                FMPI2C1_ER_IRQHandler
                0x000000000800c618                EXTI4_IRQHandler
                0x000000000800c618                OTG_HS_EP1_OUT_IRQHandler
                0x000000000800c618                WWDG_IRQHandler
                0x000000000800c618                TIM2_IRQHandler
                0x000000000800c618                OTG_FS_WKUP_IRQHandler
                0x000000000800c618                TIM1_TRG_COM_TIM11_IRQHandler
                0x000000000800c618                OTG_HS_IRQHandler
                0x000000000800c618                EXTI1_IRQHandler
                0x000000000800c618                USART2_IRQHandler
                0x000000000800c618                I2C2_ER_IRQHandler
                0x000000000800c618                DMA2_Stream1_IRQHandler
                0x000000000800c618                CAN1_SCE_IRQHandler
                0x000000000800c618                FLASH_IRQHandler
                0x000000000800c618                DMA2_Stream4_IRQHandler
                0x000000000800c618                USART1_IRQHandler
                0x000000000800c618                OTG_FS_IRQHandler
                0x000000000800c618                SPI3_IRQHandler
                0x000000000800c618                DMA1_Stream4_IRQHandler
                0x000000000800c618                I2C1_ER_IRQHandler
                0x000000000800c618                FMC_IRQHandler
                0x000000000800c618                DMA2_Stream6_IRQHandler
                0x000000000800c618                SAI1_IRQHandler
                0x000000000800c618                DMA1_Stream3_IRQHandler
 .text.__aeabi_memclr
                0x000000000800c61a        0x6 c:/programfiles/stm32cubeide_1.0.1/stm32cubeide/plugins/com.st.stm32cube.ide.mcu.externaltools.gnu-tools-for-stm32.7-2018-q2-update.win32_1.0.0.201904181610/tools/bin/../lib/gcc/arm-none-eabi/7.3.1/../../../../arm-none-eabi/lib/thumb/v7e-m/fpv4-sp/hard\libc_nano.a(lib_a-aeabi_memclr.o)
                0x000000000800c61a                __aeabi_memclr
                0x000000000800c61a                __aeabi_memclr4
                0x000000000800c61a                __aeabi_memclr8
 .text.__aeabi_memcpy
                0x000000000800c620        0x4 c:/programfiles/stm32cubeide_1.0.1/stm32cubeide/plugins/com.st.stm32cube.ide.mcu.externaltools.gnu-tools-for-stm32.7-2018-q2-update.win32_1.0.0.201904181610/tools/bin/../lib/gcc/arm-none-eabi/7.3.1/../../../../arm-none-eabi/lib/thumb/v7e-m/fpv4-sp/hard\libc_nano.a(lib_a-aeabi_memcpy.o)
                0x000000000800c620                __aeabi_memcpy4
                0x000000000800c620                __aeabi_memcpy8
                0x000000000800c620                __aeabi_memcpy
 .text.__errno  0x000000000800c624        0xc c:/programfiles/stm32cubeide_1.0.1/stm32cubeide/plugins/com.st.stm32cube.ide.mcu.externaltools.gnu-tools-for-stm32.7-2018-q2-update.win32_1.0.0.201904181610/tools/bin/../lib/gcc/arm-none-eabi/7.3.1/../../../../arm-none-eabi/lib/thumb/v7e-m/fpv4-sp/hard\libc_nano.a(lib_a-errno.o)
                0x000000000800c624                __errno
 .text.__libc_init_array
                0x000000000800c630       0x48 c:/programfiles/stm32cubeide_1.0.1/stm32cubeide/plugins/com.st.stm32cube.ide.mcu.externaltools.gnu-tools-for-stm32.7-2018-q2-update.win32_1.0.0.201904181610/tools/bin/../lib/gcc/arm-none-eabi/7.3.1/../../../../arm-none-eabi/lib/thumb/v7e-m/fpv4-sp/hard\libc_nano.a(lib_a-init.o)
                0x000000000800c630                __libc_init_array
 .text.malloc   0x000000000800c678       0x10 c:/programfiles/stm32cubeide_1.0.1/stm32cubeide/plugins/com.st.stm32cube.ide.mcu.externaltools.gnu-tools-for-stm32.7-2018-q2-update.win32_1.0.0.201904181610/tools/bin/../lib/gcc/arm-none-eabi/7.3.1/../../../../arm-none-eabi/lib/thumb/v7e-m/fpv4-sp/hard\libc_nano.a(lib_a-malloc.o)
                0x000000000800c678                malloc
 .text.free     0x000000000800c688       0x10 c:/programfiles/stm32cubeide_1.0.1/stm32cubeide/plugins/com.st.stm32cube.ide.mcu.externaltools.gnu-tools-for-stm32.7-2018-q2-update.win32_1.0.0.201904181610/tools/bin/../lib/gcc/arm-none-eabi/7.3.1/../../../../arm-none-eabi/lib/thumb/v7e-m/fpv4-sp/hard\libc_nano.a(lib_a-malloc.o)
                0x000000000800c688                free
 .text.memcmp   0x000000000800c698       0x1e c:/programfiles/stm32cubeide_1.0.1/stm32cubeide/plugins/com.st.stm32cube.ide.mcu.externaltools.gnu-tools-for-stm32.7-2018-q2-update.win32_1.0.0.201904181610/tools/bin/../lib/gcc/arm-none-eabi/7.3.1/../../../../arm-none-eabi/lib/thumb/v7e-m/fpv4-sp/hard\libc_nano.a(lib_a-memcmp.o)
                0x000000000800c698                memcmp
 .text.memcpy   0x000000000800c6b6       0x16 c:/programfiles/stm32cubeide_1.0.1/stm32cubeide/plugins/com.st.stm32cube.ide.mcu.externaltools.gnu-tools-for-stm32.7-2018-q2-update.win32_1.0.0.201904181610/tools/bin/../lib/gcc/arm-none-eabi/7.3.1/../../../../arm-none-eabi/lib/thumb/v7e-m/fpv4-sp/hard\libc_nano.a(lib_a-memcpy-stub.o)
                0x000000000800c6b6                memcpy
 .text.memset   0x000000000800c6cc       0x10 c:/programfiles/stm32cubeide_1.0.1/stm32cubeide/plugins/com.st.stm32cube.ide.mcu.externaltools.gnu-tools-for-stm32.7-2018-q2-update.win32_1.0.0.201904181610/tools/bin/../lib/gcc/arm-none-eabi/7.3.1/../../../../arm-none-eabi/lib/thumb/v7e-m/fpv4-sp/hard\libc_nano.a(lib_a-memset.o)
                0x000000000800c6cc                memset
 .text._free_r  0x000000000800c6dc       0x9c c:/programfiles/stm32cubeide_1.0.1/stm32cubeide/plugins/com.st.stm32cube.ide.mcu.externaltools.gnu-tools-for-stm32.7-2018-q2-update.win32_1.0.0.201904181610/tools/bin/../lib/gcc/arm-none-eabi/7.3.1/../../../../arm-none-eabi/lib/thumb/v7e-m/fpv4-sp/hard\libc_nano.a(lib_a-nano-freer.o)
                0x000000000800c6dc                _free_r
 .text._malloc_r
                0x000000000800c778       0xb4 c:/programfiles/stm32cubeide_1.0.1/stm32cubeide/plugins/com.st.stm32cube.ide.mcu.externaltools.gnu-tools-for-stm32.7-2018-q2-update.win32_1.0.0.201904181610/tools/bin/../lib/gcc/arm-none-eabi/7.3.1/../../../../arm-none-eabi/lib/thumb/v7e-m/fpv4-sp/hard\libc_nano.a(lib_a-nano-mallocr.o)
                0x000000000800c778                _malloc_r
 .text.printf   0x000000000800c82c       0x30 c:/programfiles/stm32cubeide_1.0.1/stm32cubeide/plugins/com.st.stm32cube.ide.mcu.externaltools.gnu-tools-for-stm32.7-2018-q2-update.win32_1.0.0.201904181610/tools/bin/../lib/gcc/arm-none-eabi/7.3.1/../../../../arm-none-eabi/lib/thumb/v7e-m/fpv4-sp/hard\libc_nano.a(lib_a-printf.o)
                0x000000000800c82c                iprintf
                0x000000000800c82c                printf
 .text._puts_r  0x000000000800c85c       0xb8 c:/programfiles/stm32cubeide_1.0.1/stm32cubeide/plugins/com.st.stm32cube.ide.mcu.externaltools.gnu-tools-for-stm32.7-2018-q2-update.win32_1.0.0.201904181610/tools/bin/../lib/gcc/arm-none-eabi/7.3.1/../../../../arm-none-eabi/lib/thumb/v7e-m/fpv4-sp/hard\libc_nano.a(lib_a-puts.o)
                0x000000000800c85c                _puts_r
 .text.puts     0x000000000800c914       0x10 c:/programfiles/stm32cubeide_1.0.1/stm32cubeide/plugins/com.st.stm32cube.ide.mcu.externaltools.gnu-tools-for-stm32.7-2018-q2-update.win32_1.0.0.201904181610/tools/bin/../lib/gcc/arm-none-eabi/7.3.1/../../../../arm-none-eabi/lib/thumb/v7e-m/fpv4-sp/hard\libc_nano.a(lib_a-puts.o)
                0x000000000800c914                puts
 .text.realloc  0x000000000800c924       0x10 c:/programfiles/stm32cubeide_1.0.1/stm32cubeide/plugins/com.st.stm32cube.ide.mcu.externaltools.gnu-tools-for-stm32.7-2018-q2-update.win32_1.0.0.201904181610/tools/bin/../lib/gcc/arm-none-eabi/7.3.1/../../../../arm-none-eabi/lib/thumb/v7e-m/fpv4-sp/hard\libc_nano.a(lib_a-realloc.o)
                0x000000000800c924                realloc
 .text._sbrk_r  0x000000000800c934       0x20 c:/programfiles/stm32cubeide_1.0.1/stm32cubeide/plugins/com.st.stm32cube.ide.mcu.externaltools.gnu-tools-for-stm32.7-2018-q2-update.win32_1.0.0.201904181610/tools/bin/../lib/gcc/arm-none-eabi/7.3.1/../../../../arm-none-eabi/lib/thumb/v7e-m/fpv4-sp/hard\libc_nano.a(lib_a-sbrkr.o)
                0x000000000800c934                _sbrk_r
 .text.strncmp  0x000000000800c954       0x24 c:/programfiles/stm32cubeide_1.0.1/stm32cubeide/plugins/com.st.stm32cube.ide.mcu.externaltools.gnu-tools-for-stm32.7-2018-q2-update.win32_1.0.0.201904181610/tools/bin/../lib/gcc/arm-none-eabi/7.3.1/../../../../arm-none-eabi/lib/thumb/v7e-m/fpv4-sp/hard\libc_nano.a(lib_a-strncmp.o)
                0x000000000800c954                strncmp
 .text.__swbuf_r
                0x000000000800c978       0xa4 c:/programfiles/stm32cubeide_1.0.1/stm32cubeide/plugins/com.st.stm32cube.ide.mcu.externaltools.gnu-tools-for-stm32.7-2018-q2-update.win32_1.0.0.201904181610/tools/bin/../lib/gcc/arm-none-eabi/7.3.1/../../../../arm-none-eabi/lib/thumb/v7e-m/fpv4-sp/hard\libc_nano.a(lib_a-wbuf.o)
                0x000000000800c978                __swbuf_r
 .text.__swsetup_r
                0x000000000800ca1c       0xdc c:/programfiles/stm32cubeide_1.0.1/stm32cubeide/plugins/com.st.stm32cube.ide.mcu.externaltools.gnu-tools-for-stm32.7-2018-q2-update.win32_1.0.0.201904181610/tools/bin/../lib/gcc/arm-none-eabi/7.3.1/../../../../arm-none-eabi/lib/thumb/v7e-m/fpv4-sp/hard\libc_nano.a(lib_a-wsetup.o)
                0x000000000800ca1c                __swsetup_r
 .text.__sflush_r
                0x000000000800caf8      0x10c c:/programfiles/stm32cubeide_1.0.1/stm32cubeide/plugins/com.st.stm32cube.ide.mcu.externaltools.gnu-tools-for-stm32.7-2018-q2-update.win32_1.0.0.201904181610/tools/bin/../lib/gcc/arm-none-eabi/7.3.1/../../../../arm-none-eabi/lib/thumb/v7e-m/fpv4-sp/hard\libc_nano.a(lib_a-fflush.o)
                0x000000000800caf8                __sflush_r
 .text._fflush_r
                0x000000000800cc04       0x54 c:/programfiles/stm32cubeide_1.0.1/stm32cubeide/plugins/com.st.stm32cube.ide.mcu.externaltools.gnu-tools-for-stm32.7-2018-q2-update.win32_1.0.0.201904181610/tools/bin/../lib/gcc/arm-none-eabi/7.3.1/../../../../arm-none-eabi/lib/thumb/v7e-m/fpv4-sp/hard\libc_nano.a(lib_a-fflush.o)
                0x000000000800cc04                _fflush_r
 .text.std      0x000000000800cc58       0x48 c:/programfiles/stm32cubeide_1.0.1/stm32cubeide/plugins/com.st.stm32cube.ide.mcu.externaltools.gnu-tools-for-stm32.7-2018-q2-update.win32_1.0.0.201904181610/tools/bin/../lib/gcc/arm-none-eabi/7.3.1/../../../../arm-none-eabi/lib/thumb/v7e-m/fpv4-sp/hard\libc_nano.a(lib_a-findfp.o)
 .text._cleanup_r
                0x000000000800cca0        0xc c:/programfiles/stm32cubeide_1.0.1/stm32cubeide/plugins/com.st.stm32cube.ide.mcu.externaltools.gnu-tools-for-stm32.7-2018-q2-update.win32_1.0.0.201904181610/tools/bin/../lib/gcc/arm-none-eabi/7.3.1/../../../../arm-none-eabi/lib/thumb/v7e-m/fpv4-sp/hard\libc_nano.a(lib_a-findfp.o)
                0x000000000800cca0                _cleanup_r
 .text.__sfmoreglue
                0x000000000800ccac       0x2c c:/programfiles/stm32cubeide_1.0.1/stm32cubeide/plugins/com.st.stm32cube.ide.mcu.externaltools.gnu-tools-for-stm32.7-2018-q2-update.win32_1.0.0.201904181610/tools/bin/../lib/gcc/arm-none-eabi/7.3.1/../../../../arm-none-eabi/lib/thumb/v7e-m/fpv4-sp/hard\libc_nano.a(lib_a-findfp.o)
                0x000000000800ccac                __sfmoreglue
 .text.__sinit  0x000000000800ccd8       0x60 c:/programfiles/stm32cubeide_1.0.1/stm32cubeide/plugins/com.st.stm32cube.ide.mcu.externaltools.gnu-tools-for-stm32.7-2018-q2-update.win32_1.0.0.201904181610/tools/bin/../lib/gcc/arm-none-eabi/7.3.1/../../../../arm-none-eabi/lib/thumb/v7e-m/fpv4-sp/hard\libc_nano.a(lib_a-findfp.o)
                0x000000000800ccd8                __sinit
 .text.__sfp    0x000000000800cd38       0x78 c:/programfiles/stm32cubeide_1.0.1/stm32cubeide/plugins/com.st.stm32cube.ide.mcu.externaltools.gnu-tools-for-stm32.7-2018-q2-update.win32_1.0.0.201904181610/tools/bin/../lib/gcc/arm-none-eabi/7.3.1/../../../../arm-none-eabi/lib/thumb/v7e-m/fpv4-sp/hard\libc_nano.a(lib_a-findfp.o)
                0x000000000800cd38                __sfp
 .text._fwalk_reent
                0x000000000800cdb0       0x3c c:/programfiles/stm32cubeide_1.0.1/stm32cubeide/plugins/com.st.stm32cube.ide.mcu.externaltools.gnu-tools-for-stm32.7-2018-q2-update.win32_1.0.0.201904181610/tools/bin/../lib/gcc/arm-none-eabi/7.3.1/../../../../arm-none-eabi/lib/thumb/v7e-m/fpv4-sp/hard\libc_nano.a(lib_a-fwalk.o)
                0x000000000800cdb0                _fwalk_reent
 .text.__swhatbuf_r
                0x000000000800cdec       0x48 c:/programfiles/stm32cubeide_1.0.1/stm32cubeide/plugins/com.st.stm32cube.ide.mcu.externaltools.gnu-tools-for-stm32.7-2018-q2-update.win32_1.0.0.201904181610/tools/bin/../lib/gcc/arm-none-eabi/7.3.1/../../../../arm-none-eabi/lib/thumb/v7e-m/fpv4-sp/hard\libc_nano.a(lib_a-makebuf.o)
                0x000000000800cdec                __swhatbuf_r
 .text.__smakebuf_r
                0x000000000800ce34       0x80 c:/programfiles/stm32cubeide_1.0.1/stm32cubeide/plugins/com.st.stm32cube.ide.mcu.externaltools.gnu-tools-for-stm32.7-2018-q2-update.win32_1.0.0.201904181610/tools/bin/../lib/gcc/arm-none-eabi/7.3.1/../../../../arm-none-eabi/lib/thumb/v7e-m/fpv4-sp/hard\libc_nano.a(lib_a-makebuf.o)
                0x000000000800ce34                __smakebuf_r
 .text.__malloc_lock
                0x000000000800ceb4        0x2 c:/programfiles/stm32cubeide_1.0.1/stm32cubeide/plugins/com.st.stm32cube.ide.mcu.externaltools.gnu-tools-for-stm32.7-2018-q2-update.win32_1.0.0.201904181610/tools/bin/../lib/gcc/arm-none-eabi/7.3.1/../../../../arm-none-eabi/lib/thumb/v7e-m/fpv4-sp/hard\libc_nano.a(lib_a-mlock.o)
                0x000000000800ceb4                __malloc_lock
 .text.__malloc_unlock
                0x000000000800ceb6        0x2 c:/programfiles/stm32cubeide_1.0.1/stm32cubeide/plugins/com.st.stm32cube.ide.mcu.externaltools.gnu-tools-for-stm32.7-2018-q2-update.win32_1.0.0.201904181610/tools/bin/../lib/gcc/arm-none-eabi/7.3.1/../../../../arm-none-eabi/lib/thumb/v7e-m/fpv4-sp/hard\libc_nano.a(lib_a-mlock.o)
                0x000000000800ceb6                __malloc_unlock
 .text._realloc_r
                0x000000000800ceb8       0x4c c:/programfiles/stm32cubeide_1.0.1/stm32cubeide/plugins/com.st.stm32cube.ide.mcu.externaltools.gnu-tools-for-stm32.7-2018-q2-update.win32_1.0.0.201904181610/tools/bin/../lib/gcc/arm-none-eabi/7.3.1/../../../../arm-none-eabi/lib/thumb/v7e-m/fpv4-sp/hard\libc_nano.a(lib_a-nano-reallocr.o)
                0x000000000800ceb8                _realloc_r
 .text.__sfputc_r
                0x000000000800cf04       0x2e c:/programfiles/stm32cubeide_1.0.1/stm32cubeide/plugins/com.st.stm32cube.ide.mcu.externaltools.gnu-tools-for-stm32.7-2018-q2-update.win32_1.0.0.201904181610/tools/bin/../lib/gcc/arm-none-eabi/7.3.1/../../../../arm-none-eabi/lib/thumb/v7e-m/fpv4-sp/hard\libc_nano.a(lib_a-nano-vfprintf.o)
 .text.__sfputs_r
                0x000000000800cf32       0x24 c:/programfiles/stm32cubeide_1.0.1/stm32cubeide/plugins/com.st.stm32cube.ide.mcu.externaltools.gnu-tools-for-stm32.7-2018-q2-update.win32_1.0.0.201904181610/tools/bin/../lib/gcc/arm-none-eabi/7.3.1/../../../../arm-none-eabi/lib/thumb/v7e-m/fpv4-sp/hard\libc_nano.a(lib_a-nano-vfprintf.o)
                0x000000000800cf32                __sfputs_r
 *fill*         0x000000000800cf56        0x2 
 .text._vfprintf_r
                0x000000000800cf58      0x22c c:/programfiles/stm32cubeide_1.0.1/stm32cubeide/plugins/com.st.stm32cube.ide.mcu.externaltools.gnu-tools-for-stm32.7-2018-q2-update.win32_1.0.0.201904181610/tools/bin/../lib/gcc/arm-none-eabi/7.3.1/../../../../arm-none-eabi/lib/thumb/v7e-m/fpv4-sp/hard\libc_nano.a(lib_a-nano-vfprintf.o)
                0x000000000800cf58                _vfprintf_r
                0x000000000800cf58                _vfiprintf_r
 .text._printf_common
                0x000000000800d184       0xea c:/programfiles/stm32cubeide_1.0.1/stm32cubeide/plugins/com.st.stm32cube.ide.mcu.externaltools.gnu-tools-for-stm32.7-2018-q2-update.win32_1.0.0.201904181610/tools/bin/../lib/gcc/arm-none-eabi/7.3.1/../../../../arm-none-eabi/lib/thumb/v7e-m/fpv4-sp/hard\libc_nano.a(lib_a-nano-vfprintf_i.o)
                0x000000000800d184                _printf_common
 *fill*         0x000000000800d26e        0x2 
 .text._printf_i
                0x000000000800d270      0x224 c:/programfiles/stm32cubeide_1.0.1/stm32cubeide/plugins/com.st.stm32cube.ide.mcu.externaltools.gnu-tools-for-stm32.7-2018-q2-update.win32_1.0.0.201904181610/tools/bin/../lib/gcc/arm-none-eabi/7.3.1/../../../../arm-none-eabi/lib/thumb/v7e-m/fpv4-sp/hard\libc_nano.a(lib_a-nano-vfprintf_i.o)
                0x000000000800d270                _printf_i
 .text.__sread  0x000000000800d494       0x22 c:/programfiles/stm32cubeide_1.0.1/stm32cubeide/plugins/com.st.stm32cube.ide.mcu.externaltools.gnu-tools-for-stm32.7-2018-q2-update.win32_1.0.0.201904181610/tools/bin/../lib/gcc/arm-none-eabi/7.3.1/../../../../arm-none-eabi/lib/thumb/v7e-m/fpv4-sp/hard\libc_nano.a(lib_a-stdio.o)
                0x000000000800d494                __sread
 .text.__swrite
                0x000000000800d4b6       0x38 c:/programfiles/stm32cubeide_1.0.1/stm32cubeide/plugins/com.st.stm32cube.ide.mcu.externaltools.gnu-tools-for-stm32.7-2018-q2-update.win32_1.0.0.201904181610/tools/bin/../lib/gcc/arm-none-eabi/7.3.1/../../../../arm-none-eabi/lib/thumb/v7e-m/fpv4-sp/hard\libc_nano.a(lib_a-stdio.o)
                0x000000000800d4b6                __swrite
 .text.__sseek  0x000000000800d4ee       0x24 c:/programfiles/stm32cubeide_1.0.1/stm32cubeide/plugins/com.st.stm32cube.ide.mcu.externaltools.gnu-tools-for-stm32.7-2018-q2-update.win32_1.0.0.201904181610/tools/bin/../lib/gcc/arm-none-eabi/7.3.1/../../../../arm-none-eabi/lib/thumb/v7e-m/fpv4-sp/hard\libc_nano.a(lib_a-stdio.o)
                0x000000000800d4ee                __sseek
 .text.__sclose
                0x000000000800d512        0x8 c:/programfiles/stm32cubeide_1.0.1/stm32cubeide/plugins/com.st.stm32cube.ide.mcu.externaltools.gnu-tools-for-stm32.7-2018-q2-update.win32_1.0.0.201904181610/tools/bin/../lib/gcc/arm-none-eabi/7.3.1/../../../../arm-none-eabi/lib/thumb/v7e-m/fpv4-sp/hard\libc_nano.a(lib_a-stdio.o)
                0x000000000800d512                __sclose
 *fill*         0x000000000800d51a        0x2 
 .text._write_r
                0x000000000800d51c       0x24 c:/programfiles/stm32cubeide_1.0.1/stm32cubeide/plugins/com.st.stm32cube.ide.mcu.externaltools.gnu-tools-for-stm32.7-2018-q2-update.win32_1.0.0.201904181610/tools/bin/../lib/gcc/arm-none-eabi/7.3.1/../../../../arm-none-eabi/lib/thumb/v7e-m/fpv4-sp/hard\libc_nano.a(lib_a-writer.o)
                0x000000000800d51c                _write_r
 .text._close_r
                0x000000000800d540       0x20 c:/programfiles/stm32cubeide_1.0.1/stm32cubeide/plugins/com.st.stm32cube.ide.mcu.externaltools.gnu-tools-for-stm32.7-2018-q2-update.win32_1.0.0.201904181610/tools/bin/../lib/gcc/arm-none-eabi/7.3.1/../../../../arm-none-eabi/lib/thumb/v7e-m/fpv4-sp/hard\libc_nano.a(lib_a-closer.o)
                0x000000000800d540                _close_r
 .text._fstat_r
                0x000000000800d560       0x24 c:/programfiles/stm32cubeide_1.0.1/stm32cubeide/plugins/com.st.stm32cube.ide.mcu.externaltools.gnu-tools-for-stm32.7-2018-q2-update.win32_1.0.0.201904181610/tools/bin/../lib/gcc/arm-none-eabi/7.3.1/../../../../arm-none-eabi/lib/thumb/v7e-m/fpv4-sp/hard\libc_nano.a(lib_a-fstatr.o)
                0x000000000800d560                _fstat_r
 .text._isatty_r
                0x000000000800d584       0x20 c:/programfiles/stm32cubeide_1.0.1/stm32cubeide/plugins/com.st.stm32cube.ide.mcu.externaltools.gnu-tools-for-stm32.7-2018-q2-update.win32_1.0.0.201904181610/tools/bin/../lib/gcc/arm-none-eabi/7.3.1/../../../../arm-none-eabi/lib/thumb/v7e-m/fpv4-sp/hard\libc_nano.a(lib_a-isattyr.o)
                0x000000000800d584                _isatty_r
 .text._lseek_r
                0x000000000800d5a4       0x24 c:/programfiles/stm32cubeide_1.0.1/stm32cubeide/plugins/com.st.stm32cube.ide.mcu.externaltools.gnu-tools-for-stm32.7-2018-q2-update.win32_1.0.0.201904181610/tools/bin/../lib/gcc/arm-none-eabi/7.3.1/../../../../arm-none-eabi/lib/thumb/v7e-m/fpv4-sp/hard\libc_nano.a(lib_a-lseekr.o)
                0x000000000800d5a4                _lseek_r
 .text._malloc_usable_size_r
                0x000000000800d5c8       0x10 c:/programfiles/stm32cubeide_1.0.1/stm32cubeide/plugins/com.st.stm32cube.ide.mcu.externaltools.gnu-tools-for-stm32.7-2018-q2-update.win32_1.0.0.201904181610/tools/bin/../lib/gcc/arm-none-eabi/7.3.1/../../../../arm-none-eabi/lib/thumb/v7e-m/fpv4-sp/hard\libc_nano.a(lib_a-nano-msizer.o)
                0x000000000800d5c8                _malloc_usable_size_r
 .text._read_r  0x000000000800d5d8       0x24 c:/programfiles/stm32cubeide_1.0.1/stm32cubeide/plugins/com.st.stm32cube.ide.mcu.externaltools.gnu-tools-for-stm32.7-2018-q2-update.win32_1.0.0.201904181610/tools/bin/../lib/gcc/arm-none-eabi/7.3.1/../../../../arm-none-eabi/lib/thumb/v7e-m/fpv4-sp/hard\libc_nano.a(lib_a-readr.o)
                0x000000000800d5d8                _read_r
 .text.tanhf    0x000000000800d5fc       0xa4 c:/programfiles/stm32cubeide_1.0.1/stm32cubeide/plugins/com.st.stm32cube.ide.mcu.externaltools.gnu-tools-for-stm32.7-2018-q2-update.win32_1.0.0.201904181610/tools/bin/../lib/gcc/arm-none-eabi/7.3.1/../../../../arm-none-eabi/lib/thumb/v7e-m/fpv4-sp/hard\libm.a(lib_a-sf_tanh.o)
                0x000000000800d5fc                tanhf
 .text.expf     0x000000000800d6a0       0xf4 c:/programfiles/stm32cubeide_1.0.1/stm32cubeide/plugins/com.st.stm32cube.ide.mcu.externaltools.gnu-tools-for-stm32.7-2018-q2-update.win32_1.0.0.201904181610/tools/bin/../lib/gcc/arm-none-eabi/7.3.1/../../../../arm-none-eabi/lib/thumb/v7e-m/fpv4-sp/hard\libm.a(lib_a-wf_exp.o)
                0x000000000800d6a0                expf
 .text.logf     0x000000000800d794       0xec c:/programfiles/stm32cubeide_1.0.1/stm32cubeide/plugins/com.st.stm32cube.ide.mcu.externaltools.gnu-tools-for-stm32.7-2018-q2-update.win32_1.0.0.201904181610/tools/bin/../lib/gcc/arm-none-eabi/7.3.1/../../../../arm-none-eabi/lib/thumb/v7e-m/fpv4-sp/hard\libm.a(lib_a-wf_log.o)
                0x000000000800d794                logf
 .text.powf     0x000000000800d880      0x2c8 c:/programfiles/stm32cubeide_1.0.1/stm32cubeide/plugins/com.st.stm32cube.ide.mcu.externaltools.gnu-tools-for-stm32.7-2018-q2-update.win32_1.0.0.201904181610/tools/bin/../lib/gcc/arm-none-eabi/7.3.1/../../../../arm-none-eabi/lib/thumb/v7e-m/fpv4-sp/hard\libm.a(lib_a-wf_pow.o)
                0x000000000800d880                powf
 .text.__ieee754_expf
                0x000000000800db48      0x1a8 c:/programfiles/stm32cubeide_1.0.1/stm32cubeide/plugins/com.st.stm32cube.ide.mcu.externaltools.gnu-tools-for-stm32.7-2018-q2-update.win32_1.0.0.201904181610/tools/bin/../lib/gcc/arm-none-eabi/7.3.1/../../../../arm-none-eabi/lib/thumb/v7e-m/fpv4-sp/hard\libm.a(lib_a-ef_exp.o)
                0x000000000800db48                __ieee754_expf
 .text.__ieee754_logf
                0x000000000800dcf0      0x1dc c:/programfiles/stm32cubeide_1.0.1/stm32cubeide/plugins/com.st.stm32cube.ide.mcu.externaltools.gnu-tools-for-stm32.7-2018-q2-update.win32_1.0.0.201904181610/tools/bin/../lib/gcc/arm-none-eabi/7.3.1/../../../../arm-none-eabi/lib/thumb/v7e-m/fpv4-sp/hard\libm.a(lib_a-ef_log.o)
                0x000000000800dcf0                __ieee754_logf
 .text.__ieee754_powf
                0x000000000800decc      0x580 c:/programfiles/stm32cubeide_1.0.1/stm32cubeide/plugins/com.st.stm32cube.ide.mcu.externaltools.gnu-tools-for-stm32.7-2018-q2-update.win32_1.0.0.201904181610/tools/bin/../lib/gcc/arm-none-eabi/7.3.1/../../../../arm-none-eabi/lib/thumb/v7e-m/fpv4-sp/hard\libm.a(lib_a-ef_pow.o)
                0x000000000800decc                __ieee754_powf
 .text.__ieee754_sqrtf
                0x000000000800e44c        0x6 c:/programfiles/stm32cubeide_1.0.1/stm32cubeide/plugins/com.st.stm32cube.ide.mcu.externaltools.gnu-tools-for-stm32.7-2018-q2-update.win32_1.0.0.201904181610/tools/bin/../lib/gcc/arm-none-eabi/7.3.1/../../../../arm-none-eabi/lib/thumb/v7e-m/fpv4-sp/hard\libm.a(lib_a-ef_sqrt.o)
                0x000000000800e44c                __ieee754_sqrtf
 .text.matherr  0x000000000800e452        0x4 c:/programfiles/stm32cubeide_1.0.1/stm32cubeide/plugins/com.st.stm32cube.ide.mcu.externaltools.gnu-tools-for-stm32.7-2018-q2-update.win32_1.0.0.201904181610/tools/bin/../lib/gcc/arm-none-eabi/7.3.1/../../../../arm-none-eabi/lib/thumb/v7e-m/fpv4-sp/hard\libm.a(lib_a-s_matherr.o)
                0x000000000800e452                matherr
 *fill*         0x000000000800e456        0x2 
 .text.nan      0x000000000800e458       0x10 c:/programfiles/stm32cubeide_1.0.1/stm32cubeide/plugins/com.st.stm32cube.ide.mcu.externaltools.gnu-tools-for-stm32.7-2018-q2-update.win32_1.0.0.201904181610/tools/bin/../lib/gcc/arm-none-eabi/7.3.1/../../../../arm-none-eabi/lib/thumb/v7e-m/fpv4-sp/hard\libm.a(lib_a-s_nan.o)
                0x000000000800e458                nan
 .text.expm1f   0x000000000800e468      0x258 c:/programfiles/stm32cubeide_1.0.1/stm32cubeide/plugins/com.st.stm32cube.ide.mcu.externaltools.gnu-tools-for-stm32.7-2018-q2-update.win32_1.0.0.201904181610/tools/bin/../lib/gcc/arm-none-eabi/7.3.1/../../../../arm-none-eabi/lib/thumb/v7e-m/fpv4-sp/hard\libm.a(lib_a-sf_expm1.o)
                0x000000000800e468                expm1f
 .text.fabsf    0x000000000800e6c0        0xe c:/programfiles/stm32cubeide_1.0.1/stm32cubeide/plugins/com.st.stm32cube.ide.mcu.externaltools.gnu-tools-for-stm32.7-2018-q2-update.win32_1.0.0.201904181610/tools/bin/../lib/gcc/arm-none-eabi/7.3.1/../../../../arm-none-eabi/lib/thumb/v7e-m/fpv4-sp/hard\libm.a(lib_a-sf_fabs.o)
                0x000000000800e6c0                fabsf
 .text.finitef  0x000000000800e6ce       0x14 c:/programfiles/stm32cubeide_1.0.1/stm32cubeide/plugins/com.st.stm32cube.ide.mcu.externaltools.gnu-tools-for-stm32.7-2018-q2-update.win32_1.0.0.201904181610/tools/bin/../lib/gcc/arm-none-eabi/7.3.1/../../../../arm-none-eabi/lib/thumb/v7e-m/fpv4-sp/hard\libm.a(lib_a-sf_finite.o)
                0x000000000800e6ce                finitef
 *fill*         0x000000000800e6e2        0x2 
 .text.nanf     0x000000000800e6e4        0xc c:/programfiles/stm32cubeide_1.0.1/stm32cubeide/plugins/com.st.stm32cube.ide.mcu.externaltools.gnu-tools-for-stm32.7-2018-q2-update.win32_1.0.0.201904181610/tools/bin/../lib/gcc/arm-none-eabi/7.3.1/../../../../arm-none-eabi/lib/thumb/v7e-m/fpv4-sp/hard\libm.a(lib_a-sf_nan.o)
                0x000000000800e6e4                nanf
 .text.rintf    0x000000000800e6f0       0xb4 c:/programfiles/stm32cubeide_1.0.1/stm32cubeide/plugins/com.st.stm32cube.ide.mcu.externaltools.gnu-tools-for-stm32.7-2018-q2-update.win32_1.0.0.201904181610/tools/bin/../lib/gcc/arm-none-eabi/7.3.1/../../../../arm-none-eabi/lib/thumb/v7e-m/fpv4-sp/hard\libm.a(lib_a-sf_rint.o)
                0x000000000800e6f0                rintf
 .text.scalbnf  0x000000000800e7a4       0xc0 c:/programfiles/stm32cubeide_1.0.1/stm32cubeide/plugins/com.st.stm32cube.ide.mcu.externaltools.gnu-tools-for-stm32.7-2018-q2-update.win32_1.0.0.201904181610/tools/bin/../lib/gcc/arm-none-eabi/7.3.1/../../../../arm-none-eabi/lib/thumb/v7e-m/fpv4-sp/hard\libm.a(lib_a-sf_scalbn.o)
                0x000000000800e7a4                scalbnf
 .text.copysignf
                0x000000000800e864       0x18 c:/programfiles/stm32cubeide_1.0.1/stm32cubeide/plugins/com.st.stm32cube.ide.mcu.externaltools.gnu-tools-for-stm32.7-2018-q2-update.win32_1.0.0.201904181610/tools/bin/../lib/gcc/arm-none-eabi/7.3.1/../../../../arm-none-eabi/lib/thumb/v7e-m/fpv4-sp/hard\libm.a(lib_a-sf_copysign.o)
                0x000000000800e864                copysignf
 *(.glue_7)
 .glue_7        0x000000000800e87c        0x0 linker stubs
 *(.glue_7t)
 .glue_7t       0x000000000800e87c        0x0 linker stubs
 *(.eh_frame)
 .eh_frame      0x000000000800e87c        0x0 c:/programfiles/stm32cubeide_1.0.1/stm32cubeide/plugins/com.st.stm32cube.ide.mcu.externaltools.gnu-tools-for-stm32.7-2018-q2-update.win32_1.0.0.201904181610/tools/bin/../lib/gcc/arm-none-eabi/7.3.1/thumb/v7e-m/fpv4-sp/hard/crtbegin.o
 *(.init)
 .init          0x000000000800e87c        0x4 c:/programfiles/stm32cubeide_1.0.1/stm32cubeide/plugins/com.st.stm32cube.ide.mcu.externaltools.gnu-tools-for-stm32.7-2018-q2-update.win32_1.0.0.201904181610/tools/bin/../lib/gcc/arm-none-eabi/7.3.1/thumb/v7e-m/fpv4-sp/hard/crti.o
                0x000000000800e87c                _init
 .init          0x000000000800e880        0x8 c:/programfiles/stm32cubeide_1.0.1/stm32cubeide/plugins/com.st.stm32cube.ide.mcu.externaltools.gnu-tools-for-stm32.7-2018-q2-update.win32_1.0.0.201904181610/tools/bin/../lib/gcc/arm-none-eabi/7.3.1/thumb/v7e-m/fpv4-sp/hard/crtn.o
 *(.fini)
 .fini          0x000000000800e888        0x4 c:/programfiles/stm32cubeide_1.0.1/stm32cubeide/plugins/com.st.stm32cube.ide.mcu.externaltools.gnu-tools-for-stm32.7-2018-q2-update.win32_1.0.0.201904181610/tools/bin/../lib/gcc/arm-none-eabi/7.3.1/thumb/v7e-m/fpv4-sp/hard/crti.o
                0x000000000800e888                _fini
 .fini          0x000000000800e88c        0x8 c:/programfiles/stm32cubeide_1.0.1/stm32cubeide/plugins/com.st.stm32cube.ide.mcu.externaltools.gnu-tools-for-stm32.7-2018-q2-update.win32_1.0.0.201904181610/tools/bin/../lib/gcc/arm-none-eabi/7.3.1/thumb/v7e-m/fpv4-sp/hard/crtn.o
                0x000000000800e894                . = ALIGN (0x4)
                0x000000000800e894                _etext = .

.vfp11_veneer   0x000000000800e894        0x0
 .vfp11_veneer  0x000000000800e894        0x0 linker stubs

.v4_bx          0x000000000800e894        0x0
 .v4_bx         0x000000000800e894        0x0 linker stubs

.iplt           0x000000000800e894        0x0
 .iplt          0x000000000800e894        0x0 c:/programfiles/stm32cubeide_1.0.1/stm32cubeide/plugins/com.st.stm32cube.ide.mcu.externaltools.gnu-tools-for-stm32.7-2018-q2-update.win32_1.0.0.201904181610/tools/bin/../lib/gcc/arm-none-eabi/7.3.1/thumb/v7e-m/fpv4-sp/hard/crtbegin.o

.rodata         0x000000000800e894     0x10ec
                0x000000000800e894                . = ALIGN (0x4)
 *(.rodata)
 .rodata        0x000000000800e894        0xa Middlewares/ST/Application/Validation/Src/aiPbMgr.o
 *fill*         0x000000000800e89e        0x2 
 .rodata        0x000000000800e8a0      0x48d Middlewares/ST/Application/Validation/Src/aiTestUtility.o
 *fill*         0x000000000800ed2d        0x3 
 .rodata        0x000000000800ed30      0x281 Middlewares/ST/Application/Validation/Src/aiValidation.o
 *fill*         0x000000000800efb1        0x3 
 .rodata        0x000000000800efb4      0x172 Middlewares/ST/Application/Validation/Src/pb_decode.o
 *fill*         0x000000000800f126        0x2 
 .rodata        0x000000000800f128       0xc1 Middlewares/ST/Application/Validation/Src/pb_encode.o
 *fill*         0x000000000800f1e9        0x3 
 .rodata        0x000000000800f1ec        0x8 Src/app_x-cube-ai.o
 .rodata        0x000000000800f1f4       0x67 Src/network.o
 *fill*         0x000000000800f25b        0x1 
 .rodata        0x000000000800f25c       0x70 ../Middlewares/ST/AI/Lib\NetworkRuntime400_CM4_GCC.a(ai_datatypes_format.o)
 .rodata        0x000000000800f2cc       0x30 ../Middlewares/ST/AI/Lib\NetworkRuntime400_CM4_GCC.a(ai_datatypes_format.o)
 *(.rodata*)
 .rodata.PB_DECODERS
                0x000000000800f2fc       0x28 Middlewares/ST/Application/Validation/Src/pb_decode.o
 .rodata.PB_ENCODERS
                0x000000000800f324       0x28 Middlewares/ST/Application/Validation/Src/pb_encode.o
 .rodata.reqMsg_cmd_default
                0x000000000800f34c        0x1 Middlewares/ST/Application/Validation/Src/stm32msg.pb.o
                0x000000000800f34c                reqMsg_cmd_default
 *fill*         0x000000000800f34d        0x3 
 .rodata.aiBufferShapeMsg_format_default
                0x000000000800f350        0x4 Middlewares/ST/Application/Validation/Src/stm32msg.pb.o
                0x000000000800f350                aiBufferShapeMsg_format_default
 .rodata.aiBufferShapeMsg_n_batches_default
                0x000000000800f354        0x4 Middlewares/ST/Application/Validation/Src/stm32msg.pb.o
                0x000000000800f354                aiBufferShapeMsg_n_batches_default
 .rodata.aiBufferShapeMsg_height_default
                0x000000000800f358        0x4 Middlewares/ST/Application/Validation/Src/stm32msg.pb.o
                0x000000000800f358                aiBufferShapeMsg_height_default
 .rodata.aiBufferShapeMsg_width_default
                0x000000000800f35c        0x4 Middlewares/ST/Application/Validation/Src/stm32msg.pb.o
                0x000000000800f35c                aiBufferShapeMsg_width_default
 .rodata.aiBufferShapeMsg_channels_default
                0x000000000800f360        0x4 Middlewares/ST/Application/Validation/Src/stm32msg.pb.o
                0x000000000800f360                aiBufferShapeMsg_channels_default
 .rodata.reqMsg_fields
                0x000000000800f364       0x5a Middlewares/ST/Application/Validation/Src/stm32msg.pb.o