Archive member included to satisfy reference by file (symbol)

../Middlewares/ST/AI/Lib\NetworkRuntime400_CM4_GCC.a(ai_platform_interface.o)
                              Src/network.o (ai_platform_api_get_network_report)
../Middlewares/ST/AI/Lib\NetworkRuntime400_CM4_GCC.a(core_common.o)
                              ../Middlewares/ST/AI/Lib\NetworkRuntime400_CM4_GCC.a(ai_platform_interface.o) (core_get_error)
../Middlewares/ST/AI/Lib\NetworkRuntime400_CM4_GCC.a(layers.o)
                              ../Middlewares/ST/AI/Lib\NetworkRuntime400_CM4_GCC.a(ai_platform_interface.o) (ai_check_custom_types)
../Middlewares/ST/AI/Lib\NetworkRuntime400_CM4_GCC.a(layers_conv2d_generic_float.o)
                              Src/network.o (forward_dense)
../Middlewares/ST/AI/Lib\NetworkRuntime400_CM4_GCC.a(layers_nl_generic_float.o)
                              Src/network.o (forward_relu)
../Middlewares/ST/AI/Lib\NetworkRuntime400_CM4_GCC.a(ai_datatypes_format.o)
                              ../Middlewares/ST/AI/Lib\NetworkRuntime400_CM4_GCC.a(ai_platform_interface.o) (ai_array_get_byte_size)
../Middlewares/ST/AI/Lib\NetworkRuntime400_CM4_GCC.a(ai_math_helpers.o)
                              ../Middlewares/ST/AI/Lib\NetworkRuntime400_CM4_GCC.a(layers_nl_generic_float.o) (ai_math_sqrt)
c:/programfiles/stm32cubeide_1.0.1/stm32cubeide/plugins/com.st.stm32cube.ide.mcu.externaltools.gnu-tools-for-stm32.7-2018-q2-update.win32_1.0.0.201904181610/tools/bin/../lib/gcc/arm-none-eabi/7.3.1/../../../../arm-none-eabi/lib/thumb/v7e-m/fpv4-sp/hard\libc_nano.a(lib_a-aeabi_memclr.o)
                              ../Middlewares/ST/AI/Lib\NetworkRuntime400_CM4_GCC.a(layers_conv2d_generic_float.o) (__aeabi_memclr)
c:/programfiles/stm32cubeide_1.0.1/stm32cubeide/plugins/com.st.stm32cube.ide.mcu.externaltools.gnu-tools-for-stm32.7-2018-q2-update.win32_1.0.0.201904181610/tools/bin/../lib/gcc/arm-none-eabi/7.3.1/../../../../arm-none-eabi/lib/thumb/v7e-m/fpv4-sp/hard\libc_nano.a(lib_a-aeabi_memcpy.o)
                              ../Middlewares/ST/AI/Lib\NetworkRuntime400_CM4_GCC.a(ai_platform_interface.o) (__aeabi_memcpy)
c:/programfiles/stm32cubeide_1.0.1/stm32cubeide/plugins/com.st.stm32cube.ide.mcu.externaltools.gnu-tools-for-stm32.7-2018-q2-update.win32_1.0.0.201904181610/tools/bin/../lib/gcc/arm-none-eabi/7.3.1/../../../../arm-none-eabi/lib/thumb/v7e-m/fpv4-sp/hard\libc_nano.a(lib_a-aeabi_memset-soft.o)
                              c:/programfiles/stm32cubeide_1.0.1/stm32cubeide/plugins/com.st.stm32cube.ide.mcu.externaltools.gnu-tools-for-stm32.7-2018-q2-update.win32_1.0.0.201904181610/tools/bin/../lib/gcc/arm-none-eabi/7.3.1/../../../../arm-none-eabi/lib/thumb/v7e-m/fpv4-sp/hard\libc_nano.a(lib_a-aeabi_memclr.o) (__aeabi_memset)
c:/programfiles/stm32cubeide_1.0.1/stm32cubeide/plugins/com.st.stm32cube.ide.mcu.externaltools.gnu-tools-for-stm32.7-2018-q2-update.win32_1.0.0.201904181610/tools/bin/../lib/gcc/arm-none-eabi/7.3.1/../../../../arm-none-eabi/lib/thumb/v7e-m/fpv4-sp/hard\libc_nano.a(lib_a-errno.o)
                              Middlewares/ST/Application/SystemPerformance/Src/aiSystemPerformance.o (__errno)
c:/programfiles/stm32cubeide_1.0.1/stm32cubeide/plugins/com.st.stm32cube.ide.mcu.externaltools.gnu-tools-for-stm32.7-2018-q2-update.win32_1.0.0.201904181610/tools/bin/../lib/gcc/arm-none-eabi/7.3.1/../../../../arm-none-eabi/lib/thumb/v7e-m/fpv4-sp/hard\libc_nano.a(lib_a-exit.o)
                              c:/programfiles/stm32cubeide_1.0.1/stm32cubeide/plugins/com.st.stm32cube.ide.mcu.externaltools.gnu-tools-for-stm32.7-2018-q2-update.win32_1.0.0.201904181610/tools/bin/../lib/gcc/arm-none-eabi/7.3.1/../../../../arm-none-eabi/lib/thumb/v7e-m/fpv4-sp/hard/crt0.o (exit)
c:/programfiles/stm32cubeide_1.0.1/stm32cubeide/plugins/com.st.stm32cube.ide.mcu.externaltools.gnu-tools-for-stm32.7-2018-q2-update.win32_1.0.0.201904181610/tools/bin/../lib/gcc/arm-none-eabi/7.3.1/../../../../arm-none-eabi/lib/thumb/v7e-m/fpv4-sp/hard\libc_nano.a(lib_a-fflush.o)
                              Middlewares/ST/Application/SystemPerformance/Src/aiSystemPerformance.o (fflush)
c:/programfiles/stm32cubeide_1.0.1/stm32cubeide/plugins/com.st.stm32cube.ide.mcu.externaltools.gnu-tools-for-stm32.7-2018-q2-update.win32_1.0.0.201904181610/tools/bin/../lib/gcc/arm-none-eabi/7.3.1/../../../../arm-none-eabi/lib/thumb/v7e-m/fpv4-sp/hard\libc_nano.a(lib_a-findfp.o)
                              c:/programfiles/stm32cubeide_1.0.1/stm32cubeide/plugins/com.st.stm32cube.ide.mcu.externaltools.gnu-tools-for-stm32.7-2018-q2-update.win32_1.0.0.201904181610/tools/bin/../lib/gcc/arm-none-eabi/7.3.1/../../../../arm-none-eabi/lib/thumb/v7e-m/fpv4-sp/hard\libc_nano.a(lib_a-fflush.o) (__sinit)
c:/programfiles/stm32cubeide_1.0.1/stm32cubeide/plugins/com.st.stm32cube.ide.mcu.externaltools.gnu-tools-for-stm32.7-2018-q2-update.win32_1.0.0.201904181610/tools/bin/../lib/gcc/arm-none-eabi/7.3.1/../../../../arm-none-eabi/lib/thumb/v7e-m/fpv4-sp/hard\libc_nano.a(lib_a-fwalk.o)
[...]
Memory Configuration

Name             Origin             Length             Attributes
FLASH            0x0000000008000000 0x0000000000080000 xr
RAM              0x0000000020000000 0x0000000000020000 xrw
*default*        0x0000000000000000 0xffffffffffffffff

Linker script and memory map

LOAD c:/programfiles/stm32cubeide_1.0.1/stm32cubeide/plugins/com.st.stm32cube.ide.mcu.externaltools.gnu-tools-for-stm32.7-2018-q2-update.win32_1.0.0.201904181610/tools/bin/../lib/gcc/arm-none-eabi/7.3.1/thumb/v7e-m/fpv4-sp/hard/crti.o
LOAD c:/programfiles/stm32cubeide_1.0.1/stm32cubeide/plugins/com.st.stm32cube.ide.mcu.externaltools.gnu-tools-for-stm32.7-2018-q2-update.win32_1.0.0.201904181610/tools/bin/../lib/gcc/arm-none-eabi/7.3.1/thumb/v7e-m/fpv4-sp/hard/crtbegin.o
LOAD c:/programfiles/stm32cubeide_1.0.1/stm32cubeide/plugins/com.st.stm32cube.ide.mcu.externaltools.gnu-tools-for-stm32.7-2018-q2-update.win32_1.0.0.201904181610/tools/bin/../lib/gcc/arm-none-eabi/7.3.1/../../../../arm-none-eabi/lib/thumb/v7e-m/fpv4-sp/hard/crt0.o
LOAD Drivers/CMSIS/DSP/Source/BasicMathFunctions/arm_dot_prod_f32.o
LOAD Drivers/CMSIS/DSP/Source/BasicMathFunctions/arm_shift_q15.o
LOAD Drivers/CMSIS/DSP/Source/BasicMathFunctions/arm_shift_q7.o
LOAD Drivers/CMSIS/DSP/Source/MatrixFunctions/arm_mat_init_f32.o
LOAD Drivers/CMSIS/DSP/Source/SupportFunctions/arm_float_to_q15.o
LOAD Drivers/CMSIS/DSP/Source/SupportFunctions/arm_float_to_q7.o
LOAD Drivers/CMSIS/DSP/Source/SupportFunctions/arm_q15_to_float.o
LOAD Drivers/CMSIS/DSP/Source/SupportFunctions/arm_q15_to_q7.o
LOAD Drivers/CMSIS/DSP/Source/SupportFunctions/arm_q7_to_float.o
LOAD Drivers/CMSIS/DSP/Source/SupportFunctions/arm_q7_to_q15.o
LOAD Drivers/STM32F4xx_HAL_Driver/Src/stm32f4xx_hal.o
LOAD Drivers/STM32F4xx_HAL_Driver/Src/stm32f4xx_hal_cortex.o
LOAD Drivers/STM32F4xx_HAL_Driver/Src/stm32f4xx_hal_crc.o
LOAD Drivers/STM32F4xx_HAL_Driver/Src/stm32f4xx_hal_dma.o
LOAD Drivers/STM32F4xx_HAL_Driver/Src/stm32f4xx_hal_dma_ex.o
LOAD Drivers/STM32F4xx_HAL_Driver/Src/stm32f4xx_hal_exti.o
LOAD Drivers/STM32F4xx_HAL_Driver/Src/stm32f4xx_hal_flash.o
LOAD Drivers/STM32F4xx_HAL_Driver/Src/stm32f4xx_hal_flash_ex.o
LOAD Drivers/STM32F4xx_HAL_Driver/Src/stm32f4xx_hal_flash_ramfunc.o
LOAD Drivers/STM32F4xx_HAL_Driver/Src/stm32f4xx_hal_gpio.o
LOAD Drivers/STM32F4xx_HAL_Driver/Src/stm32f4xx_hal_pwr.o
LOAD Drivers/STM32F4xx_HAL_Driver/Src/stm32f4xx_hal_pwr_ex.o
LOAD Drivers/STM32F4xx_HAL_Driver/Src/stm32f4xx_hal_rcc.o
LOAD Drivers/STM32F4xx_HAL_Driver/Src/stm32f4xx_hal_rcc_ex.o
LOAD Drivers/STM32F4xx_HAL_Driver/Src/stm32f4xx_hal_tim.o
LOAD Drivers/STM32F4xx_HAL_Driver/Src/stm32f4xx_hal_tim_ex.o
LOAD Drivers/STM32F4xx_HAL_Driver/Src/stm32f4xx_hal_uart.o
LOAD Middlewares/ST/Application/SystemPerformance/Src/aiSystemPerformance.o
LOAD Src/app_x-cube-ai.o
LOAD Src/main.o
LOAD Src/network.o
LOAD Src/network_data.o
LOAD Src/stm32f4xx_hal_msp.o
LOAD Src/stm32f4xx_it.o
LOAD Src/syscalls.o
LOAD Src/sysmem.o
LOAD Src/system_stm32f4xx.o
LOAD Startup/startup_stm32f446retx.o
LOAD ../Middlewares/ST/AI/Lib\NetworkRuntime400_CM4_GCC.a
START GROUP
LOAD c:/programfiles/stm32cubeide_1.0.1/stm32cubeide/plugins/com.st.stm32cube.ide.mcu.externaltools.gnu-tools-for-stm32.7-2018-q2-update.win32_1.0.0.201904181610/tools/bin/../lib/gcc/arm-none-eabi/7.3.1/../../../../arm-none-eabi/lib/thumb/v7e-m/fpv4-sp/hard\libc_nano.a
LOAD c:/programfiles/stm32cubeide_1.0.1/stm32cubeide/plugins/com.st.stm32cube.ide.mcu.externaltools.gnu-tools-for-stm32.7-2018-q2-update.win32_1.0.0.201904181610/tools/bin/../lib/gcc/arm-none-eabi/7.3.1/../../../../arm-none-eabi/lib/thumb/v7e-m/fpv4-sp/hard\libm.a
END GROUP
START GROUP
LOAD c:/programfiles/stm32cubeide_1.0.1/stm32cubeide/plugins/com.st.stm32cube.ide.mcu.externaltools.gnu-tools-for-stm32.7-2018-q2-update.win32_1.0.0.201904181610/tools/bin/../lib/gcc/arm-none-eabi/7.3.1/thumb/v7e-m/fpv4-sp/hard\libgcc.a
LOAD c:/programfiles/stm32cubeide_1.0.1/stm32cubeide/plugins/com.st.stm32cube.ide.mcu.externaltools.gnu-tools-for-stm32.7-2018-q2-update.win32_1.0.0.201904181610/tools/bin/../lib/gcc/arm-none-eabi/7.3.1/../../../../arm-none-eabi/lib/thumb/v7e-m/fpv4-sp/hard\libc_nano.a
END GROUP
START GROUP
LOAD c:/programfiles/stm32cubeide_1.0.1/stm32cubeide/plugins/com.st.stm32cube.ide.mcu.externaltools.gnu-tools-for-stm32.7-2018-q2-update.win32_1.0.0.201904181610/tools/bin/../lib/gcc/arm-none-eabi/7.3.1/thumb/v7e-m/fpv4-sp/hard\libgcc.a
LOAD c:/programfiles/stm32cubeide_1.0.1/stm32cubeide/plugins/com.st.stm32cube.ide.mcu.externaltools.gnu-tools-for-stm32.7-2018-q2-update.win32_1.0.0.201904181610/tools/bin/../lib/gcc/arm-none-eabi/7.3.1/../../../../arm-none-eabi/lib/thumb/v7e-m/fpv4-sp/hard\libc_nano.a
LOAD c:/programfiles/stm32cubeide_1.0.1/stm32cubeide/plugins/com.st.stm32cube.ide.mcu.externaltools.gnu-tools-for-stm32.7-2018-q2-update.win32_1.0.0.201904181610/tools/bin/../lib/gcc/arm-none-eabi/7.3.1/../../../../arm-none-eabi/lib/thumb/v7e-m/fpv4-sp/hard\libnosys.a
END GROUP
START GROUP
LOAD c:/programfiles/stm32cubeide_1.0.1/stm32cubeide/plugins/com.st.stm32cube.ide.mcu.externaltools.gnu-tools-for-stm32.7-2018-q2-update.win32_1.0.0.201904181610/tools/bin/../lib/gcc/arm-none-eabi/7.3.1/thumb/v7e-m/fpv4-sp/hard\libgcc.a
LOAD c:/programfiles/stm32cubeide_1.0.1/stm32cubeide/plugins/com.st.stm32cube.ide.mcu.externaltools.gnu-tools-for-stm32.7-2018-q2-update.win32_1.0.0.201904181610/tools/bin/../lib/gcc/arm-none-eabi/7.3.1/../../../../arm-none-eabi/lib/thumb/v7e-m/fpv4-sp/hard\libc_nano.a
LOAD c:/programfiles/stm32cubeide_1.0.1/stm32cubeide/plugins/com.st.stm32cube.ide.mcu.externaltools.gnu-tools-for-stm32.7-2018-q2-update.win32_1.0.0.201904181610/tools/bin/../lib/gcc/arm-none-eabi/7.3.1/../../../../arm-none-eabi/lib/thumb/v7e-m/fpv4-sp/hard\libnosys.a
END GROUP
LOAD c:/programfiles/stm32cubeide_1.0.1/stm32cubeide/plugins/com.st.stm32cube.ide.mcu.externaltools.gnu-tools-for-stm32.7-2018-q2-update.win32_1.0.0.201904181610/tools/bin/../lib/gcc/arm-none-eabi/7.3.1/thumb/v7e-m/fpv4-sp/hard/crtend.o
LOAD c:/programfiles/stm32cubeide_1.0.1/stm32cubeide/plugins/com.st.stm32cube.ide.mcu.externaltools.gnu-tools-for-stm32.7-2018-q2-update.win32_1.0.0.201904181610/tools/bin/../lib/gcc/arm-none-eabi/7.3.1/thumb/v7e-m/fpv4-sp/hard/crtn.o
                0x000000002001ffff                _estack = 0x2001ffff
                0x0000000000000200                _Min_Heap_Size = 0x200
                0x0000000000000400                _Min_Stack_Size = 0x400

.isr_vector     0x0000000008000000      0x1c4
                0x0000000008000000                . = ALIGN (0x4)
 *(.isr_vector)
 .isr_vector    0x0000000008000000      0x1c4 Startup/startup_stm32f446retx.o
                0x0000000008000000                g_pfnVectors
                0x00000000080001c4                . = ALIGN (0x4)

.text           0x00000000080001d0     0xa22c
                0x00000000080001d0                . = ALIGN (0x4)
 *(.text)
 .text          0x00000000080001d0       0x40 c:/programfiles/stm32cubeide_1.0.1/stm32cubeide/plugins/com.st.stm32cube.ide.mcu.externaltools.gnu-tools-for-stm32.7-2018-q2-update.win32_1.0.0.201904181610/tools/bin/../lib/gcc/arm-none-eabi/7.3.1/thumb/v7e-m/fpv4-sp/hard/crtbegin.o
 .text          0x0000000008000210      0x86c ../Middlewares/ST/AI/Lib\NetworkRuntime400_CM4_GCC.a(ai_platform_interface.o)
                0x0000000008000590                ai_platform_runtime_get_revision
                0x00000000080005c0                ai_platform_runtime_get_version
                0x00000000080005f4                ai_platform_api_get_version
                0x0000000008000628                ai_platform_interface_api_get_version
                0x000000000800065c                ai_platform_context_acquire
                0x0000000008000698                ai_platform_context_release
                0x00000000080006a0                ai_platform_network_get_error
                0x00000000080006ec                ai_platform_network_set_error
                0x00000000080006f8                ai_platform_api_get_network_report
                0x000000000800086c                ai_platform_network_create
                0x00000000080008e4                ai_platform_network_destroy
                0x0000000008000922                ai_platform_network_init
                0x00000000080009ce                ai_platform_network_process
 .text          0x0000000008000a7c       0x24 ../Middlewares/ST/AI/Lib\NetworkRuntime400_CM4_GCC.a(core_common.o)
                0x0000000008000a7c                core_init
                0x0000000008000a80                core_get_error
                0x0000000008000a8a                core_set_error
 .text          0x0000000008000aa0      0x25c ../Middlewares/ST/AI/Lib\NetworkRuntime400_CM4_GCC.a(layers.o)
                0x0000000008000aa0                ai_layers_forward_layer
                0x0000000008000ab4                ai_check_custom_types
                0x0000000008000adc                ai_layer_type_name
                0x0000000008000bec                ai_layer_type_is_valid
                0x0000000008000c08                ai_layers_forward_all
 .text          0x0000000008000cfc     0x1734 ../Middlewares/ST/AI/Lib\NetworkRuntime400_CM4_GCC.a(layers_conv2d_generic_float.o)
                0x0000000008001390                ai_dict8_dot_array_f32
                0x0000000008001668                ai_dict4_dot_array_f32
                0x0000000008001708                ai_dict_decompress_f32
                0x00000000080017dc                forward_conv2d
                0x00000000080019f4                forward_conv2d_nl_pool
                0x0000000008001dd8                forward_dense
                0x0000000008002228                forward_gemm
                0x00000000080022d4                forward_matmul
 .text          0x0000000008002430      0xca6 ../Middlewares/ST/AI/Lib\NetworkRuntime400_CM4_GCC.a(layers_nl_generic_float.o)
                0x0000000008002430                nl_func_sm_channel_f32
                0x0000000008002554                nl_func_sm_array_f32
                0x0000000008002598                nl_func_tanh_array_f32
                0x00000000080025c4                nl_func_sigmoid_array_f32
                0x0000000008002604                nl_func_hard_sigmoid_array_f32
                0x000000000800265c                nl_func_exp_array_f32
                0x0000000008002688                nl_func_sqrt_array_f32
                0x00000000080026b4                nl_func_soft_plus_array_f32
                0x00000000080026ec                nl_func_soft_sign_array_f32
                0x0000000008002720                nl_func_sign_array_f32
                0x0000000008002760                nl_func_clip_array_f32
                0x00000000080027a8                nl_func_hardmax_array_f32
                0x0000000008002884                nl_func_relu_array_f32
                0x00000000080028bc                nl_func_relu_generic_array_f32
                0x0000000008002970                nl_func_relu_thresholded_array_f32
                0x00000000080029a4                nl_func_elu_array_f32
                0x0000000008002a2c                nl_func_selu_array_f32
                0x0000000008002ab8                nl_func_prelu_array_f32
                0x0000000008002b14                forward_relu
                0x0000000008002b8c                forward_relu_thresholded
                0x0000000008002bec                forward_elu
                0x0000000008002c92                forward_selu
                0x0000000008002cbe                forward_prelu
                0x0000000008002d2c                forward_sign
                0x0000000008002d90                forward_clip
                0x0000000008002e00                forward_sigmoid
                0x0000000008002e60                forward_hard_sigmoid
                0x0000000008002eec                forward_exp
                0x0000000008002f38                forward_sqrt
                0x0000000008002f84                forward_soft_plus
                0x0000000008002fdc                forward_soft_sign
                0x0000000008003034                forward_tanh
                0x000000000800307e                forward_sm
                0x00000000080030b4                forward_hardmax
 *fill*         0x00000000080030d6        0x2 
 .text          0x00000000080030d8      0x8f0 ../Middlewares/ST/AI/Lib\NetworkRuntime400_CM4_GCC.a(ai_datatypes_format.o)
                0x00000000080030d8                ai_array_fmt_name
                0x0000000008003282                ai_array_fmt_exported
                0x0000000008003366                ai_array_fmt_valid
                0x000000000800344c                ai_array_fmt_get_formats
                0x000000000800345c                ai_buffer_fmt_name
                0x0000000008003522                ai_buffer_fmt_valid
                0x0000000008003590                ai_buffer_fmt_get_formats
                0x0000000008003598                ai_array_to_buffer_fmt
                0x0000000008003644                ai_buffer_to_array_fmt
                0x0000000008003748                ai_array_get_byte_size
                0x000000000800379e                ai_array_get_data_byte_size
                0x00000000080037c6                ai_array_get_elems_from_size
 .text          0x00000000080039c8      0x128 ../Middlewares/ST/AI/Lib\NetworkRuntime400_CM4_GCC.a(ai_math_helpers.o)
                0x00000000080039c8                ai_math_dot_array
                0x00000000080039f4                ai_math_sqrt
                0x0000000008003a0c                ai_math_exp
                0x0000000008003a10                ai_math_pow
                0x0000000008003a14                ai_math_tanh
                0x0000000008003a18                ai_math_relu
                0x0000000008003a28                ai_math_prelu
                0x0000000008003a38                ai_math_sigmoid
                0x0000000008003a58                ai_math_hard_sigmoid
                0x0000000008003a8c                ai_math_sign
                0x0000000008003ab8                ai_sum
                0x0000000008003abe                ai_sub
                0x0000000008003ac4                ai_mul
                0x0000000008003aca                ai_div
                0x0000000008003ad0                ai_max
                0x0000000008003ae0                ai_min
 .text          0x0000000008003af0       0x9a c:/programfiles/stm32cubeide_1.0.1/stm32cubeide/plugins/com.st.stm32cube.ide.mcu.externaltools.gnu-tools-for-stm32.7-2018-q2-update.win32_1.0.0.201904181610/tools/bin/../lib/gcc/arm-none-eabi/7.3.1/../../../../arm-none-eabi/lib/thumb/v7e-m/fpv4-sp/hard\libc_nano.a(lib_a-aeabi_memset-soft.o)
                0x0000000008003af0                __aeabi_memset8
                0x0000000008003af0                __aeabi_memset4
                0x0000000008003af0                __aeabi_memset
 .text          0x0000000008003b8a       0x10 c:/programfiles/stm32cubeide_1.0.1/stm32cubeide/plugins/com.st.stm32cube.ide.mcu.externaltools.gnu-tools-for-stm32.7-2018-q2-update.win32_1.0.0.201904181610/tools/bin/../lib/gcc/arm-none-eabi/7.3.1/../../../../arm-none-eabi/lib/thumb/v7e-m/fpv4-sp/hard\libc_nano.a(lib_a-strlen.o)
                0x0000000008003b8a                strlen
 *fill*         0x0000000008003b9a        0x6 
 .text          0x0000000008003ba0       0xa0 c:/programfiles/stm32cubeide_1.0.1/stm32cubeide/plugins/com.st.stm32cube.ide.mcu.externaltools.gnu-tools-for-stm32.7-2018-q2-update.win32_1.0.0.201904181610/tools/bin/../lib/gcc/arm-none-eabi/7.3.1/../../../../arm-none-eabi/lib/thumb/v7e-m/fpv4-sp/hard\libc_nano.a(lib_a-memchr.o)
                0x0000000008003ba0                memchr
 .text          0x0000000008003c40      0x378 c:/programfiles/stm32cubeide_1.0.1/stm32cubeide/plugins/com.st.stm32cube.ide.mcu.externaltools.gnu-tools-for-stm32.7-2018-q2-update.win32_1.0.0.201904181610/tools/bin/../lib/gcc/arm-none-eabi/7.3.1/thumb/v7e-m/fpv4-sp/hard\libgcc.a(_arm_addsubdf3.o)
                0x0000000008003c40                __aeabi_drsub
                0x0000000008003c48                __aeabi_dsub
                0x0000000008003c48                __subdf3
                0x0000000008003c4c                __aeabi_dadd
                0x0000000008003c4c                __adddf3
                0x0000000008003ec4                __floatunsidf
                0x0000000008003ec4                __aeabi_ui2d
                0x0000000008003ee4                __floatsidf
                0x0000000008003ee4                __aeabi_i2d
                0x0000000008003f08                __aeabi_f2d
                0x0000000008003f08                __extendsfdf2
                0x0000000008003f4c                __floatundidf
                0x0000000008003f4c                __aeabi_ul2d
                0x0000000008003f5c                __floatdidf
                0x0000000008003f5c                __aeabi_l2d
 .text          0x0000000008003fb8       0xa0 c:/programfiles/stm32cubeide_1.0.1/stm32cubeide/plugins/com.st.stm32cube.ide.mcu.externaltools.gnu-tools-for-stm32.7-2018-q2-update.win32_1.0.0.201904181610/tools/bin/../lib/gcc/arm-none-eabi/7.3.1/thumb/v7e-m/fpv4-sp/hard\libgcc.a(_arm_truncdfsf2.o)
                0x0000000008003fb8                __truncdfsf2
                0x0000000008003fb8                __aeabi_d2f
 .text          0x0000000008004058       0x30 c:/programfiles/stm32cubeide_1.0.1/stm32cubeide/plugins/com.st.stm32cube.ide.mcu.externaltools.gnu-tools-for-stm32.7-2018-q2-update.win32_1.0.0.201904181610/tools/bin/../lib/gcc/arm-none-eabi/7.3.1/thumb/v7e-m/fpv4-sp/hard\libgcc.a(_aeabi_uldivmod.o)
                0x0000000008004058                __aeabi_uldivmod
 .text          0x0000000008004088      0x2cc c:/programfiles/stm32cubeide_1.0.1/stm32cubeide/plugins/com.st.stm32cube.ide.mcu.externaltools.gnu-tools-for-stm32.7-2018-q2-update.win32_1.0.0.201904181610/tools/bin/../lib/gcc/arm-none-eabi/7.3.1/thumb/v7e-m/fpv4-sp/hard\libgcc.a(_udivmoddi4.o)
                0x0000000008004088                __udivmoddi4
 .text          0x0000000008004354        0x4 c:/programfiles/stm32cubeide_1.0.1/stm32cubeide/plugins/com.st.stm32cube.ide.mcu.externaltools.gnu-tools-for-stm32.7-2018-q2-update.win32_1.0.0.201904181610/tools/bin/../lib/gcc/arm-none-eabi/7.3.1/thumb/v7e-m/fpv4-sp/hard\libgcc.a(_dvmd_tls.o)
                0x0000000008004354                __aeabi_idiv0
                0x0000000008004354                __aeabi_ldiv0
 *(.text*)
 .text.arm_dot_prod_f32
                0x0000000008004358      0x104 Drivers/CMSIS/DSP/Source/BasicMathFunctions/arm_dot_prod_f32.o
                0x0000000008004358                arm_dot_prod_f32
 .text.arm_mat_init_f32
                0x000000000800445c       0x30 Drivers/CMSIS/DSP/Source/MatrixFunctions/arm_mat_init_f32.o
                0x000000000800445c                arm_mat_init_f32
 .text.HAL_Init
                0x000000000800448c       0x44 Drivers/STM32F4xx_HAL_Driver/Src/stm32f4xx_hal.o
                0x000000000800448c                HAL_Init
 .text.HAL_InitTick
                0x00000000080044d0       0x60 Drivers/STM32F4xx_HAL_Driver/Src/stm32f4xx_hal.o
                0x00000000080044d0                HAL_InitTick
 .text.HAL_IncTick
                0x0000000008004530       0x28 Drivers/STM32F4xx_HAL_Driver/Src/stm32f4xx_hal.o
                0x0000000008004530                HAL_IncTick
 .text.HAL_GetTick
                0x0000000008004558       0x18 Drivers/STM32F4xx_HAL_Driver/Src/stm32f4xx_hal.o
                0x0000000008004558                HAL_GetTick
 .text.HAL_Delay
                0x0000000008004570       0x44 Drivers/STM32F4xx_HAL_Driver/Src/stm32f4xx_hal.o
                0x0000000008004570                HAL_Delay
 .text.HAL_GetHalVersion
                0x00000000080045b4       0x14 Drivers/STM32F4xx_HAL_Driver/Src/stm32f4xx_hal.o
                0x00000000080045b4                HAL_GetHalVersion
 .text.HAL_GetREVID
                0x00000000080045c8       0x18 Drivers/STM32F4xx_HAL_Driver/Src/stm32f4xx_hal.o
                0x00000000080045c8                HAL_GetREVID
 .text.HAL_GetDEVID
                0x00000000080045e0       0x1c Drivers/STM32F4xx_HAL_Driver/Src/stm32f4xx_hal.o
                0x00000000080045e0                HAL_GetDEVID
 .text.__NVIC_SetPriorityGrouping
                0x00000000080045fc       0x48 Drivers/STM32F4xx_HAL_Driver/Src/stm32f4xx_hal_cortex.o
 .text.__NVIC_GetPriorityGrouping
                0x0000000008004644       0x1c Drivers/STM32F4xx_HAL_Driver/Src/stm32f4xx_hal_cortex.o
 .text.__NVIC_SetPriority
                0x0000000008004660       0x54 Drivers/STM32F4xx_HAL_Driver/Src/stm32f4xx_hal_cortex.o
 .text.NVIC_EncodePriority
                0x00000000080046b4       0x66 Drivers/STM32F4xx_HAL_Driver/Src/stm32f4xx_hal_cortex.o
 *fill*         0x000000000800471a        0x2 
 .text.SysTick_Config
                0x000000000800471c       0x44 Drivers/STM32F4xx_HAL_Driver/Src/stm32f4xx_hal_cortex.o
 .text.HAL_NVIC_SetPriorityGrouping
                0x0000000008004760       0x16 Drivers/STM32F4xx_HAL_Driver/Src/stm32f4xx_hal_cortex.o
                0x0000000008004760                HAL_NVIC_SetPriorityGrouping
 .text.HAL_NVIC_SetPriority
                0x0000000008004776       0x38 Drivers/STM32F4xx_HAL_Driver/Src/stm32f4xx_hal_cortex.o
                0x0000000008004776                HAL_NVIC_SetPriority
 .text.HAL_SYSTICK_Config
                0x00000000080047ae       0x18 Drivers/STM32F4xx_HAL_Driver/Src/stm32f4xx_hal_cortex.o
                0x00000000080047ae                HAL_SYSTICK_Config
 .text.HAL_CRC_Init
                0x00000000080047c6       0x3e Drivers/STM32F4xx_HAL_Driver/Src/stm32f4xx_hal_crc.o
                0x00000000080047c6                HAL_CRC_Init
 .text.HAL_GPIO_Init
                0x0000000008004804      0x324 Drivers/STM32F4xx_HAL_Driver/Src/stm32f4xx_hal_gpio.o
                0x0000000008004804                HAL_GPIO_Init
 .text.HAL_GPIO_WritePin
                0x0000000008004b28       0x32 Drivers/STM32F4xx_HAL_Driver/Src/stm32f4xx_hal_gpio.o
                0x0000000008004b28                HAL_GPIO_WritePin
 *fill*         0x0000000008004b5a        0x2 
 .text.HAL_RCC_ClockConfig
                0x0000000008004b5c      0x1c4 Drivers/STM32F4xx_HAL_Driver/Src/stm32f4xx_hal_rcc.o
                0x0000000008004b5c                HAL_RCC_ClockConfig
 .text.HAL_RCC_GetHCLKFreq
                0x0000000008004d20       0x18 Drivers/STM32F4xx_HAL_Driver/Src/stm32f4xx_hal_rcc.o
                0x0000000008004d20                HAL_RCC_GetHCLKFreq
 .text.HAL_RCC_GetPCLK1Freq
                0x0000000008004d38       0x28 Drivers/STM32F4xx_HAL_Driver/Src/stm32f4xx_hal_rcc.o
                0x0000000008004d38                HAL_RCC_GetPCLK1Freq
 .text.HAL_RCC_GetPCLK2Freq
                0x0000000008004d60       0x28 Drivers/STM32F4xx_HAL_Driver/Src/stm32f4xx_hal_rcc.o
                0x0000000008004d60                HAL_RCC_GetPCLK2Freq
 .text.HAL_RCC_GetSysClockFreq
                0x0000000008004d88      0x340 Drivers/STM32F4xx_HAL_Driver/Src/stm32f4xx_hal_rcc_ex.o
                0x0000000008004d88                HAL_RCC_GetSysClockFreq
 .text.HAL_RCC_OscConfig
                0x00000000080050c8      0x4b4 Drivers/STM32F4xx_HAL_Driver/Src/stm32f4xx_hal_rcc_ex.o
                0x00000000080050c8                HAL_RCC_OscConfig
 .text.HAL_UART_Init
                0x000000000800557c       0x9a Drivers/STM32F4xx_HAL_Driver/Src/stm32f4xx_hal_uart.o
                0x000000000800557c                HAL_UART_Init
 .text.HAL_UART_Transmit
                0x0000000008005616      0x132 Drivers/STM32F4xx_HAL_Driver/Src/stm32f4xx_hal_uart.o
                0x0000000008005616                HAL_UART_Transmit
 .text.HAL_UART_Receive
                0x0000000008005748      0x14c Drivers/STM32F4xx_HAL_Driver/Src/stm32f4xx_hal_uart.o
                0x0000000008005748                HAL_UART_Receive
 .text.UART_WaitOnFlagUntilTimeout
                0x0000000008005894       0x94 Drivers/STM32F4xx_HAL_Driver/Src/stm32f4xx_hal_uart.o
 .text.UART_SetConfig
                0x0000000008005928      0x414 Drivers/STM32F4xx_HAL_Driver/Src/stm32f4xx_hal_uart.o
 .text.crcIpInit
                0x0000000008005d3c       0x44 Middlewares/ST/Application/SystemPerformance/Src/aiSystemPerformance.o
 .text.dwtIpInit
                0x0000000008005d80       0x38 Middlewares/ST/Application/SystemPerformance/Src/aiSystemPerformance.o
 .text.dwtReset
                0x0000000008005db8       0x18 Middlewares/ST/Application/SystemPerformance/Src/aiSystemPerformance.o
 .text.dwtGetCycles
                0x0000000008005dd0       0x18 Middlewares/ST/Application/SystemPerformance/Src/aiSystemPerformance.o
 .text.systemCoreClock
                0x0000000008005de8        0xe Middlewares/ST/Application/SystemPerformance/Src/aiSystemPerformance.o
 .text.dwtCyclesToTime
                0x0000000008005df6      0x266 Middlewares/ST/Application/SystemPerformance/Src/aiSystemPerformance.o
 .text.devIdToStr
                0x000000000800605c      0x208 Middlewares/ST/Application/SystemPerformance/Src/aiSystemPerformance.o
 .text.bitToStr
                0x0000000008006264       0x28 Middlewares/ST/Application/SystemPerformance/Src/aiSystemPerformance.o
 .text.logDeviceConf
                0x000000000800628c       0xe8 Middlewares/ST/Application/SystemPerformance/Src/aiSystemPerformance.o
 .text.disableInts
                0x0000000008006374       0x20 Middlewares/ST/Application/SystemPerformance/Src/aiSystemPerformance.o
 .text.restoreInts
                0x0000000008006394       0x1e Middlewares/ST/Application/SystemPerformance/Src/aiSystemPerformance.o
 *fill*         0x00000000080063b2        0x2 
 .text.ioGetUint8
                0x00000000080063b4       0x54 Middlewares/ST/Application/SystemPerformance/Src/aiSystemPerformance.o
 .text._write   0x0000000008006408       0x5c Middlewares/ST/Application/SystemPerformance/Src/aiSystemPerformance.o
                0x0000000008006408                _write
 .text.__wrap_malloc
                0x0000000008006464       0x88 Middlewares/ST/Application/SystemPerformance/Src/aiSystemPerformance.o
                0x0000000008006464                __wrap_malloc
 .text.aiLogErr
                0x00000000080064ec       0x48 Middlewares/ST/Application/SystemPerformance/Src/aiSystemPerformance.o
 .text.aiPrintLayoutBuffer
                0x0000000008006534      0x124 Middlewares/ST/Application/SystemPerformance/Src/aiSystemPerformance.o
 .text.aiPrintNetworkInfo
                0x0000000008006658      0x19c Middlewares/ST/Application/SystemPerformance/Src/aiSystemPerformance.o
 .text.aiBootstrap
                0x00000000080067f4      0x194 Middlewares/ST/Application/SystemPerformance/Src/aiSystemPerformance.o
 .text.aiInit   0x0000000008006988       0x60 Middlewares/ST/Application/SystemPerformance/Src/aiSystemPerformance.o
 .text.aiDeInit
                0x00000000080069e8       0x98 Middlewares/ST/Application/SystemPerformance/Src/aiSystemPerformance.o
 .text.aiTestPerformance
                0x0000000008006a80      0x6d0 Middlewares/ST/Application/SystemPerformance/Src/aiSystemPerformance.o
 .text.aiTestConsole
                0x0000000008007150       0x84 Middlewares/ST/Application/SystemPerformance/Src/aiSystemPerformance.o
 .text.aiSystemPerformanceInit
                0x00000000080071d4       0x5c Middlewares/ST/Application/SystemPerformance/Src/aiSystemPerformance.o
                0x00000000080071d4                aiSystemPerformanceInit
 .text.aiSystemPerformanceProcess
                0x0000000008007230      0x164 Middlewares/ST/Application/SystemPerformance/Src/aiSystemPerformance.o
                0x0000000008007230                aiSystemPerformanceProcess
 .text.MX_X_CUBE_AI_Init
                0x0000000008007394       0x10 Src/app_x-cube-ai.o
                0x0000000008007394                MX_X_CUBE_AI_Init
 .text.MX_X_CUBE_AI_Process
                0x00000000080073a4       0x14 Src/app_x-cube-ai.o
                0x00000000080073a4                MX_X_CUBE_AI_Process
 .text.ai_mnetwork_is_valid
                0x00000000080073b8       0x56 Src/app_x-cube-ai.o
 *fill*         0x000000000800740e        0x2 
 .text.ai_mnetwork_handle
                0x0000000008007410       0x74 Src/app_x-cube-ai.o
 .text.ai_mnetwork_release_handle
                0x0000000008007484       0x58 Src/app_x-cube-ai.o
 .text.ai_mnetwork_find
                0x00000000080074dc       0x60 Src/app_x-cube-ai.o
                0x00000000080074dc                ai_mnetwork_find
 .text.ai_mnetwork_create
                0x000000000800753c       0xd8 Src/app_x-cube-ai.o
                0x000000000800753c                ai_mnetwork_create
 .text.ai_mnetwork_destroy
                0x0000000008007614       0x44 Src/app_x-cube-ai.o
                0x0000000008007614                ai_mnetwork_destroy
 .text.ai_mnetwork_get_info
                0x0000000008007658       0x36 Src/app_x-cube-ai.o
                0x0000000008007658                ai_mnetwork_get_info
 .text.ai_mnetwork_get_error
                0x000000000800768e       0x40 Src/app_x-cube-ai.o
                0x000000000800768e                ai_mnetwork_get_error
 .text.ai_mnetwork_init
                0x00000000080076ce       0x9a Src/app_x-cube-ai.o
                0x00000000080076ce                ai_mnetwork_init
 .text.ai_mnetwork_run
                0x0000000008007768       0x38 Src/app_x-cube-ai.o
                0x0000000008007768                ai_mnetwork_run
 .text.main     0x00000000080077a0       0x1e Src/main.o
                0x00000000080077a0                main
 *fill*         0x00000000080077be        0x2 
 .text.SystemClock_Config
                0x00000000080077c0       0xdc Src/main.o
                0x00000000080077c0                SystemClock_Config
 .text.MX_CRC_Init
                0x000000000800789c       0x28 Src/main.o
 .text.MX_USART2_UART_Init
                0x00000000080078c4       0x54 Src/main.o
                0x00000000080078c4                MX_USART2_UART_Init
 .text.MX_GPIO_Init
                0x0000000008007918       0xe0 Src/main.o
 .text.Error_Handler
                0x00000000080079f8        0xe Src/main.o
                0x00000000080079f8                Error_Handler
 *fill*         0x0000000008007a06        0x2 
 .text.network_configure_activations
                0x0000000008007a08       0x9c Src/network.o
 .text.network_configure_weights
                0x0000000008007aa4       0xdc Src/network.o
 .text.ai_network_get_info
                0x0000000008007b80       0xc4 Src/network.o
                0x0000000008007b80                ai_network_get_info
 .text.ai_network_get_error
                0x0000000008007c44       0x18 Src/network.o
                0x0000000008007c44                ai_network_get_error
 .text.ai_network_create
                0x0000000008007c5c       0x2c Src/network.o
                0x0000000008007c5c                ai_network_create
 .text.ai_network_destroy
                0x0000000008007c88       0x18 Src/network.o
                0x0000000008007c88                ai_network_destroy
 .text.ai_network_init
                0x0000000008007ca0       0x66 Src/network.o
                0x0000000008007ca0                ai_network_init
 .text.ai_network_run
                0x0000000008007d06       0x20 Src/network.o
                0x0000000008007d06                ai_network_run
 .text.ai_network_forward
                0x0000000008007d26       0x1e Src/network.o
                0x0000000008007d26                ai_network_forward
 .text.ai_network_data_weights_get
                0x0000000008007d44       0x14 Src/network_data.o
                0x0000000008007d44                ai_network_data_weights_get
 .text.HAL_MspInit
                0x0000000008007d58       0x50 Src/stm32f4xx_hal_msp.o
                0x0000000008007d58                HAL_MspInit
 .text.HAL_CRC_MspInit
                0x0000000008007da8       0x44 Src/stm32f4xx_hal_msp.o
                0x0000000008007da8                HAL_CRC_MspInit
 .text.HAL_UART_MspInit
                0x0000000008007dec       0x90 Src/stm32f4xx_hal_msp.o
                0x0000000008007dec                HAL_UART_MspInit
 .text.NMI_Handler
                0x0000000008007e7c        0xe Src/stm32f4xx_it.o
                0x0000000008007e7c                NMI_Handler
 .text.HardFault_Handler
                0x0000000008007e8a        0x6 Src/stm32f4xx_it.o
                0x0000000008007e8a                HardFault_Handler
 .text.MemManage_Handler
                0x0000000008007e90        0x6 Src/stm32f4xx_it.o
                0x0000000008007e90                MemManage_Handler
 .text.BusFault_Handler
                0x0000000008007e96        0x6 Src/stm32f4xx_it.o
                0x0000000008007e96                BusFault_Handler
 .text.UsageFault_Handler
                0x0000000008007e9c        0x6 Src/stm32f4xx_it.o
                0x0000000008007e9c                UsageFault_Handler
 .text.SVC_Handler
                0x0000000008007ea2        0xe Src/stm32f4xx_it.o
                0x0000000008007ea2                SVC_Handler
 .text.DebugMon_Handler
                0x0000000008007eb0        0xe Src/stm32f4xx_it.o
                0x0000000008007eb0                DebugMon_Handler
 .text.PendSV_Handler
                0x0000000008007ebe        0xe Src/stm32f4xx_it.o
                0x0000000008007ebe                PendSV_Handler
 .text.SysTick_Handler
                0x0000000008007ecc        0xc Src/stm32f4xx_it.o
                0x0000000008007ecc                SysTick_Handler
 .text._read    0x0000000008007ed8       0x3a Src/syscalls.o
                0x0000000008007ed8                _read
 .text._close   0x0000000008007f12       0x18 Src/syscalls.o
                0x0000000008007f12                _close
 .text._fstat   0x0000000008007f2a       0x20 Src/syscalls.o
                0x0000000008007f2a                _fstat
 .text._isatty  0x0000000008007f4a       0x16 Src/syscalls.o
                0x0000000008007f4a                _isatty
 .text._lseek   0x0000000008007f60       0x1a Src/syscalls.o
                0x0000000008007f60                _lseek
 *fill*         0x0000000008007f7a        0x2 
 .text._sbrk    0x0000000008007f7c       0x58 Src/sysmem.o
                0x0000000008007f7c                _sbrk
 .text.SystemInit
                0x0000000008007fd4       0x6c Src/system_stm32f4xx.o
                0x0000000008007fd4                SystemInit
 .text.Reset_Handler
                0x0000000008008040       0x50 Startup/startup_stm32f446retx.o
                0x0000000008008040                Reset_Handler
 .text.Default_Handler
                0x0000000008008090        0x2 Startup/startup_stm32f446retx.o
                0x0000000008008090                RTC_Alarm_IRQHandler
                0x0000000008008090                EXTI2_IRQHandler
                0x0000000008008090                TIM8_CC_IRQHandler
                0x0000000008008090                FMPI2C1_EV_IRQHandler
                0x0000000008008090                SPI4_IRQHandler
                0x0000000008008090                TIM1_CC_IRQHandler
                0x0000000008008090                DMA2_Stream5_IRQHandler
                0x0000000008008090                DMA1_Stream5_IRQHandler
                0x0000000008008090                PVD_IRQHandler
                0x0000000008008090                SDIO_IRQHandler
                0x0000000008008090                TAMP_STAMP_IRQHandler
                0x0000000008008090                CAN2_RX1_IRQHandler
                0x0000000008008090                EXTI3_IRQHandler
                0x0000000008008090                TIM8_TRG_COM_TIM14_IRQHandler
                0x0000000008008090                TIM1_UP_TIM10_IRQHandler
                0x0000000008008090                TIM8_UP_TIM13_IRQHandler
                0x0000000008008090                I2C3_ER_IRQHandler
                0x0000000008008090                EXTI0_IRQHandler
                0x0000000008008090                I2C2_EV_IRQHandler
                0x0000000008008090                DMA1_Stream2_IRQHandler
                0x0000000008008090                CAN1_RX0_IRQHandler
                0x0000000008008090                FPU_IRQHandler
                0x0000000008008090                OTG_HS_WKUP_IRQHandler
                0x0000000008008090                CAN2_SCE_IRQHandler
                0x0000000008008090                DMA2_Stream2_IRQHandler
                0x0000000008008090                SPI1_IRQHandler
                0x0000000008008090                TIM6_DAC_IRQHandler
                0x0000000008008090                TIM1_BRK_TIM9_IRQHandler
                0x0000000008008090                DCMI_IRQHandler
                0x0000000008008090                CAN2_RX0_IRQHandler
                0x0000000008008090                DMA2_Stream3_IRQHandler
                0x0000000008008090                SAI2_IRQHandler
                0x0000000008008090                USART6_IRQHandler
                0x0000000008008090                USART3_IRQHandler
                0x0000000008008090                CAN1_RX1_IRQHandler
                0x0000000008008090                UART5_IRQHandler
                0x0000000008008090                DMA2_Stream0_IRQHandler
                0x0000000008008090                TIM4_IRQHandler
                0x0000000008008090                QUADSPI_IRQHandler
                0x0000000008008090                I2C1_EV_IRQHandler
                0x0000000008008090                DMA1_Stream6_IRQHandler
                0x0000000008008090                DMA1_Stream1_IRQHandler
                0x0000000008008090                UART4_IRQHandler
                0x0000000008008090                TIM3_IRQHandler
                0x0000000008008090                RCC_IRQHandler
                0x0000000008008090                TIM8_BRK_TIM12_IRQHandler
                0x0000000008008090                Default_Handler
                0x0000000008008090                CEC_IRQHandler
                0x0000000008008090                EXTI15_10_IRQHandler
                0x0000000008008090                ADC_IRQHandler
                0x0000000008008090                DMA1_Stream7_IRQHandler
                0x0000000008008090                TIM7_IRQHandler
                0x0000000008008090                CAN2_TX_IRQHandler
                0x0000000008008090                TIM5_IRQHandler
                0x0000000008008090                DMA2_Stream7_IRQHandler
                0x0000000008008090                I2C3_EV_IRQHandler
                0x0000000008008090                EXTI9_5_IRQHandler
                0x0000000008008090                RTC_WKUP_IRQHandler
                0x0000000008008090                SPDIF_RX_IRQHandler
                0x0000000008008090                SPI2_IRQHandler
                0x0000000008008090                OTG_HS_EP1_IN_IRQHandler
                0x0000000008008090                DMA1_Stream0_IRQHandler
                0x0000000008008090                CAN1_TX_IRQHandler
                0x0000000008008090                FMPI2C1_ER_IRQHandler
                0x0000000008008090                EXTI4_IRQHandler
                0x0000000008008090                OTG_HS_EP1_OUT_IRQHandler
                0x0000000008008090                WWDG_IRQHandler
                0x0000000008008090                TIM2_IRQHandler
                0x0000000008008090                OTG_FS_WKUP_IRQHandler
                0x0000000008008090                TIM1_TRG_COM_TIM11_IRQHandler
                0x0000000008008090                OTG_HS_IRQHandler
                0x0000000008008090                EXTI1_IRQHandler
                0x0000000008008090                USART2_IRQHandler
                0x0000000008008090                I2C2_ER_IRQHandler
                0x0000000008008090                DMA2_Stream1_IRQHandler
                0x0000000008008090                CAN1_SCE_IRQHandler
                0x0000000008008090                FLASH_IRQHandler
                0x0000000008008090                DMA2_Stream4_IRQHandler
                0x0000000008008090                USART1_IRQHandler
                0x0000000008008090                OTG_FS_IRQHandler
                0x0000000008008090                SPI3_IRQHandler
                0x0000000008008090                DMA1_Stream4_IRQHandler
                0x0000000008008090                I2C1_ER_IRQHandler
                0x0000000008008090                FMC_IRQHandler
                0x0000000008008090                DMA2_Stream6_IRQHandler
                0x0000000008008090                SAI1_IRQHandler
                0x0000000008008090                DMA1_Stream3_IRQHandler
 .text.__aeabi_memclr
                0x0000000008008092        0x6 c:/programfiles/stm32cubeide_1.0.1/stm32cubeide/plugins/com.st.stm32cube.ide.mcu.externaltools.gnu-tools-for-stm32.7-2018-q2-update.win32_1.0.0.201904181610/tools/bin/../lib/gcc/arm-none-eabi/7.3.1/../../../../arm-none-eabi/lib/thumb/v7e-m/fpv4-sp/hard\libc_nano.a(lib_a-aeabi_memclr.o)
                0x0000000008008092                __aeabi_memclr
                0x0000000008008092                __aeabi_memclr4
                0x0000000008008092                __aeabi_memclr8
 .text.__aeabi_memcpy
                0x0000000008008098        0x4 c:/programfiles/stm32cubeide_1.0.1/stm32cubeide/plugins/com.st.stm32cube.ide.mcu.externaltools.gnu-tools-for-stm32.7-2018-q2-update.win32_1.0.0.201904181610/tools/bin/../lib/gcc/arm-none-eabi/7.3.1/../../../../arm-none-eabi/lib/thumb/v7e-m/fpv4-sp/hard\libc_nano.a(lib_a-aeabi_memcpy.o)
                0x0000000008008098                __aeabi_memcpy4
                0x0000000008008098                __aeabi_memcpy8
                0x0000000008008098                __aeabi_memcpy
 .text.__errno  0x000000000800809c        0xc c:/programfiles/stm32cubeide_1.0.1/stm32cubeide/plugins/com.st.stm32cube.ide.mcu.externaltools.gnu-tools-for-stm32.7-2018-q2-update.win32_1.0.0.201904181610/tools/bin/../lib/gcc/arm-none-eabi/7.3.1/../../../../arm-none-eabi/lib/thumb/v7e-m/fpv4-sp/hard\libc_nano.a(lib_a-errno.o)
                0x000000000800809c                __errno
 .text.__sflush_r
                0x00000000080080a8      0x10c c:/programfiles/stm32cubeide_1.0.1/stm32cubeide/plugins/com.st.stm32cube.ide.mcu.externaltools.gnu-tools-for-stm32.7-2018-q2-update.win32_1.0.0.201904181610/tools/bin/../lib/gcc/arm-none-eabi/7.3.1/../../../../arm-none-eabi/lib/thumb/v7e-m/fpv4-sp/hard\libc_nano.a(lib_a-fflush.o)
                0x00000000080080a8                __sflush_r
 .text._fflush_r
                0x00000000080081b4       0x54 c:/programfiles/stm32cubeide_1.0.1/stm32cubeide/plugins/com.st.stm32cube.ide.mcu.externaltools.gnu-tools-for-stm32.7-2018-q2-update.win32_1.0.0.201904181610/tools/bin/../lib/gcc/arm-none-eabi/7.3.1/../../../../arm-none-eabi/lib/thumb/v7e-m/fpv4-sp/hard\libc_nano.a(lib_a-fflush.o)
                0x00000000080081b4                _fflush_r
 .text.fflush   0x0000000008008208       0x24 c:/programfiles/stm32cubeide_1.0.1/stm32cubeide/plugins/com.st.stm32cube.ide.mcu.externaltools.gnu-tools-for-stm32.7-2018-q2-update.win32_1.0.0.201904181610/tools/bin/../lib/gcc/arm-none-eabi/7.3.1/../../../../arm-none-eabi/lib/thumb/v7e-m/fpv4-sp/hard\libc_nano.a(lib_a-fflush.o)
                0x0000000008008208                fflush
 .text.std      0x000000000800822c       0x48 c:/programfiles/stm32cubeide_1.0.1/stm32cubeide/plugins/com.st.stm32cube.ide.mcu.externaltools.gnu-tools-for-stm32.7-2018-q2-update.win32_1.0.0.201904181610/tools/bin/../lib/gcc/arm-none-eabi/7.3.1/../../../../arm-none-eabi/lib/thumb/v7e-m/fpv4-sp/hard\libc_nano.a(lib_a-findfp.o)
 .text._cleanup_r
                0x0000000008008274        0xc c:/programfiles/stm32cubeide_1.0.1/stm32cubeide/plugins/com.st.stm32cube.ide.mcu.externaltools.gnu-tools-for-stm32.7-2018-q2-update.win32_1.0.0.201904181610/tools/bin/../lib/gcc/arm-none-eabi/7.3.1/../../../../arm-none-eabi/lib/thumb/v7e-m/fpv4-sp/hard\libc_nano.a(lib_a-findfp.o)
                0x0000000008008274                _cleanup_r
 .text.__sfmoreglue
                0x0000000008008280       0x2c c:/programfiles/stm32cubeide_1.0.1/stm32cubeide/plugins/com.st.stm32cube.ide.mcu.externaltools.gnu-tools-for-stm32.7-2018-q2-update.win32_1.0.0.201904181610/tools/bin/../lib/gcc/arm-none-eabi/7.3.1/../../../../arm-none-eabi/lib/thumb/v7e-m/fpv4-sp/hard\libc_nano.a(lib_a-findfp.o)
                0x0000000008008280                __sfmoreglue
 .text.__sinit  0x00000000080082ac       0x60 c:/programfiles/stm32cubeide_1.0.1/stm32cubeide/plugins/com.st.stm32cube.ide.mcu.externaltools.gnu-tools-for-stm32.7-2018-q2-update.win32_1.0.0.201904181610/tools/bin/../lib/gcc/arm-none-eabi/7.3.1/../../../../arm-none-eabi/lib/thumb/v7e-m/fpv4-sp/hard\libc_nano.a(lib_a-findfp.o)
                0x00000000080082ac                __sinit
 .text.__sfp    0x000000000800830c       0x78 c:/programfiles/stm32cubeide_1.0.1/stm32cubeide/plugins/com.st.stm32cube.ide.mcu.externaltools.gnu-tools-for-stm32.7-2018-q2-update.win32_1.0.0.201904181610/tools/bin/../lib/gcc/arm-none-eabi/7.3.1/../../../../arm-none-eabi/lib/thumb/v7e-m/fpv4-sp/hard\libc_nano.a(lib_a-findfp.o)
                0x000000000800830c                __sfp
 .text._fwalk_reent
                0x0000000008008384       0x3c c:/programfiles/stm32cubeide_1.0.1/stm32cubeide/plugins/com.st.stm32cube.ide.mcu.externaltools.gnu-tools-for-stm32.7-2018-q2-update.win32_1.0.0.201904181610/tools/bin/../lib/gcc/arm-none-eabi/7.3.1/../../../../arm-none-eabi/lib/thumb/v7e-m/fpv4-sp/hard\libc_nano.a(lib_a-fwalk.o)
                0x0000000008008384                _fwalk_reent
 .text.__libc_init_array
                0x00000000080083c0       0x48 c:/programfiles/stm32cubeide_1.0.1/stm32cubeide/plugins/com.st.stm32cube.ide.mcu.externaltools.gnu-tools-for-stm32.7-2018-q2-update.win32_1.0.0.201904181610/tools/bin/../lib/gcc/arm-none-eabi/7.3.1/../../../../arm-none-eabi/lib/thumb/v7e-m/fpv4-sp/hard\libc_nano.a(lib_a-init.o)
                0x00000000080083c0                __libc_init_array
 .text.malloc   0x0000000008008408       0x10 c:/programfiles/stm32cubeide_1.0.1/stm32cubeide/plugins/com.st.stm32cube.ide.mcu.externaltools.gnu-tools-for-stm32.7-2018-q2-update.win32_1.0.0.201904181610/tools/bin/../lib/gcc/arm-none-eabi/7.3.1/../../../../arm-none-eabi/lib/thumb/v7e-m/fpv4-sp/hard\libc_nano.a(lib_a-malloc.o)
                0x0000000008008408                malloc
 .text.memcmp   0x0000000008008418       0x1e c:/programfiles/stm32cubeide_1.0.1/stm32cubeide/plugins/com.st.stm32cube.ide.mcu.externaltools.gnu-tools-for-stm32.7-2018-q2-update.win32_1.0.0.201904181610/tools/bin/../lib/gcc/arm-none-eabi/7.3.1/../../../../arm-none-eabi/lib/thumb/v7e-m/fpv4-sp/hard\libc_nano.a(lib_a-memcmp.o)
                0x0000000008008418                memcmp
 .text.memcpy   0x0000000008008436       0x16 c:/programfiles/stm32cubeide_1.0.1/stm32cubeide/plugins/com.st.stm32cube.ide.mcu.externaltools.gnu-tools-for-stm32.7-2018-q2-update.win32_1.0.0.201904181610/tools/bin/../lib/gcc/arm-none-eabi/7.3.1/../../../../arm-none-eabi/lib/thumb/v7e-m/fpv4-sp/hard\libc_nano.a(lib_a-memcpy-stub.o)
                0x0000000008008436                memcpy
 .text.memset   0x000000000800844c       0x10 c:/programfiles/stm32cubeide_1.0.1/stm32cubeide/plugins/com.st.stm32cube.ide.mcu.externaltools.gnu-tools-for-stm32.7-2018-q2-update.win32_1.0.0.201904181610/tools/bin/../lib/gcc/arm-none-eabi/7.3.1/../../../../arm-none-eabi/lib/thumb/v7e-m/fpv4-sp/hard\libc_nano.a(lib_a-memset.o)
                0x000000000800844c                memset
 .text._free_r  0x000000000800845c       0x9c c:/programfiles/stm32cubeide_1.0.1/stm32cubeide/plugins/com.st.stm32cube.ide.mcu.externaltools.gnu-tools-for-stm32.7-2018-q2-update.win32_1.0.0.201904181610/tools/bin/../lib/gcc/arm-none-eabi/7.3.1/../../../../arm-none-eabi/lib/thumb/v7e-m/fpv4-sp/hard\libc_nano.a(lib_a-nano-freer.o)
                0x000000000800845c                _free_r
 .text._malloc_r
                0x00000000080084f8       0xb4 c:/programfiles/stm32cubeide_1.0.1/stm32cubeide/plugins/com.st.stm32cube.ide.mcu.externaltools.gnu-tools-for-stm32.7-2018-q2-update.win32_1.0.0.201904181610/tools/bin/../lib/gcc/arm-none-eabi/7.3.1/../../../../arm-none-eabi/lib/thumb/v7e-m/fpv4-sp/hard\libc_nano.a(lib_a-nano-mallocr.o)
                0x00000000080084f8                _malloc_r
 .text.printf   0x00000000080085ac       0x30 c:/programfiles/stm32cubeide_1.0.1/stm32cubeide/plugins/com.st.stm32cube.ide.mcu.externaltools.gnu-tools-for-stm32.7-2018-q2-update.win32_1.0.0.201904181610/tools/bin/../lib/gcc/arm-none-eabi/7.3.1/../../../../arm-none-eabi/lib/thumb/v7e-m/fpv4-sp/hard\libc_nano.a(lib_a-printf.o)
                0x00000000080085ac                iprintf
                0x00000000080085ac                printf
 .text.putchar  0x00000000080085dc       0x28 c:/programfiles/stm32cubeide_1.0.1/stm32cubeide/plugins/com.st.stm32cube.ide.mcu.externaltools.gnu-tools-for-stm32.7-2018-q2-update.win32_1.0.0.201904181610/tools/bin/../lib/gcc/arm-none-eabi/7.3.1/../../../../arm-none-eabi/lib/thumb/v7e-m/fpv4-sp/hard\libc_nano.a(lib_a-putchar.o)
                0x00000000080085dc                putchar
 .text._puts_r  0x0000000008008604       0xb8 c:/programfiles/stm32cubeide_1.0.1/stm32cubeide/plugins/com.st.stm32cube.ide.mcu.externaltools.gnu-tools-for-stm32.7-2018-q2-update.win32_1.0.0.201904181610/tools/bin/../lib/gcc/arm-none-eabi/7.3.1/../../../../arm-none-eabi/lib/thumb/v7e-m/fpv4-sp/hard\libc_nano.a(lib_a-puts.o)
                0x0000000008008604                _puts_r
 .text.puts     0x00000000080086bc       0x10 c:/programfiles/stm32cubeide_1.0.1/stm32cubeide/plugins/com.st.stm32cube.ide.mcu.externaltools.gnu-tools-for-stm32.7-2018-q2-update.win32_1.0.0.201904181610/tools/bin/../lib/gcc/arm-none-eabi/7.3.1/../../../../arm-none-eabi/lib/thumb/v7e-m/fpv4-sp/hard\libc_nano.a(lib_a-puts.o)
                0x00000000080086bc                puts
 .text.srand    0x00000000080086cc       0x48 c:/programfiles/stm32cubeide_1.0.1/stm32cubeide/plugins/com.st.stm32cube.ide.mcu.externaltools.gnu-tools-for-stm32.7-2018-q2-update.win32_1.0.0.201904181610/tools/bin/../lib/gcc/arm-none-eabi/7.3.1/../../../../arm-none-eabi/lib/thumb/v7e-m/fpv4-sp/hard\libc_nano.a(lib_a-rand.o)
                0x00000000080086cc                srand
 .text.rand     0x0000000008008714       0x68 c:/programfiles/stm32cubeide_1.0.1/stm32cubeide/plugins/com.st.stm32cube.ide.mcu.externaltools.gnu-tools-for-stm32.7-2018-q2-update.win32_1.0.0.201904181610/tools/bin/../lib/gcc/arm-none-eabi/7.3.1/../../../../arm-none-eabi/lib/thumb/v7e-m/fpv4-sp/hard\libc_nano.a(lib_a-rand.o)
                0x0000000008008714                rand
 .text._sbrk_r  0x000000000800877c       0x20 c:/programfiles/stm32cubeide_1.0.1/stm32cubeide/plugins/com.st.stm32cube.ide.mcu.externaltools.gnu-tools-for-stm32.7-2018-q2-update.win32_1.0.0.201904181610/tools/bin/../lib/gcc/arm-none-eabi/7.3.1/../../../../arm-none-eabi/lib/thumb/v7e-m/fpv4-sp/hard\libc_nano.a(lib_a-sbrkr.o)
                0x000000000800877c                _sbrk_r
 .text.__sread  0x000000000800879c       0x22 c:/programfiles/stm32cubeide_1.0.1/stm32cubeide/plugins/com.st.stm32cube.ide.mcu.externaltools.gnu-tools-for-stm32.7-2018-q2-update.win32_1.0.0.201904181610/tools/bin/../lib/gcc/arm-none-eabi/7.3.1/../../../../arm-none-eabi/lib/thumb/v7e-m/fpv4-sp/hard\libc_nano.a(lib_a-stdio.o)
                0x000000000800879c                __sread
 .text.__swrite
                0x00000000080087be       0x38 c:/programfiles/stm32cubeide_1.0.1/stm32cubeide/plugins/com.st.stm32cube.ide.mcu.externaltools.gnu-tools-for-stm32.7-2018-q2-update.win32_1.0.0.201904181610/tools/bin/../lib/gcc/arm-none-eabi/7.3.1/../../../../arm-none-eabi/lib/thumb/v7e-m/fpv4-sp/hard\libc_nano.a(lib_a-stdio.o)
                0x00000000080087be                __swrite
 .text.__sseek  0x00000000080087f6       0x24 c:/programfiles/stm32cubeide_1.0.1/stm32cubeide/plugins/com.st.stm32cube.ide.mcu.externaltools.gnu-tools-for-stm32.7-2018-q2-update.win32_1.0.0.201904181610/tools/bin/../lib/gcc/arm-none-eabi/7.3.1/../../../../arm-none-eabi/lib/thumb/v7e-m/fpv4-sp/hard\libc_nano.a(lib_a-stdio.o)
                0x00000000080087f6                __sseek
 .text.__sclose
                0x000000000800881a        0x8 c:/programfiles/stm32cubeide_1.0.1/stm32cubeide/plugins/com.st.stm32cube.ide.mcu.externaltools.gnu-tools-for-stm32.7-2018-q2-update.win32_1.0.0.201904181610/tools/bin/../lib/gcc/arm-none-eabi/7.3.1/../../../../arm-none-eabi/lib/thumb/v7e-m/fpv4-sp/hard\libc_nano.a(lib_a-stdio.o)
                0x000000000800881a                __sclose
 .text.strncmp  0x0000000008008822       0x24 c:/programfiles/stm32cubeide_1.0.1/stm32cubeide/plugins/com.st.stm32cube.ide.mcu.externaltools.gnu-tools-for-stm32.7-2018-q2-update.win32_1.0.0.201904181610/tools/bin/../lib/gcc/arm-none-eabi/7.3.1/../../../../arm-none-eabi/lib/thumb/v7e-m/fpv4-sp/hard\libc_nano.a(lib_a-strncmp.o)
                0x0000000008008822                strncmp
 *fill*         0x0000000008008846        0x2 
 .text.__swbuf_r
                0x0000000008008848       0xa4 c:/programfiles/stm32cubeide_1.0.1/stm32cubeide/plugins/com.st.stm32cube.ide.mcu.externaltools.gnu-tools-for-stm32.7-2018-q2-update.win32_1.0.0.201904181610/tools/bin/../lib/gcc/arm-none-eabi/7.3.1/../../../../arm-none-eabi/lib/thumb/v7e-m/fpv4-sp/hard\libc_nano.a(lib_a-wbuf.o)
                0x0000000008008848                __swbuf_r
 .text._write_r
                0x00000000080088ec       0x24 c:/programfiles/stm32cubeide_1.0.1/stm32cubeide/plugins/com.st.stm32cube.ide.mcu.externaltools.gnu-tools-for-stm32.7-2018-q2-update.win32_1.0.0.201904181610/tools/bin/../lib/gcc/arm-none-eabi/7.3.1/../../../../arm-none-eabi/lib/thumb/v7e-m/fpv4-sp/hard\libc_nano.a(lib_a-writer.o)
                0x00000000080088ec                _write_r
 .text.__swsetup_r
                0x0000000008008910       0xdc c:/programfiles/stm32cubeide_1.0.1/stm32cubeide/plugins/com.st.stm32cube.ide.mcu.externaltools.gnu-tools-for-stm32.7-2018-q2-update.win32_1.0.0.201904181610/tools/bin/../lib/gcc/arm-none-eabi/7.3.1/../../../../arm-none-eabi/lib/thumb/v7e-m/fpv4-sp/hard\libc_nano.a(lib_a-wsetup.o)
                0x0000000008008910                __swsetup_r
 .text._close_r
                0x00000000080089ec       0x20 c:/programfiles/stm32cubeide_1.0.1/stm32cubeide/plugins/com.st.stm32cube.ide.mcu.externaltools.gnu-tools-for-stm32.7-2018-q2-update.win32_1.0.0.201904181610/tools/bin/../lib/gcc/arm-none-eabi/7.3.1/../../../../arm-none-eabi/lib/thumb/v7e-m/fpv4-sp/hard\libc_nano.a(lib_a-closer.o)
                0x00000000080089ec                _close_r
 .text._lseek_r
                0x0000000008008a0c       0x24 c:/programfiles/stm32cubeide_1.0.1/stm32cubeide/plugins/com.st.stm32cube.ide.mcu.externaltools.gnu-tools-for-stm32.7-2018-q2-update.win32_1.0.0.201904181610/tools/bin/../lib/gcc/arm-none-eabi/7.3.1/../../../../arm-none-eabi/lib/thumb/v7e-m/fpv4-sp/hard\libc_nano.a(lib_a-lseekr.o)
                0x0000000008008a0c                _lseek_r
 .text.__swhatbuf_r
                0x0000000008008a30       0x48 c:/programfiles/stm32cubeide_1.0.1/stm32cubeide/plugins/com.st.stm32cube.ide.mcu.externaltools.gnu-tools-for-stm32.7-2018-q2-update.win32_1.0.0.201904181610/tools/bin/../lib/gcc/arm-none-eabi/7.3.1/../../../../arm-none-eabi/lib/thumb/v7e-m/fpv4-sp/hard\libc_nano.a(lib_a-makebuf.o)
                0x0000000008008a30                __swhatbuf_r
 .text.__smakebuf_r
                0x0000000008008a78       0x80 c:/programfiles/stm32cubeide_1.0.1/stm32cubeide/plugins/com.st.stm32cube.ide.mcu.externaltools.gnu-tools-for-stm32.7-2018-q2-update.win32_1.0.0.201904181610/tools/bin/../lib/gcc/arm-none-eabi/7.3.1/../../../../arm-none-eabi/lib/thumb/v7e-m/fpv4-sp/hard\libc_nano.a(lib_a-makebuf.o)
                0x0000000008008a78                __smakebuf_r
 .text.__malloc_lock
                0x0000000008008af8        0x2 c:/programfiles/stm32cubeide_1.0.1/stm32cubeide/plugins/com.st.stm32cube.ide.mcu.externaltools.gnu-tools-for-stm32.7-2018-q2-update.win32_1.0.0.201904181610/tools/bin/../lib/gcc/arm-none-eabi/7.3.1/../../../../arm-none-eabi/lib/thumb/v7e-m/fpv4-sp/hard\libc_nano.a(lib_a-mlock.o)
                0x0000000008008af8                __malloc_lock
 .text.__malloc_unlock
                0x0000000008008afa        0x2 c:/programfiles/stm32cubeide_1.0.1/stm32cubeide/plugins/com.st.stm32cube.ide.mcu.externaltools.gnu-tools-for-stm32.7-2018-q2-update.win32_1.0.0.201904181610/tools/bin/../lib/gcc/arm-none-eabi/7.3.1/../../../../arm-none-eabi/lib/thumb/v7e-m/fpv4-sp/hard\libc_nano.a(lib_a-mlock.o)
                0x0000000008008afa                __malloc_unlock
 .text.__sfputc_r
                0x0000000008008afc       0x2e c:/programfiles/stm32cubeide_1.0.1/stm32cubeide/plugins/com.st.stm32cube.ide.mcu.externaltools.gnu-tools-for-stm32.7-2018-q2-update.win32_1.0.0.201904181610/tools/bin/../lib/gcc/arm-none-eabi/7.3.1/../../../../arm-none-eabi/lib/thumb/v7e-m/fpv4-sp/hard\libc_nano.a(lib_a-nano-vfprintf.o)
 .text.__sfputs_r
                0x0000000008008b2a       0x24 c:/programfiles/stm32cubeide_1.0.1/stm32cubeide/plugins/com.st.stm32cube.ide.mcu.externaltools.gnu-tools-for-stm32.7-2018-q2-update.win32_1.0.0.201904181610/tools/bin/../lib/gcc/arm-none-eabi/7.3.1/../../../../arm-none-eabi/lib/thumb/v7e-m/fpv4-sp/hard\libc_nano.a(lib_a-nano-vfprintf.o)
                0x0000000008008b2a                __sfputs_r
 *fill*         0x0000000008008b4e        0x2 
 .text._vfprintf_r
                0x0000000008008b50      0x22c c:/programfiles/stm32cubeide_1.0.1/stm32cubeide/plugins/com.st.stm32cube.ide.mcu.externaltools.gnu-tools-for-stm32.7-2018-q2-update.win32_1.0.0.201904181610/tools/bin/../lib/gcc/arm-none-eabi/7.3.1/../../../../arm-none-eabi/lib/thumb/v7e-m/fpv4-sp/hard\libc_nano.a(lib_a-nano-vfprintf.o)
                0x0000000008008b50                _vfprintf_r
                0x0000000008008b50                _vfiprintf_r
 .text._printf_common
                0x0000000008008d7c       0xea c:/programfiles/stm32cubeide_1.0.1/stm32cubeide/plugins/com.st.stm32cube.ide.mcu.externaltools.gnu-tools-for-stm32.7-2018-q2-update.win32_1.0.0.201904181610/tools/bin/../lib/gcc/arm-none-eabi/7.3.1/../../../../arm-none-eabi/lib/thumb/v7e-m/fpv4-sp/hard\libc_nano.a(lib_a-nano-vfprintf_i.o)
                0x0000000008008d7c                _printf_common
 *fill*         0x0000000008008e66        0x2 
 .text._printf_i
                0x0000000008008e68      0x224 c:/programfiles/stm32cubeide_1.0.1/stm32cubeide/plugins/com.st.stm32cube.ide.mcu.externaltools.gnu-tools-for-stm32.7-2018-q2-update.win32_1.0.0.201904181610/tools/bin/../lib/gcc/arm-none-eabi/7.3.1/../../../../arm-none-eabi/lib/thumb/v7e-m/fpv4-sp/hard\libc_nano.a(lib_a-nano-vfprintf_i.o)
                0x0000000008008e68                _printf_i
 .text._putc_r  0x000000000800908c       0x6c c:/programfiles/stm32cubeide_1.0.1/stm32cubeide/plugins/com.st.stm32cube.ide.mcu.externaltools.gnu-tools-for-stm32.7-2018-q2-update.win32_1.0.0.201904181610/tools/bin/../lib/gcc/arm-none-eabi/7.3.1/../../../../arm-none-eabi/lib/thumb/v7e-m/fpv4-sp/hard\libc_nano.a(lib_a-putc.o)
                0x000000000800908c                _putc_r
 .text._read_r  0x00000000080090f8       0x24 c:/programfiles/stm32cubeide_1.0.1/stm32cubeide/plugins/com.st.stm32cube.ide.mcu.externaltools.gnu-tools-for-stm32.7-2018-q2-update.win32_1.0.0.201904181610/tools/bin/../lib/gcc/arm-none-eabi/7.3.1/../../../../arm-none-eabi/lib/thumb/v7e-m/fpv4-sp/hard\libc_nano.a(lib_a-readr.o)
                0x00000000080090f8                _read_r
 .text._fstat_r
                0x000000000800911c       0x24 c:/programfiles/stm32cubeide_1.0.1/stm32cubeide/plugins/com.st.stm32cube.ide.mcu.externaltools.gnu-tools-for-stm32.7-2018-q2-update.win32_1.0.0.201904181610/tools/bin/../lib/gcc/arm-none-eabi/7.3.1/../../../../arm-none-eabi/lib/thumb/v7e-m/fpv4-sp/hard\libc_nano.a(lib_a-fstatr.o)
                0x000000000800911c                _fstat_r
 .text._isatty_r
                0x0000000008009140       0x20 c:/programfiles/stm32cubeide_1.0.1/stm32cubeide/plugins/com.st.stm32cube.ide.mcu.externaltools.gnu-tools-for-stm32.7-2018-q2-update.win32_1.0.0.201904181610/tools/bin/../lib/gcc/arm-none-eabi/7.3.1/../../../../arm-none-eabi/lib/thumb/v7e-m/fpv4-sp/hard\libc_nano.a(lib_a-isattyr.o)
                0x0000000008009140                _isatty_r
 .text.tanhf    0x0000000008009160       0xa4 c:/programfiles/stm32cubeide_1.0.1/stm32cubeide/plugins/com.st.stm32cube.ide.mcu.externaltools.gnu-tools-for-stm32.7-2018-q2-update.win32_1.0.0.201904181610/tools/bin/../lib/gcc/arm-none-eabi/7.3.1/../../../../arm-none-eabi/lib/thumb/v7e-m/fpv4-sp/hard\libm.a(lib_a-sf_tanh.o)
                0x0000000008009160                tanhf
 .text.expf     0x0000000008009204       0xf4 c:/programfiles/stm32cubeide_1.0.1/stm32cubeide/plugins/com.st.stm32cube.ide.mcu.externaltools.gnu-tools-for-stm32.7-2018-q2-update.win32_1.0.0.201904181610/tools/bin/../lib/gcc/arm-none-eabi/7.3.1/../../../../arm-none-eabi/lib/thumb/v7e-m/fpv4-sp/hard\libm.a(lib_a-wf_exp.o)
                0x0000000008009204                expf
 .text.logf     0x00000000080092f8       0xec c:/programfiles/stm32cubeide_1.0.1/stm32cubeide/plugins/com.st.stm32cube.ide.mcu.externaltools.gnu-tools-for-stm32.7-2018-q2-update.win32_1.0.0.201904181610/tools/bin/../lib/gcc/arm-none-eabi/7.3.1/../../../../arm-none-eabi/lib/thumb/v7e-m/fpv4-sp/hard\libm.a(lib_a-wf_log.o)
                0x00000000080092f8                logf
 .text.powf     0x00000000080093e4      0x2c8 c:/programfiles/stm32cubeide_1.0.1/stm32cubeide/plugins/com.st.stm32cube.ide.mcu.externaltools.gnu-tools-for-stm32.7-2018-q2-update.win32_1.0.0.201904181610/tools/bin/../lib/gcc/arm-none-eabi/7.3.1/../../../../arm-none-eabi/lib/thumb/v7e-m/fpv4-sp/hard\libm.a(lib_a-wf_pow.o)
                0x00000000080093e4                powf
 .text.__ieee754_expf
                0x00000000080096ac      0x1a8 c:/programfiles/stm32cubeide_1.0.1/stm32cubeide/plugins/com.st.stm32cube.ide.mcu.externaltools.gnu-tools-for-stm32.7-2018-q2-update.win32_1.0.0.201904181610/tools/bin/../lib/gcc/arm-none-eabi/7.3.1/../../../../arm-none-eabi/lib/thumb/v7e-m/fpv4-sp/hard\libm.a(lib_a-ef_exp.o)
                0x00000000080096ac                __ieee754_expf
 .text.__ieee754_logf
                0x0000000008009854      0x1dc c:/programfiles/stm32cubeide_1.0.1/stm32cubeide/plugins/com.st.stm32cube.ide.mcu.externaltools.gnu-tools-for-stm32.7-2018-q2-update.win32_1.0.0.201904181610/tools/bin/../lib/gcc/arm-none-eabi/7.3.1/../../../../arm-none-eabi/lib/thumb/v7e-m/fpv4-sp/hard\libm.a(lib_a-ef_log.o)
                0x0000000008009854                __ieee754_logf
 .text.__ieee754_powf
                0x0000000008009a30      0x580 c:/programfiles/stm32cubeide_1.0.1/stm32cubeide/plugins/com.st.stm32cube.ide.mcu.externaltools.gnu-tools-for-stm32.7-2018-q2-update.win32_1.0.0.201904181610/tools/bin/../lib/gcc/arm-none-eabi/7.3.1/../../../../arm-none-eabi/lib/thumb/v7e-m/fpv4-sp/hard\libm.a(lib_a-ef_pow.o)
                0x0000000008009a30                __ieee754_powf
 .text.__ieee754_sqrtf
                0x0000000008009fb0        0x6 c:/programfiles/stm32cubeide_1.0.1/stm32cubeide/plugins/com.st.stm32cube.ide.mcu.externaltools.gnu-tools-for-stm32.7-2018-q2-update.win32_1.0.0.201904181610/tools/bin/../lib/gcc/arm-none-eabi/7.3.1/../../../../arm-none-eabi/lib/thumb/v7e-m/fpv4-sp/hard\libm.a(lib_a-ef_sqrt.o)
                0x0000000008009fb0                __ieee754_sqrtf
 .text.matherr  0x0000000008009fb6        0x4 c:/programfiles/stm32cubeide_1.0.1/stm32cubeide/plugins/com.st.stm32cube.ide.mcu.externaltools.gnu-tools-for-stm32.7-2018-q2-update.win32_1.0.0.201904181610/tools/bin/../lib/gcc/arm-none-eabi/7.3.1/../../../../arm-none-eabi/lib/thumb/v7e-m/fpv4-sp/hard\libm.a(lib_a-s_matherr.o)
                0x0000000008009fb6                matherr
 *fill*         0x0000000008009fba        0x6 
 .text.nan      0x0000000008009fc0       0x10 c:/programfiles/stm32cubeide_1.0.1/stm32cubeide/plugins/com.st.stm32cube.ide.mcu.externaltools.gnu-tools-for-stm32.7-2018-q2-update.win32_1.0.0.201904181610/tools/bin/../lib/gcc/arm-none-eabi/7.3.1/../../../../arm-none-eabi/lib/thumb/v7e-m/fpv4-sp/hard\libm.a(lib_a-s_nan.o)
                0x0000000008009fc0                nan
 .text.expm1f   0x0000000008009fd0      0x258 c:/programfiles/stm32cubeide_1.0.1/stm32cubeide/plugins/com.st.stm32cube.ide.mcu.externaltools.gnu-tools-for-stm32.7-2018-q2-update.win32_1.0.0.201904181610/tools/bin/../lib/gcc/arm-none-eabi/7.3.1/../../../../arm-none-eabi/lib/thumb/v7e-m/fpv4-sp/hard\libm.a(lib_a-sf_expm1.o)
                0x0000000008009fd0                expm1f
 .text.fabsf    0x000000000800a228        0xe c:/programfiles/stm32cubeide_1.0.1/stm32cubeide/plugins/com.st.stm32cube.ide.mcu.externaltools.gnu-tools-for-stm32.7-2018-q2-update.win32_1.0.0.201904181610/tools/bin/../lib/gcc/arm-none-eabi/7.3.1/../../../../arm-none-eabi/lib/thumb/v7e-m/fpv4-sp/hard\libm.a(lib_a-sf_fabs.o)
                0x000000000800a228                fabsf
 .text.finitef  0x000000000800a236       0x14 c:/programfiles/stm32cubeide_1.0.1/stm32cubeide/plugins/com.st.stm32cube.ide.mcu.externaltools.gnu-tools-for-stm32.7-2018-q2-update.win32_1.0.0.201904181610/tools/bin/../lib/gcc/arm-none-eabi/7.3.1/../../../../arm-none-eabi/lib/thumb/v7e-m/fpv4-sp/hard\libm.a(lib_a-sf_finite.o)
                0x000000000800a236                finitef
 *fill*         0x000000000800a24a        0x2 
 .text.nanf     0x000000000800a24c        0xc c:/programfiles/stm32cubeide_1.0.1/stm32cubeide/plugins/com.st.stm32cube.ide.mcu.externaltools.gnu-tools-for-stm32.7-2018-q2-update.win32_1.0.0.201904181610/tools/bin/../lib/gcc/arm-none-eabi/7.3.1/../../../../arm-none-eabi/lib/thumb/v7e-m/fpv4-sp/hard\libm.a(lib_a-sf_nan.o)
                0x000000000800a24c                nanf
 .text.rintf    0x000000000800a258       0xb4 c:/programfiles/stm32cubeide_1.0.1/stm32cubeide/plugins/com.st.stm32cube.ide.mcu.externaltools.gnu-tools-for-stm32.7-2018-q2-update.win32_1.0.0.201904181610/tools/bin/../lib/gcc/arm-none-eabi/7.3.1/../../../../arm-none-eabi/lib/thumb/v7e-m/fpv4-sp/hard\libm.a(lib_a-sf_rint.o)
                0x000000000800a258                rintf
 .text.scalbnf  0x000000000800a30c       0xc0 c:/programfiles/stm32cubeide_1.0.1/stm32cubeide/plugins/com.st.stm32cube.ide.mcu.externaltools.gnu-tools-for-stm32.7-2018-q2-update.win32_1.0.0.201904181610/tools/bin/../lib/gcc/arm-none-eabi/7.3.1/../../../../arm-none-eabi/lib/thumb/v7e-m/fpv4-sp/hard\libm.a(lib_a-sf_scalbn.o)
                0x000000000800a30c                scalbnf
 .text.copysignf
                0x000000000800a3cc       0x18 c:/programfiles/stm32cubeide_1.0.1/stm32cubeide/plugins/com.st.stm32cube.ide.mcu.externaltools.gnu-tools-for-stm32.7-2018-q2-update.win32_1.0.0.201904181610/tools/bin/../lib/gcc/arm-none-eabi/7.3.1/../../../../arm-none-eabi/lib/thumb/v7e-m/fpv4-sp/hard\libm.a(lib_a-sf_copysign.o)
                0x000000000800a3cc                copysignf
 *(.glue_7)
 .glue_7        0x000000000800a3e4        0x0 linker stubs
 *(.glue_7t)
 .glue_7t       0x000000000800a3e4        0x0 linker stubs
 *(.eh_frame)
 .eh_frame      0x000000000800a3e4        0x0 c:/programfiles/stm32cubeide_1.0.1/stm32cubeide/plugins/com.st.stm32cube.ide.mcu.externaltools.gnu-tools-for-stm32.7-2018-q2-update.win32_1.0.0.201904181610/tools/bin/../lib/gcc/arm-none-eabi/7.3.1/thumb/v7e-m/fpv4-sp/hard/crtbegin.o
 *(.init)
 .init          0x000000000800a3e4        0x4 c:/programfiles/stm32cubeide_1.0.1/stm32cubeide/plugins/com.st.stm32cube.ide.mcu.externaltools.gnu-tools-for-stm32.7-2018-q2-update.win32_1.0.0.201904181610/tools/bin/../lib/gcc/arm-none-eabi/7.3.1/thumb/v7e-m/fpv4-sp/hard/crti.o
                0x000000000800a3e4                _init
 .init          0x000000000800a3e8        0x8 c:/programfiles/stm32cubeide_1.0.1/stm32cubeide/plugins/com.st.stm32cube.ide.mcu.externaltools.gnu-tools-for-stm32.7-2018-q2-update.win32_1.0.0.201904181610/tools/bin/../lib/gcc/arm-none-eabi/7.3.1/thumb/v7e-m/fpv4-sp/hard/crtn.o
 *(.fini)
 .fini          0x000000000800a3f0        0x4 c:/programfiles/stm32cubeide_1.0.1/stm32cubeide/plugins/com.st.stm32cube.ide.mcu.externaltools.gnu-tools-for-stm32.7-2018-q2-update.win32_1.0.0.201904181610/tools/bin/../lib/gcc/arm-none-eabi/7.3.1/thumb/v7e-m/fpv4-sp/hard/crti.o
                0x000000000800a3f0                _fini
 .fini          0x000000000800a3f4        0x8 c:/programfiles/stm32cubeide_1.0.1/stm32cubeide/plugins/com.st.stm32cube.ide.mcu.externaltools.gnu-tools-for-stm32.7-2018-q2-update.win32_1.0.0.201904181610/tools/bin/../lib/gcc/arm-none-eabi/7.3.1/thumb/v7e-m/fpv4-sp/hard/crtn.o
                0x000000000800a3fc                . = ALIGN (0x4)
                0x000000000800a3fc                _etext = .

.vfp11_veneer   0x000000000800a3fc        0x0
 .vfp11_veneer  0x000000000800a3fc        0x0 linker stubs

.v4_bx          0x000000000800a3fc        0x0
 .v4_bx         0x000000000800a3fc        0x0 linker stubs

.iplt           0x000000000800a3fc        0x0
 .iplt          0x000000000800a3fc        0x0 c:/programfiles/stm32cubeide_1.0.1/stm32cubeide/plugins/com.st.stm32cube.ide.mcu.externaltools.gnu-tools-for-stm32.7-2018-q2-update.win32_1.0.0.201904181610/tools/bin/../lib/gcc/arm-none-eabi/7.3.1/thumb/v7e-m/fpv4-sp/hard/crtbegin.o

.rodata         0x000000000800a3fc      0xcf0
                0x000000000800a3fc                . = ALIGN (0x4)
 *(.rodata)
 .rodata        0x000000000800a3fc      0xa01 Middlewares/ST/Application/SystemPerformance/Src/aiSystemPerformance.o
 *fill*         0x000000000800adfd        0x3 
 .rodata        0x000000000800ae00        0x8 Src/app_x-cube-ai.o
 .rodata        0x000000000800ae08       0x67 Src/network.o
 *fill*         0x000000000800ae6f        0x1 
 .rodata        0x000000000800ae70       0x70 ../Middlewares/ST/AI/Lib\NetworkRuntime400_CM4_GCC.a(ai_datatypes_format.o)
 .rodata        0x000000000800aee0       0x30 ../Middlewares/ST/AI/Lib\NetworkRuntime400_CM4_GCC.a(ai_datatypes_format.o)
 *(.rodata*)
 .rodata.networks
                0x000000000800af10       0x50 Src/app_x-cube-ai.o
 .rodata.dense_1_chain
                0x000000000800af60        0x8 Src/network.o
 .rodata.dense_1_nl_chain
                0x000000000800af68        0x8 Src/network.o
 .rodata.dense_2_chain
                0x000000000800af70        0x8 Src/network.o
 .rodata.dense_2_nl_chain
                0x000000000800af78        0x8 Src/network.o
 .rodata.dense_3_chain
                0x000000000800af80        0x8 Src/network.o
 .rodata.dense_3_nl_chain
                0x000000000800af88        0x8 Src/network.o
 .rodata.s_network_weights.5546
                0x000000000800af90       0x64 Src/network_data.o
 .rodata.AHBPrescTable
                0x000000000800aff4       0x10 Src/system_stm32f4xx.o
                0x000000000800aff4                AHBPrescTable
 .rodata.APBPrescTable
                0x000000000800b004        0x8 Src/system_stm32f4xx.o
                0x000000000800b004                APBPrescTable
 .rodata.__sf_fake_stderr
                0x000000000800b00c       0x20 c:/programfiles/stm32cubeide_1.0.1/stm32cubeide/plugins/com.st.stm32cube.ide.mcu.externaltools.gnu-tools-for-stm32.7-2018-q2-update.win32_1.0.0.201904181610/tools/bin/../lib/gcc/arm-none-eabi/7.3.1/../../../../arm-none-eabi/lib/thumb/v7e-m/fpv4-sp/hard\libc_nano.a(lib_a-findfp.o)
                0x000000000800b00c                __sf_fake_stderr
 .rodata.__sf_fake_stdin
                0x000000000800b02c       0x20 c:/programfiles/stm32cubeide_1.0.1/stm32cubeide/plugins/com.st.stm32cube.ide.mcu.externaltools.gnu-tools-for-stm32.7-2018-q2-update.win32_1.0.0.201904181610/tools/bin/../lib/gcc/arm-none-eabi/7.3.1/../../../../arm-none-eabi/lib/thumb/v7e-m/fpv4-sp/hard\libc_nano.a(lib_a-findfp.o)
                0x000000000800b02c                __sf_fake_stdin
 .rodata.__sf_fake_stdout
                0x000000000800b04c       0x20 c:/programfiles/stm32cubeide_1.0.1/stm32cubeide/plugins/com.st.stm32cube.ide.mcu.externaltools.gnu-tools-for-stm32.7-2018-q2-update.win32_1.0.0.201904181610/tools/bin/../lib/gcc/arm-none-eabi/7.3.1/../../../../arm-none-eabi/lib/thumb/v7e-m/fpv4-sp/hard\libc_nano.a(lib_a-findfp.o)
                0x000000000800b04c                __sf_fake_stdout
 .rodata._global_impure_ptr
                0x000000000800b06c        0x4 c:/programfiles/stm32cubeide_1.0.1/stm32cubeide/plugins/com.st.stm32cube.ide.mcu.externaltools.gnu-tools-for-stm32.7-2018-q2-update.win32_1.0.0.201904181610/tools/bin/../lib/gcc/arm-none-eabi/7.3.1/../../../../arm-none-eabi/lib/thumb/v7e-m/fpv4-sp/hard\libc_nano.a(lib_a-impure.o)
                0x000000000800b06c                _global_impure_ptr
 .rodata._vfprintf_r.str1.1
                0x000000000800b070       0x11 c:/programfiles/stm32cubeide_1.0.1/stm32cubeide/plugins/com.st.stm32cube.ide.mcu.externaltools.gnu-tools-for-stm32.7-2018-q2-update.win32_1.0.0.201904181610/tools/bin/../lib/gcc/arm-none-eabi/7.3.1/../../../../arm-none-eabi/lib/thumb/v7e-m/fpv4-sp/hard\libc_nano.a(lib_a-nano-vfprintf.o)
 .rodata._printf_i.str1.1
                0x000000000800b081       0x22 c:/programfiles/stm32cubeide_1.0.1/stm32cubeide/plugins/com.st.stm32cube.ide.mcu.externaltools.gnu-tools-for-stm32.7-2018-q2-update.win32_1.0.0.201904181610/tools/bin/../lib/gcc/arm-none-eabi/7.3.1/../../../../arm-none-eabi/lib/thumb/v7e-m/fpv4-sp/hard\libc_nano.a(lib_a-nano-vfprintf_i.o)
 .rodata.expf.str1.1
                0x000000000800b0a3        0x5 c:/programfiles/stm32cubeide_1.0.1/stm32cubeide/plugins/com.st.stm32cube.ide.mcu.externaltools.gnu-tools-for-stm32.7-2018-q2-update.win32_1.0.0.201904181610/tools/bin/../lib/gcc/arm-none-eabi/7.3.1/../../../../arm-none-eabi/lib/thumb/v7e-m/fpv4-sp/hard\libm.a(lib_a-wf_exp.o)
 .rodata.logf.str1.1
                0x000000000800b0a8        0x5 c:/programfiles/stm32cubeide_1.0.1/stm32cubeide/plugins/com.st.stm32cube.ide.mcu.externaltools.gnu-tools-for-stm32.7-2018-q2-update.win32_1.0.0.201904181610/tools/bin/../lib/gcc/arm-none-eabi/7.3.1/../../../../arm-none-eabi/lib/thumb/v7e-m/fpv4-sp/hard\libm.a(lib_a-wf_log.o)
                                          0x6 (size before relaxing)
 .rodata.powf.str1.1
                0x000000000800b0ad        0x5 c:/programfiles/stm32cubeide_1.0.1/stm32cubeide/plugins/com.st.stm32cube.ide.mcu.externaltools.gnu-tools-for-stm32.7-2018-q2-update.win32_1.0.0.201904181610/tools/bin/../lib/gcc/arm-none-eabi/7.3.1/../../../../arm-none-eabi/lib/thumb/v7e-m/fpv4-sp/hard\libm.a(lib_a-wf_pow.o)
 *fill*         0x000000000800b0b2        0x2 
 .rodata.halF   0x000000000800b0b4        0x8 c:/programfiles/stm32cubeide_1.0.1/stm32cubeide/plugins/com.st.stm32cube.ide.mcu.externaltools.gnu-tools-for-stm32.7-2018-q2-update.win32_1.0.0.201904181610/tools/bin/../lib/gcc/arm-none-eabi/7.3.1/../../../../arm-none-eabi/lib/thumb/v7e-m/fpv4-sp/hard\libm.a(lib_a-ef_exp.o)
 .rodata.ln2HI  0x000000000800b0bc        0x8 c:/programfiles/stm32cubeide_1.0.1/stm32cubeide/plugins/com.st.stm32cube.ide.mcu.externaltools.gnu-tools-for-stm32.7-2018-q2-update.win32_1.0.0.201904181610/tools/bin/../lib/gcc/arm-none-eabi/7.3.1/../../../../arm-none-eabi/lib/thumb/v7e-m/fpv4-sp/hard\libm.a(lib_a-ef_exp.o)
 .rodata.ln2LO  0x000000000800b0c4        0x8 c:/programfiles/stm32cubeide_1.0.1/stm32cubeide/plugins/com.st.stm32cube.ide.mcu.externaltools.gnu-tools-for-stm32.7-2018-q2-update.win32_1.0.0.201904181610/tools/bin/../lib/gcc/arm-none-eabi/7.3.1/../../../../arm-none-eabi/lib/thumb/v7e-m/fpv4-sp/hard\libm.a(lib_a-ef_exp.o)
 .rodata.__ieee754_powf.str1.1
                0x000000000800b0cc        0x1 c:/programfiles/stm32cubeide_1.0.1/stm32cubeide/plugins/com.st.stm32cube.ide.mcu.externaltools.gnu-tools-for-stm32.7-2018-q2-update.win32_1.0.0.201904181610/tools/bin/../lib/gcc/arm-none-eabi/7.3.1/../../../../arm-none-eabi/lib/thumb/v7e-m/fpv4-sp/hard\libm.a(lib_a-ef_pow.o)
 .rodata.bp     0x000000000800b0cc        0x8 c:/programfiles/stm32cubeide_1.0.1/stm32cubeide/plugins/com.st.stm32cube.ide.mcu.externaltools.gnu-tools-for-stm32.7-2018-q2-update.win32_1.0.0.201904181610/tools/bin/../lib/gcc/arm-none-eabi/7.3.1/../../../../arm-none-eabi/lib/thumb/v7e-m/fpv4-sp/hard\libm.a(lib_a-ef_pow.o)
 .rodata.dp_h   0x000000000800b0d4        0x8 c:/programfiles/stm32cubeide_1.0.1/stm32cubeide/plugins/com.st.stm32cube.ide.mcu.externaltools.gnu-tools-for-stm32.7-2018-q2-update.win32_1.0.0.201904181610/tools/bin/../lib/gcc/arm-none-eabi/7.3.1/../../../../arm-none-eabi/lib/thumb/v7e-m/fpv4-sp/hard\libm.a(lib_a-ef_pow.o)
 .rodata.dp_l   0x000000000800b0dc        0x8 c:/programfiles/stm32cubeide_1.0.1/stm32cubeide/plugins/com.st.stm32cube.ide.mcu.externaltools.gnu-tools-for-stm32.7-2018-q2-update.win32_1.0.0.201904181610/tools/bin/../lib/gcc/arm-none-eabi/7.3.1/../../../../arm-none-eabi/lib/thumb/v7e-m/fpv4-sp/hard\libm.a(lib_a-ef_pow.o)
 .rodata.TWO23  0x000000000800b0e4        0x8 c:/programfiles/stm32cubeide_1.0.1/stm32cubeide/plugins/com.st.stm32cube.ide.mcu.externaltools.gnu-tools-for-stm32.7-2018-q2-update.win32_1.0.0.201904181610/tools/bin/../lib/gcc/arm-none-eabi/7.3.1/../../../../arm-none-eabi/lib/thumb/v7e-m/fpv4-sp/hard\libm.a(lib_a-sf_rint.o)
                0x000000000800b0ec                . = ALIGN (0x4)

.ARM.extab      0x000000000800b0ec        0x0
                0x000000000800b0ec                . = ALIGN (0x4)
 *(.ARM.extab* .gnu.linkonce.armextab.*)
                0x000000000800b0ec                . = ALIGN (0x4)

.ARM            0x000000000800b0ec        0x8
                0x000000000800b0ec                . = ALIGN (0x4)
                0x000000000800b0ec                __exidx_start = .
 *(.ARM.exidx*)
 .ARM.exidx     0x000000000800b0ec        0x8 c:/programfiles/stm32cubeide_1.0.1/stm32cubeide/plugins/com.st.stm32cube.ide.mcu.externaltools.gnu-tools-for-stm32.7-2018-q2-update.win32_1.0.0.201904181610/tools/bin/../lib/gcc/arm-none-eabi/7.3.1/thumb/v7e-m/fpv4-sp/hard\libgcc.a(_udivmoddi4.o)
                0x000000000800b0f4                __exidx_end = .
                0x000000000800b0f4                . = ALIGN (0x4)

.rel.dyn        0x000000000800b0f4        0x0
 .rel.iplt      0x000000000800b0f4        0x0 c:/programfiles/stm32cubeide_1.0.1/stm32cubeide/plugins/com.st.stm32cube.ide.mcu.externaltools.gnu-tools-for-stm32.7-2018-q2-update.win32_1.0.0.201904181610/tools/bin/../lib/gcc/arm-none-eabi/7.3.1/thumb/v7e-m/fpv4-sp/hard/crtbegin.o

.preinit_array  0x000000000800b0f4        0x0
                0x000000000800b0f4                . = ALIGN (0x4)
                0x000000000800b0f4                PROVIDE (__preinit_array_start = .)
 *(.preinit_array*)
                0x000000000800b0f4                PROVIDE (__preinit_array_end = .)
                0x000000000800b0f4                . = ALIGN (0x4)

.init_array     0x000000000800b0f4        0x4
                0x000000000800b0f4                . = ALIGN (0x4)
                0x000000000800b0f4                PROVIDE (__init_array_start = .)
 *(SORT_BY_NAME(.init_array.*))
 *(.init_array*)
 .init_array    0x000000000800b0f4        0x4 c:/programfiles/stm32cubeide_1.0.1/stm32cubeide/plugins/com.st.stm32cube.ide.mcu.externaltools.gnu-tools-for-stm32.7-2018-q2-update.win32_1.0.0.201904181610/tools/bin/../lib/gcc/arm-none-eabi/7.3.1/thumb/v7e-m/fpv4-sp/hard/crtbegin.o
                0x000000000800b0f8                PROVIDE (__init_array_end = .)
                0x000000000800b0f8                . = ALIGN (0x4)

.fini_array     0x000000000800b0f8        0x4
                0x000000000800b0f8                . = ALIGN (0x4)
                [!provide]                        PROVIDE (__fini_array_start = .)
 *(SORT_BY_NAME(.fini_array.*))
 *(.fini_array*)
 .fini_array    0x000000000800b0f8        0x4 c:/programfiles/stm32cubeide_1.0.1/stm32cubeide/plugins/com.st.stm32cube.ide.mcu.externaltools.gnu-tools-for-stm32.7-2018-q2-update.win32_1.0.0.201904181610/tools/bin/../lib/gcc/arm-none-eabi/7.3.1/thumb/v7e-m/fpv4-sp/hard/crtbegin.o
                [!provide]                        PROVIDE (__fini_array_end = .)
                0x000000000800b0fc                . = ALIGN (0x4)
                0x000000000800b0fc                _sidata = LOADADDR (.data)

.data           0x0000000020000000      0x5a0 load address 0x000000000800b0fc
                0x0000000020000000                . = ALIGN (0x4)
                0x0000000020000000                _sdata = .
 *(.data)
 *(.data*)
 .data.uwTickPrio
                0x0000000020000000        0x4 Drivers/STM32F4xx_HAL_Driver/Src/stm32f4xx_hal.o
                0x0000000020000000                uwTickPrio
 .data.uwTickFreq
                0x0000000020000004        0x1 Drivers/STM32F4xx_HAL_Driver/Src/stm32f4xx_hal.o
                0x0000000020000004                uwTickFreq
 *fill*         0x0000000020000005        0x3 
 .data.profiling_factor
                0x0000000020000008        0x4 Middlewares/ST/Application/SystemPerformance/Src/aiSystemPerformance.o
 .data.g_network
                0x000000002000000c       0x50 Src/network.o
 .data.dense_3_bias_array
                0x000000002000005c       0x10 Src/network.o
 .data.dense_3_weights_array
                0x000000002000006c       0x10 Src/network.o
 .data.dense_2_bias_array
                0x000000002000007c       0x10 Src/network.o
 .data.dense_2_weights_array
                0x000000002000008c       0x10 Src/network.o
 .data.dense_1_bias_array
                0x000000002000009c       0x10 Src/network.o
 .data.dense_1_weights_array
                0x00000000200000ac       0x10 Src/network.o
 .data.input_0_output_array
                0x00000000200000bc       0x10 Src/network.o
 .data.dense_1_output_array
                0x00000000200000cc       0x10 Src/network.o
 .data.dense_1_nl_output_array
                0x00000000200000dc       0x10 Src/network.o
 .data.dense_2_output_array
                0x00000000200000ec       0x10 Src/network.o
 .data.dense_2_nl_output_array
                0x00000000200000fc       0x10 Src/network.o
 .data.dense_3_output_array
                0x000000002000010c       0x10 Src/network.o
 .data.dense_3_nl_output_array
                0x000000002000011c       0x10 Src/network.o
 .data.dense_3_bias
                0x000000002000012c       0x24 Src/network.o
 .data.dense_3_weights
                0x0000000020000150       0x24 Src/network.o
 .data.dense_2_bias
                0x0000000020000174       0x24 Src/network.o
 .data.dense_2_weights
                0x0000000020000198       0x24 Src/network.o
 .data.dense_1_bias
                0x00000000200001bc       0x24 Src/network.o
 .data.dense_1_weights
                0x00000000200001e0       0x24 Src/network.o
 .data.input_0_output
                0x0000000020000204       0x24 Src/network.o
 .data.dense_1_output
                0x0000000020000228       0x24 Src/network.o
 .data.dense_1_nl_output
                0x000000002000024c       0x24 Src/network.o
 .data.dense_2_output
                0x0000000020000270       0x24 Src/network.o
 .data.dense_2_nl_output
                0x0000000020000294       0x24 Src/network.o
 .data.dense_3_output
                0x00000000200002b8       0x24 Src/network.o
 .data.dense_3_nl_output
                0x00000000200002dc       0x24 Src/network.o
 .data.dense_1_layer
                0x0000000020000300       0x18 Src/network.o
 .data.dense_1_nl_layer
                0x0000000020000318       0x1c Src/network.o
 .data.dense_2_layer
                0x0000000020000334       0x18 Src/network.o
 .data.dense_2_nl_layer
                0x000000002000034c       0x1c Src/network.o
 .data.dense_3_layer
                0x0000000020000368       0x18 Src/network.o
 .data.dense_3_nl_layer
                0x0000000020000380       0x1c Src/network.o
 .data.__compound_literal.0
                0x000000002000039c        0x4 Src/network.o
 .data.__compound_literal.1
                0x00000000200003a0        0x4 Src/network.o
 .data.__compound_literal.2
                0x00000000200003a4        0x8 Src/network.o
 .data.__compound_literal.4
                0x00000000200003ac       0x30 Src/network.o
 .data.__compound_literal.5
                0x00000000200003dc        0x4 Src/network.o
 .data.__compound_literal.6
                0x00000000200003e0        0x4 Src/network.o
 .data.__compound_literal.9
                0x00000000200003e4       0x30 Src/network.o
 .data.__compound_literal.10
                0x0000000020000414        0x4 Src/network.o
 .data.__compound_literal.11
                0x0000000020000418        0x4 Src/network.o
 .data.__compound_literal.12
                0x000000002000041c        0x8 Src/network.o
 .data.__compound_literal.14
                0x0000000020000424       0x30 Src/network.o
 .data.__compound_literal.15
                0x0000000020000454        0x4 Src/network.o
 .data.__compound_literal.16
                0x0000000020000458        0x4 Src/network.o
 .data.__compound_literal.19
                0x000000002000045c       0x30 Src/network.o
 .data.__compound_literal.20
                0x000000002000048c        0x4 Src/network.o
 .data.__compound_literal.21
                0x0000000020000490        0x4 Src/network.o
 .data.__compound_literal.22
                0x0000000020000494        0x8 Src/network.o
 .data.__compound_literal.24
                0x000000002000049c       0x30 Src/network.o
 .data.__compound_literal.25
                0x00000000200004cc        0x4 Src/network.o
 .data.__compound_literal.26
                0x00000000200004d0        0x4 Src/network.o
 .data.__compound_literal.29
                0x00000000200004d4       0x30 Src/network.o
 .data.__compound_literal.30
                0x0000000020000504        0x4 Src/network.o
 .data.__compound_literal.33
                0x0000000020000508        0x8 Src/network.o
 .data.__compound_literal.34
                0x0000000020000510        0x4 Src/network.o
 .data.__compound_literal.37
                0x0000000020000514        0x8 Src/network.o
 .data.__compound_literal.38
                0x000000002000051c       0x18 Src/network.o
 .data.SystemCoreClock
                0x0000000020000534        0x4 Src/system_stm32f4xx.o
                0x0000000020000534                SystemCoreClock
 .data._impure_ptr
                0x0000000020000538        0x4 c:/programfiles/stm32cubeide_1.0.1/stm32cubeide/plugins/com.st.stm32cube.ide.mcu.externaltools.gnu-tools-for-stm32.7-2018-q2-update.win32_1.0.0.201904181610/tools/bin/../lib/gcc/arm-none-eabi/7.3.1/../../../../arm-none-eabi/lib/thumb/v7e-m/fpv4-sp/hard\libc_nano.a(lib_a-impure.o)
                0x0000000020000538                _impure_ptr
 .data.impure_data
                0x000000002000053c       0x60 c:/programfiles/stm32cubeide_1.0.1/stm32cubeide/plugins/com.st.stm32cube.ide.mcu.externaltools.gnu-tools-for-stm32.7-2018-q2-update.win32_1.0.0.201904181610/tools/bin/../lib/gcc/arm-none-eabi/7.3.1/../../../../arm-none-eabi/lib/thumb/v7e-m/fpv4-sp/hard\libc_nano.a(lib_a-impure.o)
 .data.__fdlib_version
                0x000000002000059c        0x1 c:/programfiles/stm32cubeide_1.0.1/stm32cubeide/plugins/com.st.stm32cube.ide.mcu.externaltools.gnu-tools-for-stm32.7-2018-q2-update.win32_1.0.0.201904181610/tools/bin/../lib/gcc/arm-none-eabi/7.3.1/../../../../arm-none-eabi/lib/thumb/v7e-m/fpv4-sp/hard\libm.a(lib_a-s_lib_ver.o)
                0x000000002000059c                __fdlib_version
                0x00000000200005a0                . = ALIGN (0x4)
 *fill*         0x000000002000059d        0x3 
                0x00000000200005a0                _edata = .

.igot.plt       0x00000000200005a0        0x0 load address 0x000000000800b69c
 .igot.plt      0x00000000200005a0        0x0 c:/programfiles/stm32cubeide_1.0.1/stm32cubeide/plugins/com.st.stm32cube.ide.mcu.externaltools.gnu-tools-for-stm32.7-2018-q2-update.win32_1.0.0.201904181610/tools/bin/../lib/gcc/arm-none-eabi/7.3.1/thumb/v7e-m/fpv4-sp/hard/crtbegin.o
                0x00000000200005a0                . = ALIGN (0x4)

.bss            0x00000000200005a0      0x1c0 load address 0x000000000800b69c
                0x00000000200005a0                _sbss = .
                0x00000000200005a0                __bss_start__ = _sbss
 *(.bss)
 .bss           0x00000000200005a0       0x1c c:/programfiles/stm32cubeide_1.0.1/stm32cubeide/plugins/com.st.stm32cube.ide.mcu.externaltools.gnu-tools-for-stm32.7-2018-q2-update.win32_1.0.0.201904181610/tools/bin/../lib/gcc/arm-none-eabi/7.3.1/thumb/v7e-m/fpv4-sp/hard/crtbegin.o
 *(.bss*)
 .bss.ia_malloc
                0x00000000200005bc       0x14 Middlewares/ST/Application/SystemPerformance/Src/aiSystemPerformance.o
 .bss.net_ctx   0x00000000200005d0       0x70 Middlewares/ST/Application/SystemPerformance/Src/aiSystemPerformance.o
                0x00000000200005d0                net_ctx
 .bss.activations
                0x0000000020000640       0x18 Middlewares/ST/Application/SystemPerformance/Src/aiSystemPerformance.o
 .bss.in_data   0x0000000020000658        0x8 Middlewares/ST/Application/SystemPerformance/Src/aiSystemPerformance.o
 .bss.out_data  0x0000000020000660        0x4 Middlewares/ST/Application/SystemPerformance/Src/aiSystemPerformance.o
 .bss.profiling_mode
                0x0000000020000664        0x1 Middlewares/ST/Application/SystemPerformance/Src/aiSystemPerformance.o
 *fill*         0x0000000020000665        0x3 
 .bss.gnetworks
                0x0000000020000668       0x30 Src/app_x-cube-ai.o
 .bss.__compound_literal.3
                0x0000000020000698        0x4 Src/network.o
 .bss.__compound_literal.7
                0x000000002000069c        0x4 Src/network.o
 .bss.__compound_literal.8
                0x00000000200006a0        0x4 Src/network.o
 .bss.__compound_literal.13
                0x00000000200006a4        0x4 Src/network.o
 .bss.__compound_literal.17
                0x00000000200006a8        0x4 Src/network.o
 .bss.__compound_literal.18
                0x00000000200006ac        0x4 Src/network.o
 .bss.__compound_literal.23
                0x00000000200006b0        0x4 Src/network.o
 .bss.__compound_literal.27
                0x00000000200006b4        0x4 Src/network.o
 .bss.__compound_literal.28
                0x00000000200006b8        0x4 Src/network.o
 .bss.__compound_literal.31
                0x00000000200006bc       0x14 Src/network.o
 .bss.__compound_literal.32
                0x00000000200006d0       0x10 Src/network.o
 .bss.__compound_literal.35
                0x00000000200006e0       0x14 Src/network.o
 .bss.__compound_literal.36
                0x00000000200006f4       0x10 Src/network.o
 .bss.heap_end.6424
                0x0000000020000704        0x4 Src/sysmem.o
 .bss.__malloc_free_list
                0x0000000020000708        0x4 c:/programfiles/stm32cubeide_1.0.1/stm32cubeide/plugins/com.st.stm32cube.ide.mcu.externaltools.gnu-tools-for-stm32.7-2018-q2-update.win32_1.0.0.201904181610/tools/bin/../lib/gcc/arm-none-eabi/7.3.1/../../../../arm-none-eabi/lib/thumb/v7e-m/fpv4-sp/hard\libc_nano.a(lib_a-nano-mallocr.o)
                0x0000000020000708                __malloc_free_list
 .bss.__malloc_sbrk_start
                0x000000002000070c        0x4 c:/programfiles/stm32cubeide_1.0.1/stm32cubeide/plugins/com.st.stm32cube.ide.mcu.externaltools.gnu-tools-for-stm32.7-2018-q2-update.win32_1.0.0.201904181610/tools/bin/../lib/gcc/arm-none-eabi/7.3.1/../../../../arm-none-eabi/lib/thumb/v7e-m/fpv4-sp/hard\libc_nano.a(lib_a-nano-mallocr.o)
                0x000000002000070c                __malloc_sbrk_start
 *(COMMON)
 COMMON         0x0000000020000710        0x4 Drivers/STM32F4xx_HAL_Driver/Src/stm32f4xx_hal.o
                0x0000000020000710                uwTick
 COMMON         0x0000000020000714       0x48 Src/main.o
                0x0000000020000714                hcrc
                0x000000002000071c                huart2
 COMMON         0x000000002000075c        0x4 c:/programfiles/stm32cubeide_1.0.1/stm32cubeide/plugins/com.st.stm32cube.ide.mcu.externaltools.gnu-tools-for-stm32.7-2018-q2-update.win32_1.0.0.201904181610/tools/bin/../lib/gcc/arm-none-eabi/7.3.1/../../../../arm-none-eabi/lib/thumb/v7e-m/fpv4-sp/hard\libc_nano.a(lib_a-reent.o)
                0x000000002000075c                errno
                0x0000000020000760                . = ALIGN (0x4)
                0x0000000020000760                _ebss = .
                0x0000000020000760                __bss_end__ = _ebss

._user_heap_stack
                0x0000000020000760      0x600 load address 0x000000000800b69c
                0x0000000020000760                . = ALIGN (0x8)
                0x0000000020000760                PROVIDE (end = .)
                [!provide]                        PROVIDE (_end = .)
                0x0000000020000960                . = (. + _Min_Heap_Size)
 *fill*         0x0000000020000760      0x200 
                0x0000000020000d60                . = (. + _Min_Stack_Size)
 *fill*         0x0000000020000960      0x400 
                0x0000000020000d60                . = ALIGN (0x8)

/DISCARD/
 libc.a(*)
 libm.a(*)
 libgcc.a(*)

.ARM.attributes
                0x0000000000000000       0x34
 *(.ARM.attributes)
 .ARM.attributes
                0x0000000000000000       0x22 c:/programfiles/stm32cubeide_1.0.1/stm32cubeide/plugins/com.st.stm32cube.ide.mcu.externaltools.gnu-tools-for-stm32.7-2018-q2-update.win32_1.0.0.201904181610/tools/bin/../lib/gcc/arm-none-eabi/7.3.1/thumb/v7e-m/fpv4-sp/hard/crti.o
 .ARM.attributes
                0x0000000000000022       0x34 c:/programfiles/stm32cubeide_1.0.1/stm32cubeide/plugins/com.st.stm32cube.ide.mcu.externaltools.gnu-tools-for-stm32.7-2018-q2-update.win32_1.0.0.201904181610/tools/bin/../lib/gcc/arm-none-eabi/7.3.1/thumb/v7e-m/fpv4-sp/hard/crtbegin.o
 .ARM.attributes
                0x0000000000000056       0x39 Drivers/CMSIS/DSP/Source/BasicMathFunctions/arm_dot_prod_f32.o
 .ARM.attributes
                0x000000000000008f       0x39 Drivers/CMSIS/DSP/Source/MatrixFunctions/arm_mat_init_f32.o
 .ARM.attributes
                0x00000000000000c8       0x39 Drivers/STM32F4xx_HAL_Driver/Src/stm32f4xx_hal.o
 .ARM.attributes
                0x0000000000000101       0x39 Drivers/STM32F4xx_HAL_Driver/Src/stm32f4xx_hal_cortex.o
 .ARM.attributes