aiTestUtility.c:77:6:crcIpInit	16	static
aiTestUtility.c:91:6:dwtIpInit	4	static
aiTestUtility.c:103:6:dwtReset	4	static
aiTestUtility.c:108:10:dwtGetCycles	4	static
aiTestUtility.c:113:10:systemCoreClock	8	static
aiTestUtility.c:122:5:dwtCyclesToTime	80	static
aiTestUtility.c:140:7:dwtCyclesToFloatMs	24	static
aiTestUtility.c:149:29:devIdToStr	24	static
aiTestUtility.c:169:29:bitToStr	16	static
aiTestUtility.c:181:10:getFlashCacheConf	4	static
aiTestUtility.c:186:6:logDeviceConf	40	static
aiTestUtility.c:273:10:disableInts	16	static,ignoring_inline_asm
aiTestUtility.c:283:6:restoreInts	24	static,ignoring_inline_asm
aiTestUtility.c:296:6:ioDisableWrite	4	static
aiTestUtility.c:323:5:_write	32	static
aiTestUtility.c:407:7:__wrap_malloc	24	static
aiTestUtility.c:426:6:__wrap_free	16	static
aiTestUtility.c:447:6:aiLogErr	16	static
aiTestUtility.c:456:8:aiBufferSize	16	static
aiTestUtility.c:461:22:aiPrintLayoutBuffer	40	static
aiTestUtility.c:485:6:aiPrintNetworkInfo	32	static
aiTestUtility.c:522:6:aiTestHeader	24	static
aiTestUtility.c:563:13:write_packet	16	static
aiTestUtility.c:573:6:ioFlushWrite	8	static
aiTestUtility.c:580:13:write_callback	32	static
aiTestUtility.c:612:13:read_packet	16	static
aiTestUtility.c:624:6:ioFlushRead	4	static
aiTestUtility.c:630:13:read_callback	40	static
aiTestUtility.c:709:14:pb_ostream_to_uart	48	static
aiTestUtility.c:715:14:pb_istream_from_uart	32	static
