aiValidation.c:133:13:aiOnExecNode_cb	64	static
aiValidation.c:167:36:aiExecCtx	32	static
aiValidation.c:194:6:aiSetPbContext	24	static
aiValidation.c:206:12:aiBootstrap	72	static
aiValidation.c:249:12:aiInspectorGetReport	24	static
aiValidation.c:267:13:aiInspectorSendReport	40	static
aiValidation.c:289:13:aiInspectorUnBind	16	static
aiValidation.c:304:12:aiInspectorBind	24	static
aiValidation.c:329:12:aiInspectorInitAndBind	88	static
aiValidation.c:378:12:aiInspectorUnbindAndDestroy	16	static
aiValidation.c:390:12:aiInit	40	static
aiValidation.c:429:13:aiDeInit	16	static
aiValidation.c:453:6:aiPbCmdNNInfo	40	static
aiValidation.c:468:6:aiPbCmdNNRun	104	static
aiValidation.c:565:12:aiValidationCore	8	static
aiValidation.c:590:5:aiValidationInit	8	static
aiValidation.c:603:5:aiValidationProcess	16	static
aiValidation.c:634:6:aiValidationDeInit	8	static
